bsh
-sh: 2: bsh: not found
$ bash
[?2004htester@LC1UNVME:~/Projects/goldeneye$ telnet [Ktester@LC1UNVME:~/Projects/goldeneye$ telnet [KM[Ktester@LC1UNVME:~/Projects/goldeneye$ telnet [K[K[K[Kte[K[K[Klnet 172.25.27.3 2032
[?2004lTrying 172.25.27.3...
Connected to 172.25.27.3.
Escape character is '^]'.

Authentication f
****************************************************************************

Welcome to Cisco Integrated Management Controller's Interactive Debug.
Please provide your credentials in order to proceed.

****************************************************************************

login: 
Authentication f

****************************************************************************

Welcome to Cisco Integrated Management Controller's Interactive Debug.
Please provide your credentials in order to proceed.

********************************

****************************************************************************

Welcome to Cisco Integrated Management Controller's Interactive Debug.
Please provide your credentials in order to proceed.

****************************************************************************

login: Authentication f
****************************************************************************

Welcome to Cisco Integrated Management Controller's Interactive Debug.
Please provide your credentials in order to proceed.

****************************************************************************

login: admin
Password:  

Generating Challenge..................................... 
Challenge String (Please copy everything between the asterisk lines exclusively):
*****************************************************************************************
kWbicQAAAQYBAAQAAAABAgAEAAAAAAMACPF+aueN5P0PBAAQwb299u+z2rNWytzbcoFvGAUABAAAAAoGAAdDSU1DX0NUBwAFTTdfQ1QIAAxVQ1NYLTIxMEMtTTcJAAtGQ0gyNzI4NzFLMg==
*****************************************************************************************

Please input the response when you are ready .........................
m9IvVQAAAQYBAAQAAAABAgAEAAAAAAMBYlJWczJVbmVRTm1YeEV4eHNEdmVDT0dmaVNaZVNiU2lYQVloYXdEUGNITDZTbXFvTFZ5b3F6dEIvVFJSTXI0d0sNCjhyLzZKTzlvRXk5Z1RQV2xqR0EvZUZyek9rVmFaS2hldmRBdjc5ZmYwYVJrdnNvM0RiRUV2UERpcXhlNGY5SVoNCnRVMlI5MmhTcVZRRlhYRmZrS3A1Ni82T05xblJPcTlZWDR4emsyOWQwdTBvWFQ0K1lZRlV1WkZvK2pKeURLbysNClBDSytUUDhjdWRjRkw1SURVUUpPUFp6ZERpbERJSk1xc01EZjlMNUNTOXlPQkI1eCtDTEVDeVNZaVdxcGhZNVgNCk00TUs4UVhSSnFIVzhRK2M4K1ZSeWtCMGFOaXg4cGJFRjM2QjNoRUxkdURwbmgyRmh3ZVdNM0dHYXJsUkZmbjINCjgvbDIzSWE1TG5JZTZuOStSVHluL1E9PQ==
Response Signature Verified successfully ! 
Hello Cisco Technical Assistance Center(Cisco TAC).
Welcome to CIMC bash shell!!!!
Thu Jan 01 00:46:23 IBMC-SLOT[2] # set
BASH=/bin/bash
BASHOPTS=cmdhist:complete_fullquote:expand_aliases:extquote:force_fignore:hostcomplete:interactive_comments:login_shell:progcomp:promptvars:sourcepath
BASH_ALIASES=()
BASH_ARGC=()
BASH_ARGV=()
BASH_CMDS=()
BASH_LINENO=()
BASH_SOURCE=()
BASH_VERSINFO=([0]="4" [1]="4" [2]="23" [3]="1" [4]="release" [5]="armv7-aarch32_v1-linux-gnueabihf")
BASH_VERSION='4.4.23(1)-release'
COLUMNS=80
CORE_DUMP_DIR=/mnt/scratchpad/core/dumps
CORE_TAR_DIR=/mnt/scratchpad/core/tars
DIRSTACK=()
EUID=0
GROUPS=()
HISTCONTROL=ignoreboth
HISTFILE=/root/.bash_history
HISTFILESIZE=500
HISTSIZE=500
HISTTIMEFORMAT='%c '
HOME=/root
HOSTNAME=CISCO-IBMC
HOSTTYPE=armv7
IDENTITY_INFO_FILE=/var/identity_info
IFS=$' \t\n'
LINES=24
LOGNAME=root
MACHTYPE=armv7-aarch32_v1-linux-gnueabihf
MAILCHECK=60
OPTERR=1
OPTIND=1
OSTYPE=linux-gnueabihf
PATH=/bin:/sbin:/usr/bin:/usr/sbin:/usr/local/bin:/usr/local/sbin
PIPESTATUS=([0]="0")
PPID=16746
PS1='\d \t IBMC-SLOT[2] # '
PS2='> '
PS4='+ '
PWD=/root
PYTHONPATH=/usr/local/lib/python310.zip:/usr/local/lib/python3.10:/usr/local/lib/python3.10/lib-dynload:/usr/local/lib/python3.10/site-packages
PYTHONPYCACHEPREFIX=/tmp/pycache
SECURE_LOGIN_USERNAME='Cisco TAC'
SHELL=/bin/bash
SHELLOPTS=braceexpand:emacs:hashall:histexpand:history:interactive-comments
SHLVL=2
TERM=dumb
TMOUT=600
UID=0
USER=root
VIC_CORE_DUMP_DIR=/mnt/scratchpad/vic_core_uploads
_='Welcome to CIMC bash shell!!!!'
Thu Jan 01 00:46:25 IBMC-SLOT[2] # vi /etc/bashrc 
[?1049h[H[J[1;1Hexport TMOUT=600;[2;1Hreadonly TMOUT;[3;1Hreadonly SECURE_LOGIN_USERNAME;[4;1Hexport PATH=/bin:/sbin:/usr/bin:/usr/sbin:/usr/local/bin:/usr/local/sbin[5;1Hexport PS1="\d \t IBMC-SLOT["`/etc/scripts/getslotid.sh`"] # "[6;1Hexport HISTTIMEFORMAT="%c ";[7;1Hulimit -Sc unlimited[8;1Hulimit -Hc unlimited[9;1Hset histappend[11;1H# Stops same command from being displayed twice when pressing 'up' arrow[12;1Hexport HISTCONTROL=ignoreboth[13;1Halias ll="ls -lh --color=auto"[14;1Hexport HOME="/root"[15;1Hexport PYTHONPATH=/usr/local/lib/python310.zip:/usr/local/lib/python3.10:/usr/lo[16;1H~[17;1H~[18;1H~[19;1H~[20;1H~[21;1H~[22;1H~[23;1H~[1;1H[24;1H[K- /etc/bashrc 1/15 6%[1;1H[1;2H[1;3H[1;4H[1;5H[1;6H[1;7H[1;8H[1;9H[1;10H[1;11H[1;12H[1;13H[1;14H[1;15H[1;14H[1;15H[1;16H[1;15H[1;14H[1;14H00; [1;14H[24;1H[K- /etc/bashrc [Modified] 1/15 6%[1;14H[1;14H[24;1H[K- /etc/bashrc [Modified] 1/15 6%[1;14H[24;1H[K:wq[1;14H[1;14H[24;1H[K'/etc/bashrc' 15L, 593C[1;14H[24;1H[K[?1049lThu Jan 01 00:46:36 IBMC-SLOT[2] # exit
logout
Performing Clean Up. Please wait.
Performing Setup for Clean up phases: Success
Performing First Phase Cleanup: Success
Performing Second Phase Cleanup: Success
Performing Final Phase Cleanup: Success
Goodbye and have a nice day!!

****************************************************************************

Welcome to Cisco Integrated Management Controller's Interactive Debug.
Please provide your credentials in order to proceed.

****************************************************************************

login: sld\dls/
Authentication f
****************************************************************************

Welcome to Cisco Integrated Management Controller's Interactive Debug.
Please provide your credentials in order to proceed.

****************************************************************************

login: admin
Password:  

Generating Challenge..................................... 
Challenge String (Please copy everything between the asterisk lines exclusively):
*****************************************************************************************
h1M98QAAAQYBAAQAAAABAgAEAAAAAAMACPF+aueN5P0QBAAQYIk/jf25v2p3RVsQhCmMQAUABAAAAAoGAAdDSU1DX0NUBwAFTTdfQ1QIAAxVQ1NYLTIxMEMtTTcJAAtGQ0gyNzI4NzFLMg==
*****************************************************************************************

Please input the response when you are ready .........................
j+1ViQAAAQYBAAQAAAABAgAEAAAAAAMBYm5TVmFlTmRMajdpdmJGdnlyTVpwQ1hpSHJnTGZJQXRRVi9HU0NsUUpKQmJwTkhjM2p5T3lVa25nV1IzdHpQSXQNCnRLb2NVVGpkTm5ma0lwSWFuS2dMdzlFay9WWFZtcEg3ZnFVZk9RdTZ2NVJoTmw5YzIwUllUeVpuYXB4Zml1YUgNCnVzVTdqa25VcW1udkNsZkF2VzB6b3pNN0JMZzhCTHdGMElNSi9qRVg0WUlGZmNRZ2d1ZlJhNmJUZmFIMDh5aHkNCkE1ODBrN2hPU0E3eHhad3YxRnNLZnVWZno1aWNyZE1rdkFhcU81UmNFV1VEMFRBbUtNMkEwSVN3L2UvUk45clYNCjYvNlBhbHl0aW0rd1dPK3k3bjVpMVdrOWRRa3p0QlpRanNHKzNEOVRadVNvKzg4d29BbmJLaXNOdDRUR1lZZnMNClRCN1lEeVI0d29MN0xoOG9SZFo1WUE9PQ==
Response Signature Verified successfully ! 
Hello Cisco Technical Assistance Center(Cisco TAC).
Welcome to CIMC bash shell!!!!
Thu Jan 01 00:47:01 IBMC-SLOT[2] # set
BASH=/bin/bash
BASHOPTS=cmdhist:complete_fullquote:expand_aliases:extquote:force_fignore:hostcomplete:interactive_comments:login_shell:progcomp:promptvars:sourcepath
BASH_ALIASES=()
BASH_ARGC=()
BASH_ARGV=()
BASH_CMDS=()
BASH_LINENO=()
BASH_SOURCE=()
BASH_VERSINFO=([0]="4" [1]="4" [2]="23" [3]="1" [4]="release" [5]="armv7-aarch32_v1-linux-gnueabihf")
BASH_VERSION='4.4.23(1)-release'
COLUMNS=80
CORE_DUMP_DIR=/mnt/scratchpad/core/dumps
CORE_TAR_DIR=/mnt/scratchpad/core/tars
DIRSTACK=()
EUID=0
GROUPS=()
HISTCONTROL=ignoreboth
HISTFILE=/root/.bash_history
HISTFILESIZE=500
HISTSIZE=500
HISTTIMEFORMAT='%c '
HOME=/root
HOSTNAME=CISCO-IBMC
HOSTTYPE=armv7
IDENTITY_INFO_FILE=/var/identity_info
IFS=$' \t\n'
LINES=24
LOGNAME=root
MACHTYPE=armv7-aarch32_v1-linux-gnueabihf
MAILCHECK=60
OPTERR=1
OPTIND=1
OSTYPE=linux-gnueabihf
PATH=/bin:/sbin:/usr/bin:/usr/sbin:/usr/local/bin:/usr/local/sbin
PIPESTATUS=([0]="0")
PPID=20240
PS1='\d \t IBMC-SLOT[2] # '
PS2='> '
PS4='+ '
PWD=/root
PYTHONPATH=/usr/local/lib/python310.zip:/usr/local/lib/python3.10:/usr/local/lib/python3.10/lib-dynload:/usr/local/lib/python3.10/site-packages
PYTHONPYCACHEPREFIX=/tmp/pycache
SECURE_LOGIN_USERNAME='Cisco TAC'
SHELL=/bin/bash
SHELLOPTS=braceexpand:emacs:hashall:histexpand:history:interactive-comments
SHLVL=2
TERM=dumb
TMOUT=00
UID=0
USER=root
VIC_CORE_DUMP_DIR=/mnt/scratchpad/vic_core_uploads
_='Welcome to CIMC bash shell!!!!'
Thu Jan 01 00:47:25 IBMC-SLOT[2] # set
BASH=/bin/bash
BASHOPTS=cmdhist:complete_fullquote:expand_aliases:extquote:force_fignore:hostcomplete:interactive_comments:login_shell:progcomp:promptvars:sourcepath
BASH_ALIASES=()
BASH_ARGC=()
BASH_ARGV=()
BASH_CMDS=()
BASH_LINENO=()
BASH_SOURCE=()
BASH_VERSINFO=([0]="4" [1]="4" [2]="23" [3]="1" [4]="release" [5]="armv7-aarch32_v1-linux-gnueabihf")
BASH_VERSION='4.4.23(1)-release'
COLUMNS=80
CORE_DUMP_DIR=/mnt/scratchpad/core/dumps
CORE_TAR_DIR=/mnt/scratchpad/core/tars
DIRSTACK=()
EUID=0
GROUPS=()
HISTCONTROL=ignoreboth
HISTFILE=/root/.bash_history
HISTFILESIZE=500
HISTSIZE=500
HISTTIMEFORMAT='%c '
HOME=/root
HOSTNAME=CISCO-IBMC
HOSTTYPE=armv7
IDENTITY_INFO_FILE=/var/identity_info
IFS=$' \t\n'
LINES=24
LOGNAME=root
MACHTYPE=armv7-aarch32_v1-linux-gnueabihf
MAILCHECK=60
OPTERR=1
OPTIND=1
OSTYPE=linux-gnueabihf
PATH=/bin:/sbin:/usr/bin:/usr/sbin:/usr/local/bin:/usr/local/sbin
PIPESTATUS=([0]="0")
PPID=20240
PS1='\d \t IBMC-SLOT[2] # '
PS2='> '
PS4='+ '
PWD=/root
PYTHONPATH=/usr/local/lib/python310.zip:/usr/local/lib/python3.10:/usr/local/lib/python3.10/lib-dynload:/usr/local/lib/python3.10/site-packages
PYTHONPYCACHEPREFIX=/tmp/pycache
SECURE_LOGIN_USERNAME='Cisco TAC'
SHELL=/bin/bash
SHELLOPTS=braceexpand:emacs:hashall:histexpand:history:interactive-comments
SHLVL=2
TERM=dumb
TMOUT=00
UID=0
USER=root
VIC_CORE_DUMP_DIR=/mnt/scratchpad/vic_core_uploads
_=set
Thu Jan 01 00:49:23 IBMC-SLOT[2] # ^[[A\A[
Unexpected character inputted: 0
****************************************************************************

Welcome to Cisco Integrated Management Controller's Interactive Debug.
Please p
****************************************************************************

Welcome to Cisco Integrated Management Controller's Interactive Debug.
Please provide your credentials in order to proceed.

****************

****************************************************************************

Welcome to Cisco Integrated Management Controller's Interactive Debug.
Please provide your cred
****************************************************************************

Welcome to Cisco Integrated Management Controller's Interactive Debug.
Please provide your credentials in order to proceed.

****************************************************************************

login: admin
Password:  

Generating Challenge..................................... 
Challenge String (Please copy everything between the asterisk lines exclusively):
*****************************************************************************************
vC8JWAAAAQYBAAQAAAABAgAEAAAAAAMACPF+aueN5P0RBAAQcP3hDawO2zHW4UabJCtKMwUABAAAAAoGAAdDSU1DX0NUBwAFTTdfQ1QIAAxVQ1NYLTIxMEMtTTcJAAtGQ0gyNzI4NzFLMg==
*****************************************************************************************

Please input the response when you are ready .........................
6XrP2QAAAQYBAAQAAAABAgAEAAAAAAMBYkY3UmZ1OXlRYjB4QlExKzFBR21JM2FyMzZzWjdZS3A4dlN1czVYeXpRR3ZaUTZWcDNTSHg5RzlScHNna1NRQnINCm82SVY0TEFCcUk0RlFSZ2dnZTNMaHVKY2o2M2tyQXF4eEUvTjdkVDNNYWFXcEhHVTdDSlBPTytLLzBGTGJ3YSsNCmVqdVRYUnhocG5Jc1pjOGFCT05EYUIyNzRGTG5tWkR3L2M5NUVFcE13cDRWWDJrbGlTeC9rOVowZkdJbDM1L0MNCkhYRjRoQ0NXakNQSFBPbWw2Tmp1MktnT2t4OUxEdStQcXhONFpkZjFES1laSllhUEk2V2lxUEhZY2xNWSsyOUMNClVkUFkxTmJ6RVc4WHdZTWVmcHhEN0kyWmsydGswckFQeEtkSGV3RjNRdUpibHM3RUdFdzhtR1VrSUlRSnhJTEsNCitXekorTC9wenhzNjhTb0tsYTN5clE9PQ==
Response Signature Verified successfully ! 
Hello Cisco Technical Assistance Center(Cisco TAC).
Welcome to CIMC bash shell!!!!
Mon Sep 22 22:20:41 IBMC-SLOT[2] # set
BASH=/bin/bash
BASHOPTS=cmdhist:complete_fullquote:expand_aliases:extquote:force_fignore:hostcomplete:interactive_comments:login_shell:progcomp:promptvars:sourcepath
BASH_ALIASES=()
BASH_ARGC=()
BASH_ARGV=()
BASH_CMDS=()
BASH_LINENO=()
BASH_SOURCE=()
BASH_VERSINFO=([0]="4" [1]="4" [2]="23" [3]="1" [4]="release" [5]="armv7-aarch32_v1-linux-gnueabihf")
BASH_VERSION='4.4.23(1)-release'
COLUMNS=80
CORE_DUMP_DIR=/mnt/scratchpad/core/dumps
CORE_TAR_DIR=/mnt/scratchpad/core/tars
DIRSTACK=()
EUID=0
GROUPS=()
HISTCONTROL=ignoreboth
HISTFILE=/root/.bash_history
HISTFILESIZE=500
HISTSIZE=500
HISTTIMEFORMAT='%c '
HOME=/root
HOSTNAME=CISCO-IBMC
HOSTTYPE=armv7
IDENTITY_INFO_FILE=/var/identity_info
IFS=$' \t\n'
LINES=24
LOGNAME=root
MACHTYPE=armv7-aarch32_v1-linux-gnueabihf
MAILCHECK=60
OPTERR=1
OPTIND=1
OSTYPE=linux-gnueabihf
PATH=/bin:/sbin:/usr/bin:/usr/sbin:/usr/local/bin:/usr/local/sbin
PIPESTATUS=([0]="0")
PPID=10221
PS1='\d \t IBMC-SLOT[2] # '
PS2='> '
PS4='+ '
PWD=/root
PYTHONPATH=/usr/local/lib/python310.zip:/usr/local/lib/python3.10:/usr/local/lib/python3.10/lib-dynload:/usr/local/lib/python3.10/site-packages
PYTHONPYCACHEPREFIX=/tmp/pycache
SECURE_LOGIN_USERNAME='Cisco TAC'
SHELL=/bin/bash
SHELLOPTS=braceexpand:emacs:hashall:histexpand:history:interactive-comments
SHLVL=2
TERM=dumb
TMOUT=600
UID=0
USER=root
VIC_CORE_DUMP_DIR=/mnt/scratchpad/vic_core_uploads
_='Welcome to CIMC bash shell!!!!'
Mon Sep 22 22:20:42 IBMC-SLOT[2] # vi /etc/bashrc 
[?1049h[H[J[1;1Hexport TMOUT=600;[2;1Hreadonly TMOUT;[3;1Hreadonly SECURE_LOGIN_USERNAME;[4;1Hexport PATH=/bin:/sbin:/usr/bin:/usr/sbin:/usr/local/bin:/usr/local/sbin[5;1Hexport PS1="\d \t IBMC-SLOT["`/etc/scripts/getslotid.sh`"] # "[6;1Hexport HISTTIMEFORMAT="%c ";[7;1Hulimit -Sc unlimited[8;1Hulimit -Hc unlimited[9;1Hset histappend[11;1H# Stops same command from being displayed twice when pressing 'up' arrow[12;1Hexport HISTCONTROL=ignoreboth[13;1Halias ll="ls -lh --color=auto"[14;1Hexport HOME="/root"[15;1Hexport PYTHONPATH=/usr/local/lib/python310.zip:/usr/local/lib/python3.10:/usr/lo[16;1H~[17;1H~[18;1H~[19;1H~[20;1H~[21;1H~[22;1H~[23;1H~[1;1H[24;1H[K- /etc/bashrc 1/15 6%[1;1H[1;2H[1;4H[1;5H[1;6H[1;7H[1;8H[1;9H[1;10H[1;11H[1;12H[1;13H[1;14H[1;14H00; [1;14H[24;1H[K- /etc/bashrc [Modified] 1/15 6%[1;14H[1;14H[24;1H[K- /etc/bashrc [Modified] 1/15 6%[1;14H[24;1H[K:wq[1;14H[1;14H[24;1H[K'/etc/bashrc' 15L, 593C[1;14H[24;1H[K[?1049lMon Sep 22 22:20:48 IBMC-SLOT[2] # exit
logout
Performing Clean Up. Please wait.
Performing Setup for Clean up phases: Success
Performing First Phase Cleanup: Success
Performing Second Phase Cleanup: Success
Performing Final Phase Cleanup: Success
Goodbye and have a nice
****************************************************************************

Welcome to Cisco Integrated Management Controller's Interactive Debug.
Please provide your credentials in order to proceed.

****************************************************************************

login: admin
Password:  

Generating Challenge..................................... 
Challenge String (Please copy everything between the asterisk lines exclusively):
*****************************************************************************************
EaLYUQAAAQYBAAQAAAABAgAEAAAAAAMACPF+aueN5P0SBAAQZ/EB4xJSa7dkuLLWuF3T4QUABAAAAAoGAAdDSU1DX0NUBwAFTTdfQ1QIAAxVQ1NYLTIxMEMtTTcJAAtGQ0gyNzI4NzFLMg==
*****************************************************************************************

Please input the response when you are ready .........................
2vq70gAAAQYBAAQAAAABAgAEAAAAAAMBYlpNTDlmRVNZa0pkSDU1RncxNXBQZFJseHhLUWhjUkxhZG1zYmE3U2hpeFRwa3ByOWY3OXBETlRzS3RRSWtOYysNCjQrL1VJVE01TFQ5TzNYazcrUFQxYzB4SlFuOTR0MkhQcTVHbmxsVWx4L0Y4TlkzckJqaEJMeENPdnhFSC9tNUcNCkFXQnpMU1JFWFRVdFhtOTFCTU1EaDJNZTkzWU8zb25LemZaMXRLdFlPdDZXUUdDMStOblkxNjBBaHlscjdQcFENCm9RSGhSaFdlT2thcDlOZ25maG5Ic1RSbUp1M2s2ai9XeXhNVENRY0xNcTFBaDZId2MrQ2pUb0pLd29xOWFhQ2QNClVrSFBDd0tML29aLzRZU09FZmtVUTAyTXMvSkNWN3psYXNjaHdRK1RLbDZVT2QyRzBFMFV3MTl6eGVnenRWdG8NCkRaNVBwZCtEeHp5Z0M3TFJ3anNoNEE9PQ==
Response Signature Verified successfully ! 
Hello Cisco Technical Assistance Center(Cisco TAC).
Welcome to CIMC bash shell!!!!
Mon Sep 22 22:21:08 IBMC-SLOT[2] # blade-power status
OP:[ status ]                  
Power-State:                 [ off ]
Master-State:                [ Master ]
VDD-Power-Good:              [ inactive ]
Power-On-Fail:               [ inactive ]
Power-Ctrl-Lock:             [ unlocked ]
Power-System-Status:         [ Good ]
Front-Panel Power Button:    [ Disabled ]
Front-Panel Reset Button:    [ Disabled ]
Source of Last Power Change: [ No Transition ]
OP-CCODE:[ Success ]
Mon Sep 22 22:21:11 IBMC-SLOT[2] # set
BASH=/bin/bash
BASHOPTS=cmdhist:complete_fullquote:expand_aliases:extquote:force_fignore:hostcomplete:interactive_comments:login_shell:progcomp:promptvars:sourcepath
BASH_ALIASES=()
BASH_ARGC=()
BASH_ARGV=()
BASH_CMDS=()
BASH_LINENO=()
BASH_SOURCE=()
BASH_VERSINFO=([0]="4" [1]="4" [2]="23" [3]="1" [4]="release" [5]="armv7-aarch32_v1-linux-gnueabihf")
BASH_VERSION='4.4.23(1)-release'
COLUMNS=80
CORE_DUMP_DIR=/mnt/scratchpad/core/dumps
CORE_TAR_DIR=/mnt/scratchpad/core/tars
DIRSTACK=()
EUID=0
GROUPS=()
HISTCONTROL=ignoreboth
HISTFILE=/root/.bash_history
HISTFILESIZE=500
HISTSIZE=500
HISTTIMEFORMAT='%c '
HOME=/root
HOSTNAME=CISCO-IBMC
HOSTTYPE=armv7
IDENTITY_INFO_FILE=/var/identity_info
IFS=$' \t\n'
LINES=24
LOGNAME=root
MACHTYPE=armv7-aarch32_v1-linux-gnueabihf
MAILCHECK=60
OPTERR=1
OPTIND=1
OSTYPE=linux-gnueabihf
PATH=/bin:/sbin:/usr/bin:/usr/sbin:/usr/local/bin:/usr/local/sbin
PIPESTATUS=([0]="0")
PPID=10414
PS1='\d \t IBMC-SLOT[2] # '
PS2='> '
PS4='+ '
PWD=/root
PYTHONPATH=/usr/local/lib/python310.zip:/usr/local/lib/python3.10:/usr/local/lib/python3.10/lib-dynload:/usr/local/lib/python3.10/site-packages
PYTHONPYCACHEPREFIX=/tmp/pycache
SECURE_LOGIN_USERNAME='Cisco TAC'
SHELL=/bin/bash
SHELLOPTS=braceexpand:emacs:hashall:histexpand:history:interactive-comments
SHLVL=2
TERM=dumb
TMOUT=00
UID=0
USER=root
VIC_CORE_DUMP_DIR=/mnt/scratchpad/vic_core_uploads
_=status
Mon Sep 22 22:21:15 IBMC-SLOT[2] # 
Authentication f
****************************************************************************

Welcome to Cisco Integrated Management Controller's Interactive Debug.
Please provide your credentials in order to proceed.

****************************************************************************

login: 
Authentication f

****************************************************************************

Welcome to Cisco Integrated Management Controlle

****************************************************************************

Welcome to Cisco Integrated Management Controller's Interactive Debug.
Please provide your credentials in order to proceed.

****************
****************************************************************************

Welcome to Cisco Integrated Management Controller's Interactive Debug.
Please provide your credentials in order to proceed.

****************************************************************************

login: admin
Password:  

Generating Challenge..................................... 
Challenge String (Please copy everything between the asterisk lines exclusively):
*****************************************************************************************
m/qr4QAAAQYBAAQAAAABAgAEAAAAAAMACPF+aueN5P0TBAAQOi61y6O1+ZKg6fgkUCahgQUABAAAAAoGAAdDSU1DX0NUBwAFTTdfQ1QIAAxVQ1NYLTIxMEMtTTcJAAtGQ0gyNzI4NzFLMg==
*****************************************************************************************

Please input the response when you are ready .........................
GJW+wwAAAQYBAAQAAAABAgAEAAAAAAMBYlFmaithMDhJdW9Da0x1bVpYMHgxZ0Z6Ynl1SVpkVGdWZFJmc3ZLSWxtbGVnU2hoN3F5Z1NpcnNhUmxUWlUxTEUNCm56YnhwVHA0YzZ4dmNtbDZQT1lld3ZST2N2M1BsVkVnSGRMMG0wUmVENGdxVlFYb1Y1S1E4ZWw0TUEvZStVOVINCkZ1NTE5MU1BdE91UlV1aHZFNS85UUZqQ1V6WHVWbWhKeUFjSkx6aTdOMHkxMnE5RXJPekVBTjdETlhtVVdrNkMNCnJIbWk1RnNuZHM2NWVtSVphdFJVamNFWVRMcDA4Q2tDdnhGVXdyZ3N5U0tZTE1sQ1grYUk4UTBVc1BIQk4raHUNClUwS0dzb0w0WXh3aWZyZGtGMTVtQ3h5MnRPVytMa1NHQzFtTEZjTDFFTnY2K1RZWkhOcTE1OHdEK1l1YWZGWGENCkJqdmdVRjNNcUNsTXg1L0Z2TFJKaXc9PQ==
Response Signature Verified successfully ! 
Hello Cisco Technical Assistance Center(Cisco TAC).
Welcome to CIMC bash shell!!!!
Tue Sep 23 16:17:32 IBMC-SLOT[2] # vi /etc/bashrc 
[?1049h[H[J[1;1Hexport TMOUT=600;[2;1Hreadonly TMOUT;[3;1Hreadonly SECURE_LOGIN_USERNAME;[4;1Hexport PATH=/bin:/sbin:/usr/bin:/usr/sbin:/usr/local/bin:/usr/local/sbin[5;1Hexport PS1="\d \t IBMC-SLOT["`/etc/scripts/getslotid.sh`"] # "[6;1Hexport HISTTIMEFORMAT="%c ";[7;1Hulimit -Sc unlimited[8;1Hulimit -Hc unlimited[9;1Hset histappend[11;1H# Stops same command from being displayed twice when pressing 'up' arrow[12;1Hexport HISTCONTROL=ignoreboth[13;1Halias ll="ls -lh --color=auto"[14;1Hexport HOME="/root"[15;1Hexport PYTHONPATH=/usr/local/lib/python310.zip:/usr/local/lib/python3.10:/usr/lo[16;1H~[17;1H~[18;1H~[19;1H~[20;1H~[21;1H~[22;1H~[23;1H~[1;1H[24;1H[K- /etc/bashrc 1/15 6%[1;1H[1;2H[1;3H[1;4H[1;6H[1;7H[1;8H[1;9H[1;10H[1;11H[1;12H[1;13H[1;14H[1;14H00; [1;14H[24;1H[K- /etc/bashrc [Modified] 1/15 6%[1;14H[1;14H[24;1H[K- /etc/bashrc [Modified] 1/15 6%[1;14H[24;1H[K:wq[1;14H[1;14H[24;1H[K'/etc/bashrc' 15L, 593C[1;14H[24;1H[K[?1049lTue Sep 23 16:17:38 IBMC-SLOT[2] # exit
logout
Performing Clean Up. Please wait.
Performing Setup for Clean up phases: Success
Performing First Phase Cleanup: Success
Performing Second Phase Cleanup: Success
Performing Final Phase Cleanup: Success
Goodbye
****************************************************************************

Welcome to Cisco Integrated Management Controller's Interactive Debug.
Please provide your credentials in order to proceed.

****************************************************************************

login: admin
Password:  

Generating Challenge..................................... 
Challenge String (Please copy everything between the asterisk lines exclusively):
*****************************************************************************************
39h3ugAAAQYBAAQAAAABAgAEAAAAAAMACPF+aueN5P0UBAAQOO6dAPwEoS+hWJX6U3UfCwUABAAAAAoGAAdDSU1DX0NUBwAFTTdfQ1QIAAxVQ1NYLTIxMEMtTTcJAAtGQ0gyNzI4NzFLMg==
*****************************************************************************************

Please input the response when you are ready .........................
lXHmuwAAAQYBAAQAAAABAgAEAAAAAAMBYlpvUGVRM0FEelJqUmhEckdseHBBWEhzeFFnWk42dFpHNFRLMnF6UklZOTFBamFvRmJsT1ViNU1YSHVlbHM4UzMNCi9Qci9KU05zS2M3UDNkdzEvQVU4OEVxNnNUdjRSOXpSbGFlcS9qRmdDejVFUmJUa29mM2Z4QUR2VU85blRzYisNCm9ybFJuUjFJZGVwd2xZdFZSTjdxNTMrNWpOcGFkclFlSUZHTHBnNGlHTlBvNUpCbmNaQjJYZThxdXlxYVB6WW4NCktiT1RISTNrSytRZDIreXM5TVhNVEtKcUJRWCtiZHlyNFNJMklETFZTNUJhcnZLb0hMTGZyUDgraHVrdVRJRWcNCm1KQUtFd1oyaStEU0xFR0ZIS0dCWnRwZlRzeXdBVHVWdlVtUmVpRXppWHIxWmJrYWtaNlRJc2RmWUxlSTNyY3cNCkJmbWkxaVUyTHlMS05ZSEVZbS81NFE9PQ==
Response Signature Verified successfully ! 
Hello Cisco Technical Assistance Center(Cisco TAC).
Welcome to CIMC bash shell!!!!
Tue Sep 23 16:17:59 IBMC-SLOT[2] # set
BASH=/bin/bash
BASHOPTS=cmdhist:complete_fullquote:expand_aliases:extquote:force_fignore:hostcomplete:interactive_comments:login_shell:progcomp:promptvars:sourcepath
BASH_ALIASES=()
BASH_ARGC=()
BASH_ARGV=()
BASH_CMDS=()
BASH_LINENO=()
BASH_SOURCE=()
BASH_VERSINFO=([0]="4" [1]="4" [2]="23" [3]="1" [4]="release" [5]="armv7-aarch32_v1-linux-gnueabihf")
BASH_VERSION='4.4.23(1)-release'
COLUMNS=80
CORE_DUMP_DIR=/mnt/scratchpad/core/dumps
CORE_TAR_DIR=/mnt/scratchpad/core/tars
DIRSTACK=()
EUID=0
GROUPS=()
HISTCONTROL=ignoreboth
HISTFILE=/root/.bash_history
HISTFILESIZE=500
HISTSIZE=500
HISTTIMEFORMAT='%c '
HOME=/root
HOSTNAME=CISCO-IBMC
HOSTTYPE=armv7
IDENTITY_INFO_FILE=/var/identity_info
IFS=$' \t\n'
LINES=24
LOGNAME=root
MACHTYPE=armv7-aarch32_v1-linux-gnueabihf
MAILCHECK=60
OPTERR=1
OPTIND=1
OSTYPE=linux-gnueabihf
PATH=/bin:/sbin:/usr/bin:/usr/sbin:/usr/local/bin:/usr/local/sbin
PIPESTATUS=([0]="0")
PPID=12527
PS1='\d \t IBMC-SLOT[2] # '
PS2='> '
PS4='+ '
PWD=/root
PYTHONPATH=/usr/local/lib/python310.zip:/usr/local/lib/python3.10:/usr/local/lib/python3.10/lib-dynload:/usr/local/lib/python3.10/site-packages
PYTHONPYCACHEPREFIX=/tmp/pycache
SECURE_LOGIN_USERNAME='Cisco TAC'
SHELL=/bin/bash
SHELLOPTS=braceexpand:emacs:hashall:histexpand:history:interactive-comments
SHLVL=2
TERM=dumb
TMOUT=00
UID=0
USER=root
VIC_CORE_DUMP_DIR=/mnt/scratchpad/vic_core_uploads
_='Welcome to CIMC bash shell!!!!'
Tue Sep 23 16:18:01 IBMC-SLOT[2] # clear && export TZ=UTC && echo '2025-09-< # clear && export TZ=UTC && echo '2025-09-23 16:22                       :26'
[H[J2025-09-23 16:22:26
Tue Sep 23 16:23:44 IBMC-SLOT[2] # /etc/scripts/getip_novlan.sh 0
eth0      Link encap:Ethernet  HWaddr C6:7E:E0:5A:F2:C1  
eth0.1    Link encap:Ethernet  HWaddr C6:7E:E0:5A:F2:C1  
eth0.4043 Link encap:Ethernet  HWaddr C6:7E:E0:5A:F2:C1  
eth0.4044 Link encap:Ethernet  HWaddr C6:7E:E0:5A:F2:C1  
switch smi address = 0x1
internal device smi address = 0x13
internal device register address = 0x4
register value = 0x7F
Bringing up eth0
Attempting to get IP address on eth0
udhcpc: started, v1.36.0
eth0      Link encap:Ethernet  HWaddr C6:7E:E0:5A:F2:C1  
          inet6 addr: fe80::c47e:e0ff:fe5a:f2c1/64 Scope:Link
          UP BROADCAST RUNNING MULTICAST  MTU:1500  Metric:1
          RX packets:29867 errors:0 dropped:0 overruns:0 frame:0
          TX packets:28617 errors:0 dropped:0 overruns:0 carrier:0
          collisions:0 txqueuelen:1000 
          RX bytes:10601036 (10.1 MiB)  TX bytes:10985635 (10.4 MiB)
          Interrupt:50 

udhcpc: sending discover
udhcpc: sending select for 172.25.27.72
udhcpc: lease of 172.25.27.72 obtained, lease time 864000
deleting routers
RTNETLINK answers: No such process
RTNETLINK answers: No such process
Stopping CIMC-BLADE Firewall ... Done
Tue Sep 23 16:24:46 IBMC-SLOT[2] # clear && export TZ=UTC && echo '2025-09-< # clear && export TZ=UTC && echo '2025-09-23 16:59                       :34'
[H[J2025-09-23 16:59:34
Tue Sep 23 17:00:52 IBMC-SLOT[2] # clear && export TZ=UTC && echo '2025-09-< # clear && export TZ=UTC && echo '2025-09-23 16:59                       :44'
[H[J2025-09-23 16:59:44
Tue Sep 23 17:01:02 IBMC-SLOT[2] # clear && export TZ=UTC && echo '2025-09-2<T[2] # clear && export TZ=UTC && echo '2025-09-23 1                        6:59:56'
[H[J2025-09-23 16:59:56
Tue Sep 23 17:01:14 IBMC-SLOT[2] # solhsell      lshell -X
CISCO Serial Over LAN:
Press Ctrl+x to Exit the session

CISCO Serial Over LAN exited
Tue Sep 23 17:07:09 IBMC-SLOT[2] # blade-power on
OP:[ on ] 

soOP-CCODE:[ Success ]
lTue Sep 23 17:07:14 IBMC-SLOT[2] # 
Tue Sep 23 17:07:14 IBMC-SLOT[2] # 
Tue Sep 23 17:07:14 IBMC-SLOT[2] # solshell -X
CISCO Serial Over LAN:
Press Ctrl+x to Exit the session
€ [    0.000000] Linux version 5.15.0-152-generic (buildd@lcy02-amd64-094) (gcc (Ubuntu 11.4.0-1ubuntu1~22.04) 11.4.0, GNU ld (GNU Binutils for Ubuntu) 2.38) #162-Ubuntu SMP Wed Jul 23 09:48:42 UTC 2025 (Ubuntu 5.15.0-152.162-generic 5.15.185)
[    0.000000] Command line: BOOT_IMAGE=/boot/vmlinuz-5.15.0-152-generic root=UUID=4cbf4c87-458d-4da9-b05b-a5fd1528f559 ro copytoram console=ttyS0,115200
[    0.000000] KERNEL supported cpus:
[    0.000000]   Intel GenuineIntel
[    0.000000]   AMD AuthenticAMD
[    0.000000]   Hygon HygonGenuine
[    0.000000]   Centaur CentaurHauls
[    0.000000]   zhaoxin   Shanghai  
[    0.000000] x86/tme: not enabled by BIOS
[    0.000000] x86/split lock detection: #AC: crashing the kernel on kernel split_locks and warning on user-space split_locks
[    0.000000] BIOS-provided physical RAM map:
[    0.000000] BIOS-e820: [mem 0x0000000000000000-0x000000000009dfff] usable
[    0.000000] BIOS-e820: [mem 0x000000000009e000-0x000000000009efff] reserved
[    0.000000] BIOS-e820: [mem 0x000000000009f000-0x000000000009ffff] usable
[    0.000000] BIOS-e820: [mem 0x00000000000a0000-0x00000000000fffff] reserved
[    0.000000] BIOS-e820: [mem 0x0000000000100000-0x000000006e1a0fff] usable
[    0.000000] BIOS-e820: [mem 0x000000006e1a1000-0x00000000702a0fff] reserved
[    0.000000] BIOS-e820: [mem 0x00000000702a1000-0x0000000070ba0fff] ACPI data
[    0.000000] BIOS-e820: [mem 0x0000000070ba1000-0x0000000073fc6fff] ACPI NVS
[    0.000000] BIOS-e820: [mem 0x0000000073fc7000-0x00000000777fefff] reserved
[    0.000000] BIOS-e820: [mem 0x00000000777ff000-0x00000000777fffff] usable
[    0.000000] BIOS-e820: [mem 0x0000000077800000-0x000000008fffffff] reserved
[    0.000000] BIOS-e820: [mem 0x00000000fe010000-0x00000000fe010fff] reserved
[    0.000000] BIOS-e820: [mem 0x00000000ff000000-0x00000000ffffffff] reserved
[    0.000000] BIOS-e820: [mem 0x0000000100000000-0x000000407fffffff] usable
[    0.000000] NX (Execute Disable) protection: active
[    0.000000] extended physical RAM map:
[    0.000000] reserve setup_data: [mem 0x0000000000000000-0x000000000009dfff] usable
[    0.000000] reserve setup_data: [mem 0x000000000009e000-0x000000000009efff] reserved
[    0.000000] reserve setup_data: [mem 0x000000000009f000-0x000000000009ffff] usable
[    0.000000] reserve setup_data: [mem 0x00000000000a0000-0x00000000000fffff] reserved
[    0.000000] reserve setup_data: [mem 0x0000000000100000-0x00000000631eb017] usable
[    0.000000] reserve setup_data: [mem 0x00000000631eb018-0x0000000063206857] usable
[    0.000000] reserve setup_data: [mem 0x0000000063206858-0x0000000063207017] usable
[    0.000000] reserve setup_data: [mem 0x0000000063207018-0x000000006320f057] usable
[    0.000000] reserve setup_data: [mem 0x000000006320f058-0x000000006e1a0fff] usable
[    0.000000] reserve setup_data: [mem 0x000000006e1a1000-0x00000000702a0fff] reserved
[    0.000000] reserve setup_data: [mem 0x00000000702a1000-0x0000000070ba0fff] ACPI data
[    0.000000] reserve setup_data: [mem 0x0000000070ba1000-0x0000000073fc6fff] ACPI NVS
[    0.000000] reserve setup_data: [mem 0x0000000073fc7000-0x00000000777fefff] reserved
[    0.000000] reserve setup_data: [mem 0x00000000777ff000-0x00000000777fffff] usable
[    0.000000] reserve setup_data: [mem 0x0000000077800000-0x000000008fffffff] reserved
[    0.000000] reserve setup_data: [mem 0x00000000fe010000-0x00000000fe010fff] reserved
[    0.000000] reserve setup_data: [mem 0x00000000ff000000-0x00000000ffffffff] reserved
[    0.000000] reserve setup_data: [mem 0x0000000100000000-0x000000407fffffff] usable
[    0.000000] efi: EFI v2.90 by American Megatrends
[    0.000000] efi: ACPI=0x73e22000 ACPI 2.0=0x73e22014 TPMFinalLog=0x73e24000 SMBIOS=0x76f9d000 SMBIOS 3.0=0x76f9c000 MEMATTR=0x68a6f018 ESRT=0x68ba6518 MOKvar=0x76fb3000 TPMEventLog=0x7074f018 
[    0.000000] secureboot: Secure boot disabled
[    0.000000] SMBIOS 3.6.0 present.
[    0.000000] DMI: Cisco Systems Inc UCSX-210C-M7/UCSX-210C-M7, BIOS X210M7.6.0.1a.0.0630252236 06/30/2025
[    0.000000] tsc: Detected 2000.000 MHz processor
[    0.000038] last_pfn = 0x4080000 max_arch_pfn = 0x10000000000
[    0.000422] x86/PAT: Configuration [0-7]: WB  WC  UC- UC  WB  WP  UC- WT  
[    0.007059] total RAM covered: 522240M
[    0.007196] Found optimal setting for mtrr clean up
[    0.007198]  gran_size: 64K 	chunk_size: 64K 	num_reg: 8  	lose cover RAM: 0G
[    0.008163] x2apic: enabled by BIOS, switching to x2apic ops
[    0.008164] last_pfn = 0x77800 max_arch_pfn = 0x10000000000
[    0.019080] esrt: Reserving ESRT space from 0x0000000068ba6518 to 0x0000000068ba6550.
[    0.019116] Using GB pages for direct mapping
[    0.019521] secureboot: Secure boot disabled
[    0.019522] RAMDISK: [mem 0x5c298000-0x62b5efff]
[    0.019529] ACPI: Early table checksum verification disabled
[    0.019532] ACPI: RSDP 0x0000000073E22014 000024 (v02 Cisco0)
[    0.019538] ACPI: XSDT 0x0000000073E21728 000114 (v01 Cisco0 CiscoUCS 01072009 AMI  01000013)
[    0.019545] ACPI: FACP 0x0000000070B9E000 000114 (v06 Cisco0 CiscoUCS 01072009 INTL 20091013)
[    0.019552] ACPI: DSDT 0x0000000070AD0000 0CBCBE (v02 Cisco0 CiscoUCS 01072009 INTL 20091013)
[    0.019557] ACPI: FACS 0x0000000073FC5000 000040
[    0.019561] ACPI: SPMI 0x0000000070B9D000 000041 (v05 Cisco0 CiscoUCS 00000000 AMI. 00000000)
[    0.019565] ACPI: SPMI 0x0000000070B9C000 000041 (v05 Cisco0 CiscoUCS 00000000 AMI. 00000000)
[    0.019570] ACPI: FIDT 0x0000000070ACF000 00009C (v01 Cisco0 CiscoUCS 01072009 AMI  00010013)
[    0.019574] ACPI: SSDT 0x0000000070BA0000 00074C (v02 INTEL  RAS_ACPI 00000001 INTL 20210331)
[    0.019579] ACPI: SSDT 0x0000000070B9F000 00076E (v02 INTEL  ADDRXLAT 00000001 INTL 20210331)
[    0.019583] ACPI: EINJ 0x0000000070ACE000 000150 (v01 Cisco0 CiscoUCS 00000001 INTL 00000001)
[    0.019587] ACPI: ERST 0x0000000070ACD000 000230 (v01 Cisco0 CiscoUCS 00000001 INTL 00000001)
[    0.019591] ACPI: BERT 0x0000000070ACC000 000030 (v01 Cisco0 CiscoUCS 00000001 INTL 00000001)
[    0.019595] ACPI: MCFG 0x0000000070ACB000 00003C (v01 Cisco0 CiscoUCS 01072009 MSFT 00000097)
[    0.019600] ACPI: BDAT 0x0000000070ACA000 000030 (v01 Cisco0 CiscoUCS 00000000 INTL 20091013)
[    0.019604] ACPI: HPET 0x0000000070AC9000 000038 (v01 Cisco0 CiscoUCS 00000001 INTL 20091013)
[    0.019608] ACPI: MSCT 0x0000000070AC8000 000090 (v01 Cisco0 CiscoUCS 00000001 INTL 20091013)
[    0.019612] ACPI: WDDT 0x0000000070AC7000 000040 (v01 Cisco0 CiscoUCS 00000000 INTL 20091013)
[    0.019616] ACPI: APIC 0x0000000070AC5000 000A5E (v04 Cisco0 CiscoUCS 00000000 INTL 20091013)
[    0.019620] ACPI: SRAT 0x0000000070ABD000 007830 (v03 Cisco0 CiscoUCS 00000002 AMI  01000013)
[    0.019625] ACPI: SLIT 0x0000000070ABC000 000030 (v01 Cisco0 CiscoUCS 01072009 AMI  01000013)
[    0.019629] ACPI: HMAT 0x0000000070ABB000 000158 (v02 Cisco0 CiscoUCS 01072009 AMI  01000013)
[    0.019633] ACPI: OEM4 0x0000000070933000 187A51 (v02 INTEL  CPU  CST 00003000 INTL 20210331)
[    0.019638] ACPI: OEM1 0x000000007081F000 113479 (v02 INTEL  CPU EIST 00003000 INTL 20210331)
[    0.019642] ACPI: OEM2 0x00000000707D8000 046031 (v02 INTEL  CPU  HWP 00003000 INTL 20210331)
[    0.019646] ACPI: SSDT 0x000000007076E000 069895 (v02 INTEL  SSDT  PM 00004000 INTL 20210331)
[    0.019650] ACPI: SSDT 0x000000007076D000 000957 (v02 Cisco0 CiscoUCS 00000000 INTL 20091013)
[    0.019654] ACPI: HEST 0x000000007076C000 00013C (v01 Cisco0 CiscoUCS 00000001 INTL 00000001)
[    0.019659] ACPI: DMAR 0x000000007076B000 000518 (v01 Cisco0 CiscoUCS 00000001 INTL 20091013)
[    0.019663] ACPI: FPDT 0x000000007076A000 000044 (v01 Cisco0 CiscoUCS 01072009 AMI  01000013)
[    0.019667] ACPI: SSDT 0x0000000070762000 007239 (v02 Cisco0 CdnVic00 00004000 INTL 20210331)
[    0.019671] ACPI: SSDT 0x000000007075A000 0078BA (v02 INTEL  SpsNm    00000002 INTL 20210331)
[    0.019675] ACPI: TPM2 0x0000000070759000 00004C (v04 Cisco0 CiscoUCS 00000001 AMI  00000000)
[    0.019680] ACPI: WSMT 0x0000000070AC6000 000028 (v01 Cisco0 CiscoUCS 01072009 AMI  00010013)
[    0.019683] ACPI: Reserving FACP table memory at [mem 0x70b9e000-0x70b9e113]
[    0.019686] ACPI: Reserving DSDT table memory at [mem 0x70ad0000-0x70b9bcbd]
[    0.019687] ACPI: Reserving FACS table memory at [mem 0x73fc5000-0x73fc503f]
[    0.019689] ACPI: Reserving SPMI table memory at [mem 0x70b9d000-0x70b9d040]
[    0.019691] ACPI: Reserving SPMI table memory at [mem 0x70b9c000-0x70b9c040]
[    0.019692] ACPI: Reserving FIDT table memory at [mem 0x70acf000-0x70acf09b]
[    0.019694] ACPI: Reserving SSDT table memory at [mem 0x70ba0000-0x70ba074b]
[    0.019695] ACPI: Reserving SSDT table memory at [mem 0x70b9f000-0x70b9f76d]
[    0.019697] ACPI: Reserving EINJ table memory at [mem 0x70ace000-0x70ace14f]
[    0.019698] ACPI: Reserving ERST table memory at [mem 0x70acd000-0x70acd22f]
[    0.019700] ACPI: Reserving BERT table memory at [mem 0x70acc000-0x70acc02f]
[    0.019701] ACPI: Reserving MCFG table memory at [mem 0x70acb000-0x70acb03b]
[    0.019703] ACPI: Reserving BDAT table memory at [mem 0x70aca000-0x70aca02f]
[    0.019704] ACPI: Reserving HPET table memory at [mem 0x70ac9000-0x70ac9037]
[    0.019705] ACPI: Reserving MSCT table memory at [mem 0x70ac8000-0x70ac808f]
[    0.019707] ACPI: Reserving WDDT table memory at [mem 0x70ac7000-0x70ac703f]
[    0.019708] ACPI: Reserving APIC table memory at [mem 0x70ac5000-0x70ac5a5d]
[    0.019710] ACPI: Reserving SRAT table memory at [mem 0x70abd000-0x70ac482f]
[    0.019711] ACPI: Reserving SLIT table memory at [mem 0x70abc000-0x70abc02f]
[    0.019713] ACPI: Reserving HMAT table memory at [mem 0x70abb000-0x70abb157]
[    0.019714] ACPI: Reserving OEM4 table memory at [mem 0x70933000-0x70abaa50]
[    0.019716] ACPI: Reserving OEM1 table memory at [mem 0x7081f000-0x70932478]
[    0.019717] ACPI: Reserving OEM2 table memory at [mem 0x707d8000-0x7081e030]
[    0.019719] ACPI: Reserving SSDT table memory at [mem 0x7076e000-0x707d7894]
[    0.019720] ACPI: Reserving SSDT table memory at [mem 0x7076d000-0x7076d956]
[    0.019722] ACPI: Reserving HEST table memory at [mem 0x7076c000-0x7076c13b]
[    0.019723] ACPI: Reserving DMAR table memory at [mem 0x7076b000-0x7076b517]
[    0.019725] ACPI: Reserving FPDT table memory at [mem 0x7076a000-0x7076a043]
[    0.019726] ACPI: Reserving SSDT table memory at [mem 0x70762000-0x70769238]
[    0.019728] ACPI: Reserving SSDT table memory at [mem 0x7075a000-0x707618b9]
[    0.019729] ACPI: Reserving TPM2 table memory at [mem 0x70759000-0x7075904b]
[    0.019731] ACPI: Reserving WSMT table memory at [mem 0x70ac6000-0x70ac6027]
[    0.019756] Setting APIC routing to cluster x2apic.
[    0.019843] SRAT: PXM 0 -> APIC 0x0000 -> Node 0
[    0.019846] SRAT: PXM 0 -> APIC 0x0001 -> Node 0
[    0.019847] SRAT: PXM 0 -> APIC 0x0002 -> Node 0
[    0.019848] SRAT: PXM 0 -> APIC 0x0003 -> Node 0
[    0.019850] SRAT: PXM 0 -> APIC 0x0004 -> Node 0
[    0.019851] SRAT: PXM 0 -> APIC 0x0005 -> Node 0
[    0.019852] SRAT: PXM 0 -> APIC 0x0006 -> Node 0
[    0.019853] SRAT: PXM 0 -> APIC 0x0007 -> Node 0
[    0.019855] SRAT: PXM 0 -> APIC 0x0008 -> Node 0
[    0.019856] SRAT: PXM 0 -> APIC 0x0009 -> Node 0
[    0.019857] SRAT: PXM 0 -> APIC 0x000a -> Node 0
[    0.019858] SRAT: PXM 0 -> APIC 0x000b -> Node 0
[    0.019859] SRAT: PXM 0 -> APIC 0x000c -> Node 0
[    0.019861] SRAT: PXM 0 -> APIC 0x000d -> Node 0
[    0.019862] SRAT: PXM 0 -> APIC 0x000e -> Node 0
[    0.019863] SRAT: PXM 0 -> APIC 0x000f -> Node 0
[    0.019864] SRAT: PXM 0 -> APIC 0x0010 -> Node 0
[    0.019866] SRAT: PXM 0 -> APIC 0x0011 -> Node 0
[    0.019867] SRAT: PXM 0 -> APIC 0x0012 -> Node 0
[    0.019868] SRAT: PXM 0 -> APIC 0x0013 -> Node 0
[    0.019869] SRAT: PXM 0 -> APIC 0x0014 -> Node 0
[    0.019871] SRAT: PXM 0 -> APIC 0x0015 -> Node 0
[    0.019872] SRAT: PXM 0 -> APIC 0x0016 -> Node 0
[    0.019873] SRAT: PXM 0 -> APIC 0x0017 -> Node 0
[    0.019874] SRAT: PXM 0 -> APIC 0x0018 -> Node 0
[    0.019876] SRAT: PXM 0 -> APIC 0x0019 -> Node 0
[    0.019877] SRAT: PXM 0 -> APIC 0x001a -> Node 0
[    0.019878] SRAT: PXM 0 -> APIC 0x001b -> Node 0
[    0.019879] SRAT: PXM 0 -> APIC 0x001c -> Node 0
[    0.019881] SRAT: PXM 0 -> APIC 0x001d -> Node 0
[    0.019882] SRAT: PXM 0 -> APIC 0x001e -> Node 0
[    0.019883] SRAT: PXM 0 -> APIC 0x001f -> Node 0
[    0.019884] SRAT: PXM 0 -> APIC 0x0020 -> Node 0
[    0.019885] SRAT: PXM 0 -> APIC 0x0021 -> Node 0
[    0.019887] SRAT: PXM 0 -> APIC 0x0022 -> Node 0
[    0.019888] SRAT: PXM 0 -> APIC 0x0023 -> Node 0
[    0.019889] SRAT: PXM 0 -> APIC 0x0024 -> Node 0
[    0.019890] SRAT: PXM 0 -> APIC 0x0025 -> Node 0
[    0.019892] SRAT: PXM 0 -> APIC 0x0026 -> Node 0
[    0.019893] SRAT: PXM 0 -> APIC 0x0027 -> Node 0
[    0.019894] SRAT: PXM 0 -> APIC 0x0028 -> Node 0
[    0.019895] SRAT: PXM 0 -> APIC 0x0029 -> Node 0
[    0.019897] SRAT: PXM 0 -> APIC 0x002a -> Node 0
[    0.019898] SRAT: PXM 0 -> APIC 0x002b -> Node 0
[    0.019899] SRAT: PXM 0 -> APIC 0x002c -> Node 0
[    0.019900] SRAT: PXM 0 -> APIC 0x002d -> Node 0
[    0.019902] SRAT: PXM 0 -> APIC 0x002e -> Node 0
[    0.019903] SRAT: PXM 0 -> APIC 0x002f -> Node 0
[    0.019904] SRAT: PXM 0 -> APIC 0x0030 -> Node 0
[    0.019905] SRAT: PXM 0 -> APIC 0x0031 -> Node 0
[    0.019906] SRAT: PXM 0 -> APIC 0x0032 -> Node 0
[    0.019908] SRAT: PXM 0 -> APIC 0x0033 -> Node 0
[    0.019909] SRAT: PXM 0 -> APIC 0x0034 -> Node 0
[    0.019910] SRAT: PXM 0 -> APIC 0x0035 -> Node 0
[    0.019911] SRAT: PXM 0 -> APIC 0x0036 -> Node 0
[    0.019913] SRAT: PXM 0 -> APIC 0x0037 -> Node 0
[    0.019914] SRAT: PXM 0 -> APIC 0x0038 -> Node 0
[    0.019915] SRAT: PXM 0 -> APIC 0x0039 -> Node 0
[    0.019916] SRAT: PXM 0 -> APIC 0x003a -> Node 0
[    0.019917] SRAT: PXM 0 -> APIC 0x003b -> Node 0
[    0.019919] SRAT: PXM 0 -> APIC 0x003c -> Node 0
[    0.019920] SRAT: PXM 0 -> APIC 0x003d -> Node 0
[    0.019921] SRAT: PXM 0 -> APIC 0x003e -> Node 0
[    0.019922] SRAT: PXM 0 -> APIC 0x003f -> Node 0
[    0.019924] SRAT: PXM 0 -> APIC 0x0040 -> Node 0
[    0.019925] SRAT: PXM 0 -> APIC 0x0041 -> Node 0
[    0.019926] SRAT: PXM 0 -> APIC 0x0042 -> Node 0
[    0.019927] SRAT: PXM 0 -> APIC 0x0043 -> Node 0
[    0.019928] SRAT: PXM 0 -> APIC 0x0044 -> Node 0
[    0.019930] SRAT: PXM 0 -> APIC 0x0045 -> Node 0
[    0.019931] SRAT: PXM 0 -> APIC 0x0046 -> Node 0
[    0.019932] SRAT: PXM 0 -> APIC 0x0047 -> Node 0
[    0.019933] SRAT: PXM 0 -> APIC 0x0048 -> Node 0
[    0.019934] SRAT: PXM 0 -> APIC 0x0049 -> Node 0
[    0.019936] SRAT: PXM 0 -> APIC 0x004a -> Node 0
[    0.019937] SRAT: PXM 0 -> APIC 0x004b -> Node 0
[    0.019938] SRAT: PXM 0 -> APIC 0x004c -> Node 0
[    0.019939] SRAT: PXM 0 -> APIC 0x004d -> Node 0
[    0.019941] SRAT: PXM 0 -> APIC 0x004e -> Node 0
[    0.019942] SRAT: PXM 0 -> APIC 0x004f -> Node 0
[    0.019943] SRAT: PXM 1 -> APIC 0x0080 -> Node 1
[    0.019944] SRAT: PXM 1 -> APIC 0x0081 -> Node 1
[    0.019946] SRAT: PXM 1 -> APIC 0x0082 -> Node 1
[    0.019947] SRAT: PXM 1 -> APIC 0x0083 -> Node 1
[    0.019948] SRAT: PXM 1 -> APIC 0x0084 -> Node 1
[    0.019949] SRAT: PXM 1 -> APIC 0x0085 -> Node 1
[    0.019950] SRAT: PXM 1 -> APIC 0x0086 -> Node 1
[    0.019952] SRAT: PXM 1 -> APIC 0x0087 -> Node 1
[    0.019953] SRAT: PXM 1 -> APIC 0x0088 -> Node 1
[    0.019954] SRAT: PXM 1 -> APIC 0x0089 -> Node 1
[    0.019955] SRAT: PXM 1 -> APIC 0x008a -> Node 1
[    0.019956] SRAT: PXM 1 -> APIC 0x008b -> Node 1
[    0.019958] SRAT: PXM 1 -> APIC 0x008c -> Node 1
[    0.019959] SRAT: PXM 1 -> APIC 0x008d -> Node 1
[    0.019960] SRAT: PXM 1 -> APIC 0x008e -> Node 1
[    0.019961] SRAT: PXM 1 -> APIC 0x008f -> Node 1
[    0.019963] SRAT: PXM 1 -> APIC 0x0090 -> Node 1
[    0.019964] SRAT: PXM 1 -> APIC 0x0091 -> Node 1
[    0.019965] SRAT: PXM 1 -> APIC 0x0092 -> Node 1
[    0.019966] SRAT: PXM 1 -> APIC 0x0093 -> Node 1
[    0.019967] SRAT: PXM 1 -> APIC 0x0094 -> Node 1
[    0.019969] SRAT: PXM 1 -> APIC 0x0095 -> Node 1
[    0.019970] SRAT: PXM 1 -> APIC 0x0096 -> Node 1
[    0.019971] SRAT: PXM 1 -> APIC 0x0097 -> Node 1
[    0.019972] SRAT: PXM 1 -> APIC 0x0098 -> Node 1
[    0.019973] SRAT: PXM 1 -> APIC 0x0099 -> Node 1
[    0.019975] SRAT: PXM 1 -> APIC 0x009a -> Node 1
[    0.019976] SRAT: PXM 1 -> APIC 0x009b -> Node 1
[    0.019977] SRAT: PXM 1 -> APIC 0x009c -> Node 1
[    0.019978] SRAT: PXM 1 -> APIC 0x009d -> Node 1
[    0.019979] SRAT: PXM 1 -> APIC 0x009e -> Node 1
[    0.019981] SRAT: PXM 1 -> APIC 0x009f -> Node 1
[    0.019982] SRAT: PXM 1 -> APIC 0x00a0 -> Node 1
[    0.019983] SRAT: PXM 1 -> APIC 0x00a1 -> Node 1
[    0.019984] SRAT: PXM 1 -> APIC 0x00a2 -> Node 1
[    0.019985] SRAT: PXM 1 -> APIC 0x00a3 -> Node 1
[    0.019987] SRAT: PXM 1 -> APIC 0x00a4 -> Node 1
[    0.019988] SRAT: PXM 1 -> APIC 0x00a5 -> Node 1
[    0.019989] SRAT: PXM 1 -> APIC 0x00a6 -> Node 1
[    0.019990] SRAT: PXM 1 -> APIC 0x00a7 -> Node 1
[    0.019992] SRAT: PXM 1 -> APIC 0x00a8 -> Node 1
[    0.019993] SRAT: PXM 1 -> APIC 0x00a9 -> Node 1
[    0.019994] SRAT: PXM 1 -> APIC 0x00aa -> Node 1
[    0.019995] SRAT: PXM 1 -> APIC 0x00ab -> Node 1
[    0.019996] SRAT: PXM 1 -> APIC 0x00ac -> Node 1
[    0.019998] SRAT: PXM 1 -> APIC 0x00ad -> Node 1
[    0.019999] SRAT: PXM 1 -> APIC 0x00ae -> Node 1
[    0.020000] SRAT: PXM 1 -> APIC 0x00af -> Node 1
[    0.020001] SRAT: PXM 1 -> APIC 0x00b0 -> Node 1
[    0.020002] SRAT: PXM 1 -> APIC 0x00b1 -> Node 1
[    0.020004] SRAT: PXM 1 -> APIC 0x00b2 -> Node 1
[    0.020005] SRAT: PXM 1 -> APIC 0x00b3 -> Node 1
[    0.020006] SRAT: PXM 1 -> APIC 0x00b4 -> Node 1
[    0.020007] SRAT: PXM 1 -> APIC 0x00b5 -> Node 1
[    0.020009] SRAT: PXM 1 -> APIC 0x00b6 -> Node 1
[    0.020010] SRAT: PXM 1 -> APIC 0x00b7 -> Node 1
[    0.020011] SRAT: PXM 1 -> APIC 0x00b8 -> Node 1
[    0.020012] SRAT: PXM 1 -> APIC 0x00b9 -> Node 1
[    0.020013] SRAT: PXM 1 -> APIC 0x00ba -> Node 1
[    0.020015] SRAT: PXM 1 -> APIC 0x00bb -> Node 1
[    0.020016] SRAT: PXM 1 -> APIC 0x00bc -> Node 1
[    0.020017] SRAT: PXM 1 -> APIC 0x00bd -> Node 1
[    0.020018] SRAT: PXM 1 -> APIC 0x00be -> Node 1
[    0.020019] SRAT: PXM 1 -> APIC 0x00bf -> Node 1
[    0.020021] SRAT: PXM 1 -> APIC 0x00c0 -> Node 1
[    0.020022] SRAT: PXM 1 -> APIC 0x00c1 -> Node 1
[    0.020023] SRAT: PXM 1 -> APIC 0x00c2 -> Node 1
[    0.020024] SRAT: PXM 1 -> APIC 0x00c3 -> Node 1
[    0.020025] SRAT: PXM 1 -> APIC 0x00c4 -> Node 1
[    0.020027] SRAT: PXM 1 -> APIC 0x00c5 -> Node 1
[    0.020028] SRAT: PXM 1 -> APIC 0x00c6 -> Node 1
[    0.020029] SRAT: PXM 1 -> APIC 0x00c7 -> Node 1
[    0.020030] SRAT: PXM 1 -> APIC 0x00c8 -> Node 1
[    0.020031] SRAT: PXM 1 -> APIC 0x00c9 -> Node 1
[    0.020033] SRAT: PXM 1 -> APIC 0x00ca -> Node 1
[    0.020034] SRAT: PXM 1 -> APIC 0x00cb -> Node 1
[    0.020035] SRAT: PXM 1 -> APIC 0x00cc -> Node 1
[    0.020036] SRAT: PXM 1 -> APIC 0x00cd -> Node 1
[    0.020037] SRAT: PXM 1 -> APIC 0x00ce -> Node 1
[    0.020039] SRAT: PXM 1 -> APIC 0x00cf -> Node 1
[    0.020059] ACPI: SRAT: Node 0 PXM 0 [mem 0x00000000-0x7fffffff]
[    0.020062] ACPI: SRAT: Node 0 PXM 0 [mem 0x100000000-0x207fffffff]
[    0.020064] ACPI: SRAT: Node 1 PXM 1 [mem 0x2080000000-0x407fffffff]
[    0.020083] NUMA: Node 0 [mem 0x00000000-0x7fffffff] + [mem 0x100000000-0x207fffffff] -> [mem 0x00000000-0x207fffffff]
[    0.020097] NODE_DATA(0) allocated [mem 0x207ffd6000-0x207fffffff]
[    0.020114] NODE_DATA(1) allocated [mem 0x407ffd5000-0x407fffefff]
[    0.020950] Zone ranges:
[    0.020951]   DMA      [mem 0x0000000000001000-0x0000000000ffffff]
[    0.020955]   DMA32    [mem 0x0000000001000000-0x00000000ffffffff]
[    0.020957]   Normal   [mem 0x0000000100000000-0x000000407fffffff]
[    0.020959]   Device   empty
[    0.020961] Movable zone start for each node
[    0.020964] Early memory node ranges
[    0.020965]   node   0: [mem 0x0000000000001000-0x000000000009dfff]
[    0.020967]   node   0: [mem 0x000000000009f000-0x000000000009ffff]
[    0.020969]   node   0: [mem 0x0000000000100000-0x000000006e1a0fff]
[    0.020971]   node   0: [mem 0x00000000777ff000-0x00000000777fffff]
[    0.020972]   node   0: [mem 0x0000000100000000-0x000000207fffffff]
[    0.020988]   node   1: [mem 0x0000002080000000-0x000000407fffffff]
[    0.021004] Initmem setup node 0 [mem 0x0000000000001000-0x000000207fffffff]
[    0.021010] Initmem setup node 1 [mem 0x0000002080000000-0x000000407fffffff]
[    0.021015] On node 0, zone DMA: 1 pages in unavailable ranges
[    0.021017] On node 0, zone DMA: 1 pages in unavailable ranges
[    0.021055] On node 0, zone DMA: 96 pages in unavailable ranges
[    0.025639] On node 0, zone DMA32: 38494 pages in unavailable ranges
[    0.316854] On node 0, zone Normal: 2048 pages in unavailable ranges
[    0.700510] ACPI: PM-Timer IO Port: 0x508
[    0.700549] ACPI: X2APIC_NMI (uid[0xffffffff] high edge lint[0x1])
[    0.700554] ACPI: LAPIC_NMI (acpi_id[0xff] high edge lint[0x1])
[    0.700589] IOAPIC[0]: apic_id 8, version 32, address 0xfec00000, GSI 0-23
[    0.700594] ACPI: INT_SRC_OVR (bus 0 bus_irq 0 global_irq 2 dfl dfl)
[    0.700598] ACPI: INT_SRC_OVR (bus 0 bus_irq 9 global_irq 9 high level)
[    0.700605] ACPI: Using ACPI (MADT) for SMP configuration information
[    0.700607] ACPI: HPET id: 0x8086a701 base: 0xfed00000
[    0.700613] TSC deadline timer available
[    0.700616] smpboot: Allowing 160 CPUs, 0 hotplug CPUs
[    0.700646] PM: hibernation: Registered nosave memory: [mem 0x00000000-0x00000fff]
[    0.700649] PM: hibernation: Registered nosave memory: [mem 0x0009e000-0x0009efff]
[    0.700652] PM: hibernation: Registered nosave memory: [mem 0x000a0000-0x000fffff]
[    0.700654] PM: hibernation: Registered nosave memory: [mem 0x68ba6000-0x68ba6fff]
[    0.700657] PM: hibernation: Registered nosave memory: [mem 0x6e1a1000-0x777fefff]
[    0.700659] PM: hibernation: Registered nosave memory: [mem 0x77800000-0xffffffff]
[    0.700662] [mem 0x90000000-0xfe00ffff] available for PCI devices
[    0.700665] Booting paravirtualized kernel on bare hardware
[    0.700670] clocksource: refined-jiffies: mask: 0xffffffff max_cycles: 0xffffffff, max_idle_ns: 7645519600211568 ns
[    0.700682] setup_percpu: NR_CPUS:8192 nr_cpumask_bits:160 nr_cpu_ids:160 nr_node_ids:2
[    0.707460] percpu: Embedded 62 pages/cpu s217088 r8192 d28672 u262144
[    0.707669] Built 2 zonelists, mobility grouping on.  Total pages: 65987867
[    0.707672] Policy zone: Normal
[    0.707675] Kernel command line: BOOT_IMAGE=/boot/vmlinuz-5.15.0-152-generic root=UUID=4cbf4c87-458d-4da9-b05b-a5fd1528f559 ro copytoram console=ttyS0,115200
[    0.707760] Unknown kernel command line parameters "copytoram BOOT_IMAGE=/boot/vmlinuz-5.15.0-152-generic", will be passed to user space.
[    0.707763] printk: log_buf_len individual max cpu contribution: 4096 bytes
[    0.707765] printk: log_buf_len total cpu_extra contributions: 651264 bytes
[    0.707766] printk: log_buf_len min size: 262144 bytes
[    0.708705] printk: log_buf_len: 1048576 bytes
[    0.708707] printk: early log buf free: 238976(91%)
[    0.713143] mem auto-init: stack:off, heap alloc:on, heap free:off
[    1.311273] Memory: 263493212K/268141824K available (16393K kernel code, 4397K rwdata, 10988K rodata, 3284K init, 18780K bss, 4648408K reserved, 0K cma-reserved)
[    1.312822] SLUB: HWalign=64, Order=0-3, MinObjects=0, CPUs=160, Nodes=2
[    1.312925] ftrace: allocating 50858 entries in 199 pages
[    1.347878] ftrace: allocated 199 pages with 5 groups
[    1.348948] rcu: Hierarchical RCU implementation.
[    1.348950] rcu: 	RCU restricting CPUs from NR_CPUS=8192 to nr_cpu_ids=160.
[    1.348953] 	Rude variant of Tasks RCU enabled.
[    1.348954] 	Tracing variant of Tasks RCU enabled.
[    1.348956] rcu: RCU calculated value of scheduler-enlistment delay is 25 jiffies.
[    1.348957] rcu: Adjusting geometry for rcu_fanout_leaf=16, nr_cpu_ids=160
[    1.354853] NR_IRQS: 524544, nr_irqs: 1704, preallocated irqs: 16
[    1.355527] random: crng init done
[    1.355900] Console: colour dummy device 80x25
[    3.740589] printk: console [ttyS0] enabled
[    3.745700] mempolicy: Enabling automatic NUMA balancing. Configure with numa_balancing= or the kernel.numa_balancing sysctl
[    3.758313] ACPI: Core revision 20210730
[    3.765295] clocksource: hpet: mask: 0xffffffff max_cycles: 0xffffffff, max_idle_ns: 76450417870 ns
[    3.775543] APIC: Switch to symmetric I/O mode setup
[    3.781145] DMAR: Host address width 46
[    3.785476] DMAR: DRHD base: 0x000000d97fc000 flags: 0x0
[    3.791458] DMAR: dmar0: reg_base_addr d97fc000 ver 6:0 cap 9ed008c40780466 ecap 3ee9e86f050df
[    3.801155] DMAR: DRHD base: 0x000000e17fc000 flags: 0x0
[    3.807133] DMAR: dmar1: reg_base_addr e17fc000 ver 6:0 cap 9ed008c40780466 ecap 3ee9e86f050df
[    3.816830] DMAR: DRHD base: 0x000000e97fc000 flags: 0x0
[    3.822808] DMAR: dmar2: reg_base_addr e97fc000 ver 6:0 cap 9ed008c40780466 ecap 3ee9e86f050df
[    3.832504] DMAR: DRHD base: 0x000000f17fc000 flags: 0x0
[    3.838482] DMAR: dmar3: reg_base_addr f17fc000 ver 6:0 cap 9ed008c40780466 ecap 3ee9e86f050df
[    3.848178] DMAR: DRHD base: 0x000000f97fc000 flags: 0x0
[    3.854154] DMAR: dmar4: reg_base_addr f97fc000 ver 6:0 cap 9ed008c40780466 ecap 3ee9e86f050df
[    3.863839] DMAR: DRHD base: 0x000000d13fc000 flags: 0x0
[    3.869816] DMAR: dmar5: reg_base_addr d13fc000 ver 6:0 cap 9ed008c40780466 ecap 3ee9e86f050df
[    3.879498] DMAR: DRHD base: 0x000000f9ffc000 flags: 0x0
[    3.885478] DMAR: dmar6: reg_base_addr f9ffc000 ver 6:0 cap 9ed008c40780466 ecap 3ef9ea6f050df
[    3.895174] DMAR: DRHD base: 0x000000fa7fc000 flags: 0x0
[    3.901151] DMAR: dmar7: reg_base_addr fa7fc000 ver 6:0 cap 9ed008c40780466 ecap 3ef9ea6f050df
[    3.910846] DMAR: DRHD base: 0x000000faffc000 flags: 0x0
[    3.916831] DMAR: dmar8: reg_base_addr faffc000 ver 6:0 cap 9ed008c40780466 ecap 3ef9ea6f050df
[    3.926527] DMAR: DRHD base: 0x000000fb7fc000 flags: 0x0
[    3.932505] DMAR: dmar9: reg_base_addr fb7fc000 ver 6:0 cap 9ed008c40780466 ecap 3ef9ea6f050df
[    3.942202] DMAR: DRHD base: 0x0000009f7fc000 flags: 0x0
[    3.948179] DMAR: dmar10: reg_base_addr 9f7fc000 ver 6:0 cap 9ed008c40780466 ecap 3ee9e86f050df
[    3.957972] DMAR: DRHD base: 0x000000a93fc000 flags: 0x0
[    3.963947] DMAR: dmar11: reg_base_addr a93fc000 ver 6:0 cap 9ed008c40780466 ecap 3ee9e86f050df
[    3.973739] DMAR: DRHD base: 0x000000b2ffc000 flags: 0x0
[    3.979715] DMAR: dmar12: reg_base_addr b2ffc000 ver 6:0 cap 9ed008c40780466 ecap 3ee9e86f050df
[    3.989509] DMAR: DRHD base: 0x000000bcbfc000 flags: 0x0
[    3.995500] DMAR: dmar13: reg_base_addr bcbfc000 ver 6:0 cap 9ed008c40780466 ecap 3ee9e86f050df
[    4.005292] DMAR: DRHD base: 0x000000c67fc000 flags: 0x0
[    4.011269] DMAR: dmar14: reg_base_addr c67fc000 ver 6:0 cap 9ed008c40780466 ecap 3ee9e86f050df
[    4.021062] DMAR: DRHD base: 0x000000c6ffc000 flags: 0x0
[    4.027041] DMAR: dmar15: reg_base_addr c6ffc000 ver 6:0 cap 9ed008c40780466 ecap 3ef9ea6f050df
[    4.036834] DMAR: DRHD base: 0x000000c77fc000 flags: 0x0
[    4.042812] DMAR: dmar16: reg_base_addr c77fc000 ver 6:0 cap 9ed008c40780466 ecap 3ef9ea6f050df
[    4.052589] DMAR: DRHD base: 0x000000c7ffc000 flags: 0x0
[    4.058565] DMAR: dmar17: reg_base_addr c7ffc000 ver 6:0 cap 9ed008c40780466 ecap 3ef9ea6f050df
[    4.068357] DMAR: DRHD base: 0x000000c87fc000 flags: 0x0
[    4.074335] DMAR: dmar18: reg_base_addr c87fc000 ver 6:0 cap 9ed008c40780466 ecap 3ef9ea6f050df
[    4.084125] DMAR: DRHD base: 0x000000957fc000 flags: 0x1
[    4.090103] DMAR: dmar19: reg_base_addr 957fc000 ver 6:0 cap 9ed008c40780466 ecap 3ee9e86f050df
[    4.099896] DMAR: RMRR base: 0x0000007700b000 end: 0x0000007702dfff
[    4.106944] DMAR: RMRR base: 0x00000074a9b000 end: 0x00000074ce4fff
[    4.113990] DMAR: ATSR flags: 0x0
[    4.117724] DMAR: RHSA base: 0x000000957fc000 proximity domain: 0x0
[    4.124773] DMAR: RHSA base: 0x0000009f7fc000 proximity domain: 0x0
[    4.131820] DMAR: RHSA base: 0x000000a93fc000 proximity domain: 0x0
[    4.138867] DMAR: RHSA base: 0x000000b2ffc000 proximity domain: 0x0
[    4.145913] DMAR: RHSA base: 0x000000bcbfc000 proximity domain: 0x0
[    4.152960] DMAR: RHSA base: 0x000000c67fc000 proximity domain: 0x0
[    4.160006] DMAR: RHSA base: 0x000000c6ffc000 proximity domain: 0x0
[    4.167053] DMAR: RHSA base: 0x000000c77fc000 proximity domain: 0x0
[    4.174098] DMAR: RHSA base: 0x000000c7ffc000 proximity domain: 0x0
[    4.181145] DMAR: RHSA base: 0x000000c87fc000 proximity domain: 0x0
[    4.188192] DMAR: RHSA base: 0x000000d97fc000 proximity domain: 0x1
[    4.195240] DMAR: RHSA base: 0x000000e17fc000 proximity domain: 0x1
[    4.202288] DMAR: RHSA base: 0x000000e97fc000 proximity domain: 0x1
[    4.209335] DMAR: RHSA base: 0x000000f17fc000 proximity domain: 0x1
[    4.216383] DMAR: RHSA base: 0x000000f97fc000 proximity domain: 0x1
[    4.223429] DMAR: RHSA base: 0x000000d13fc000 proximity domain: 0x1
[    4.230478] DMAR: RHSA base: 0x000000f9ffc000 proximity domain: 0x1
[    4.237524] DMAR: RHSA base: 0x000000fa7fc000 proximity domain: 0x1
[    4.244571] DMAR: RHSA base: 0x000000faffc000 proximity domain: 0x1
[    4.251619] DMAR: RHSA base: 0x000000fb7fc000 proximity domain: 0x1
[    4.258668] DMAR: SATC flags: 0x0
[    4.262402] DMAR-IR: IOAPIC id 8 under DRHD base  0x957fc000 IOMMU 19
[    4.269660] DMAR-IR: HPET id 0 under DRHD base 0x957fc000
[    4.275735] DMAR-IR: Queued invalidation will be enabled to support x2apic and Intr-remapping.
[    4.291816] DMAR-IR: Enabled IRQ remapping in x2apic mode
[    4.299198] ..TIMER: vector=0x30 apic1=0 pin1=2 apic2=-1 pin2=-1
[    4.323510] clocksource: tsc-early: mask: 0xffffffffffffffff max_cycles: 0x39a85c9bff6, max_idle_ns: 881590591483 ns
[    4.335343] Calibrating delay loop (skipped), value calculated using timer frequency.. 4000.00 BogoMIPS (lpj=8000000)
[    4.339424] x86/cpu: SGX disabled by BIOS.
[    4.343349] CPU0: Thermal monitoring enabled (TM1)
[    4.347342] x86/cpu: User Mode Instruction Prevention (UMIP) activated
[    4.351834] process: using mwait in idle threads
[    4.355344] Last level iTLB entries: 4KB 0, 2MB 0, 4MB 0
[    4.359340] Last level dTLB entries: 4KB 0, 2MB 0, 4MB 0, 1GB 0
[    4.363346] Spectre V1 : Mitigation: usercopy/swapgs barriers and __user pointer sanitization
[    4.367343] Spectre V2 : Mitigation: Enhanced / Automatic IBRS
[    4.371340] Spectre V2 : Spectre v2 / PBRSB-eIBRS: Retire a single CALL on VMEXIT
[    4.375341] Spectre V2 : User space: Vulnerable
[    4.379341] Speculative Store Bypass: Mitigation: Speculative Store Bypass disabled via prctl and seccomp
[    4.383405] x86/fpu: Supporting XSAVE feature 0x001: 'x87 floating point registers'
[    4.387340] x86/fpu: Supporting XSAVE feature 0x002: 'SSE registers'
[    4.391340] x86/fpu: Supporting XSAVE feature 0x004: 'AVX registers'
[    4.395340] x86/fpu: Supporting XSAVE feature 0x020: 'AVX-512 opmask'
[    4.399340] x86/fpu: Supporting XSAVE feature 0x040: 'AVX-512 Hi256'
[    4.403340] x86/fpu: Supporting XSAVE feature 0x080: 'AVX-512 ZMM_Hi256'
[    4.407340] x86/fpu: Supporting XSAVE feature 0x200: 'Protection Keys User registers'
[    4.411340] x86/fpu: Supporting XSAVE feature 0x400: 'PASID state'
[    4.415340] x86/fpu: Supporting XSAVE feature 0x20000: 'AMX Tile config'
[    4.419340] x86/fpu: Supporting XSAVE feature 0x40000: 'AMX Tile data'
[    4.423351] x86/fpu: xstate_offset[2]:  576, xstate_sizes[2]:  256
[    4.427340] x86/fpu: xstate_offset[5]:  832, xstate_sizes[5]:   64
[    4.431340] x86/fpu: xstate_offset[6]:  896, xstate_sizes[6]:  512
[    4.435340] x86/fpu: xstate_offset[7]: 1408, xstate_sizes[7]: 1024
[    4.439340] x86/fpu: xstate_offset[9]: 2432, xstate_sizes[9]:    8
[    4.443340] x86/fpu: xstate_offset[10]: 2440, xstate_sizes[10]:    8
[    4.447340] x86/fpu: xstate_offset[17]: 2496, xstate_sizes[17]:   64
[    4.451340] x86/fpu: xstate_offset[18]: 2560, xstate_sizes[18]: 8192
[    4.455340] x86/fpu: Enabled xstate features 0x606e7, context size is 10752 bytes, using 'compacted' format.
[    4.489571] Freeing SMP alternatives memory: 44K
[    4.491341] pid_max: default: 163840 minimum: 1280
[    4.502144] LSM: Security Framework initializing
[    4.503371] landlock: Up and running.
[    4.507340] Yama: becoming mindful.
[    4.511395] AppArmor: AppArmor initialized
[    4.538725] Dentry cache hash table entries: 16777216 (order: 15, 134217728 bytes, vmalloc)
[    4.550902] Inode-cache hash table entries: 8388608 (order: 14, 67108864 bytes, vmalloc)
[    4.551752] Mount-cache hash table entries: 262144 (order: 9, 2097152 bytes, vmalloc)
[    4.555684] Mountpoint-cache hash table entries: 262144 (order: 9, 2097152 bytes, vmalloc)
[    4.564010] smpboot: Estimated ratio of average max frequency by base frequency (times 1024): 1587
[    4.567363] smpboot: CPU0: Intel(R) Xeon(R) Platinum 8460Y+ (family: 0x6, model: 0x8f, stepping: 0x8)
[    4.571656] Performance Events: XSAVE Architectural LBR, PEBS fmt4+-baseline,  AnyThread deprecated, Sapphire Rapids events, 32-deep LBR, full-width counters, Intel PMU driver.
[    4.575341] ... version:                5
[    4.579340] ... bit width:              48
[    4.583340] ... generic registers:      8
[    4.587340] ... value mask:             0000ffffffffffff
[    4.591340] ... max period:             00007fffffffffff
[    4.595340] ... fixed-purpose events:   4
[    4.599340] ... event mask:             0001000f000000ff
[    4.603499] signal: max sigframe size: 11952
[    4.607360] rcu: Hierarchical SRCU implementation.
[    4.622827] NMI watchdog: Enabled. Permanently consumes one hw-PMU counter.
[    4.624963] smp: Bringing up secondary CPUs ...
[    4.627483] x86: Booting SMP configuration:
[    4.631344] .... node  #0, CPUs:          #1   #2   #3   #4   #5   #6   #7   #8   #9  #10  #11  #12  #13  #14  #15  #16  #17  #18  #19  #20  #21  #22  #23  #24  #25  #26  #27  #28  #29  #30  #31  #32  #33  #34  #35  #36  #37  #38  #39
[    5.787343] .... node  #1, CPUs:    #40
[    2.663822] smpboot: CPU 40 Converting physical 0 to logical die 1
[    5.867502]   #41  #42  #43  #44  #45  #46  #47  #48  #49  #50  #51  #52  #53  #54  #55  #56  #57  #58  #59  #60  #61  #62  #63  #64  #65  #66  #67  #68  #69  #70  #71  #72  #73  #74  #75  #76  #77  #78  #79
[    7.039342] .... node  #0, CPUs:    #80  #81  #82  #83  #84  #85  #86  #87  #88  #89  #90  #91  #92  #93  #94  #95  #96  #97  #98  #99 #100 #101 #102 #103 #104 #105 #106 #107 #108 #109 #110 #111 #112 #113 #114 #115 #116 #117 #118 #119
[    8.231342] .... node  #1, CPUs:   #120 #121 #122 #123 #124 #125 #126 #127 #128 #129 #130 #131 #132 #133 #134 #135 #136 #137 #138 #139 #140 #141 #142 #143 #144 #145 #146 #147 #148 #149 #150 #151 #152 #153 #154 #155 #156 #157 #158 #159
[    9.434918] smp: Brought up 2 nodes, 160 CPUs
[    9.439341] smpboot: Max logical packages: 2
[    9.443344] smpboot: Total of 160 processors activated (638832.64 BogoMIPS)
[    9.470532] devtmpfs: initialized
[    9.471467] x86/mm: Memory block size: 2048MB
[    9.476348] ACPI: PM: Registering ACPI NVS region [mem 0x70ba1000-0x73fc6fff] (54681600 bytes)
[    9.480014] clocksource: jiffies: mask: 0xffffffff max_cycles: 0xffffffff, max_idle_ns: 7645041785100000 ns
[    9.483964] futex hash table entries: 65536 (order: 10, 4194304 bytes, vmalloc)
[    9.487945] pinctrl core: initialized pinctrl subsystem
[    9.491557] PM: RTC time: 17:11:19, date: 2025-09-23
[    9.495720] NET: Registered PF_NETLINK/PF_ROUTE protocol family
[    9.500008] DMA: preallocated 4096 KiB GFP_KERNEL pool for atomic allocations
[    9.503744] DMA: preallocated 4096 KiB GFP_KERNEL|GFP_DMA pool for atomic allocations
[    9.507742] DMA: preallocated 4096 KiB GFP_KERNEL|GFP_DMA32 pool for atomic allocations
[    9.511349] audit: initializing netlink subsys (disabled)
[    9.515377] audit: type=2000 audit(1758647473.500:1): state=initialized audit_enabled=0 res=1
[    9.515604] thermal_sys: Registered thermal governor 'fair_share'
[    9.519341] thermal_sys: Registered thermal governor 'bang_bang'
[    9.523341] thermal_sys: Registered thermal governor 'step_wise'
[    9.527340] thermal_sys: Registered thermal governor 'user_space'
[    9.531340] thermal_sys: Registered thermal governor 'power_allocator'
[    9.535372] cpuidle: using governor ladder
[    9.543359] cpuidle: using governor menu
[    9.547488] ACPI FADT declares the system doesn't support PCIe ASPM, so disable it
[    9.551342] ACPI: bus type PCI registered
[    9.555341] acpiphp: ACPI Hot Plug PCI Controller Driver version: 0.5
[    9.559576] PCI: MMCONFIG for domain 0000 [bus 00-ff] at [mem 0x80000000-0x8fffffff] (base 0x80000000)
[    9.563344] PCI: MMCONFIG at [mem 0x80000000-0x8fffffff] reserved in E820
[    9.567365] PCI: Using configuration type 1 for base access
[    9.575136] ENERGY_PERF_BIAS: Set to 'normal', was 'performance'
[    9.580598] kprobes: kprobe jump-optimization is enabled. All kprobes are optimized if possible.
[    9.583413] HugeTLB registered 1.00 GiB page size, pre-allocated 0 pages
[    9.587342] HugeTLB registered 2.00 MiB page size, pre-allocated 0 pages
[    9.591791] ACPI: Added _OSI(Module Device)
[    9.595344] ACPI: Added _OSI(Processor Device)
[    9.599341] ACPI: Added _OSI(3.0 _SCP Extensions)
[    9.603340] ACPI: Added _OSI(Processor Aggregator Device)
[    9.607341] ACPI: Added _OSI(Linux-Dell-Video)
[    9.611341] ACPI: Added _OSI(Linux-Lenovo-NV-HDMI-Audio)
[    9.615341] ACPI: Added _OSI(Linux-HPI-Hybrid-Graphics)
[    9.923327] ACPI: 7 ACPI AML tables successfully acquired and loaded
[    9.944715] ACPI: \_SB_.SCK0.C000: _OSC native thermal LVT Acked
[    9.948827] ACPI: Dynamic OEM Table Load:
[   10.198465] ACPI: Dynamic OEM Table Load:
[   10.239056] ACPI: Dynamic OEM Table Load:
[   10.728933] ACPI: Interpreter enabled
[   10.731383] ACPI: PM: (supports S0 S5)
[   10.735340] ACPI: Using IOAPIC for interrupt routing
[   10.739437] HEST: Table parsing has been initialized.
[   10.743486] GHES: APEI firmware first mode is enabled by APEI bit and WHEA _OSC.
[   10.747343] PCI: Using host bridge windows from ACPI; if necessary, use "pci=nocrs" and report a bug
[   10.751340] PCI: Using E820 reservations for host bridge windows
[   10.793875] ACPI: Enabled 2 GPEs in block 00 to 7F
[   11.011967] ACPI: PCI Root Bridge [PC00] (domain 0000 [bus 00-14])
[   11.015345] acpi PNP0A08:00: _OSC: OS supports [ExtendedConfig ASPM ClockPM Segments MSI EDR HPX-Type3]
[   11.054171] acpi PNP0A08:00: _OSC: platform does not support [SHPCHotplug AER LTR DPC]
[   11.055608] acpi PNP0A08:00: _OSC: OS now controls [PCIeHotplug PME PCIeCapability]
[   11.059340] acpi PNP0A08:00: FADT indicates ASPM is unsupported, using BIOS configuration
[   11.064241] PCI host bridge to bus 0000:00
[   11.067344] pci_bus 0000:00: root bus resource [io  0x0000-0x0cf7 window]
[   11.071355] pci_bus 0000:00: root bus resource [io  0x1000-0x3fff window]
[   11.075340] pci_bus 0000:00: root bus resource [mem 0x000a0000-0x000bffff window]
[   11.079341] pci_bus 0000:00: root bus resource [mem 0x000c8000-0x000cffff window]
[   11.083340] pci_bus 0000:00: root bus resource [mem 0xfe010000-0xfe010fff window]
[   11.087390] pci_bus 0000:00: root bus resource [mem 0x90040000-0x957fffff window]
[   11.091341] pci_bus 0000:00: root bus resource [mem 0x200000000000-0x203fffffffff window]
[   11.095340] pci_bus 0000:00: root bus resource [bus 00-14]
[   11.099446] pci 0000:00:00.0: [8086:09a2] type 00 class 0x088000
[   11.103621] pci 0000:00:00.1: [8086:09a4] type 00 class 0x088000
[   11.107599] pci 0000:00:00.2: [8086:09a3] type 00 class 0x088000
[   11.111686] pci 0000:00:00.4: [8086:0b23] type 00 class 0x080700
[   11.115720] pci 0000:00:0f.0: [8086:1bbf] type 01 class 0x060400
[   11.119367] pci 0000:00:0f.0: reg 0x10: [mem 0x203ffff00000-0x203ffff1ffff 64bit]
[   11.123359] pci 0000:00:0f.0: enabling Extended Tags
[   11.127427] pci 0000:00:0f.0: PME# supported from D0 D3hot D3cold
[   11.131380] pci 0000:00:0f.0: PTM enabled (root), 2ns granularity
[   11.136232] pci 0000:00:14.0: [8086:1bcd] type 00 class 0x0c0330
[   11.139389] pci 0000:00:14.0: reg 0x10: [mem 0x203ffff20000-0x203ffff2ffff 64bit]
[   11.143390] pci 0000:00:14.0: PME# supported from D3hot D3cold
[   11.147692] pci 0000:00:14.2: [8086:1bce] type 00 class 0x050000
[   11.151389] pci 0000:00:14.2: reg 0x10: [mem 0x203ffff30000-0x203ffff33fff 64bit]
[   11.155343] pci 0000:00:14.2: reg 0x18: [mem 0x203ffff37000-0x203ffff37fff 64bit]
[   11.159629] pci 0000:00:14.4: [8086:1bfe] type 00 class 0x060000
[   11.163792] pci 0000:00:16.0: [8086:1be0] type 00 class 0x078000
[   11.167388] pci 0000:00:16.0: reg 0x10: [mem 0x203ffff36000-0x203ffff36fff 64bit]
[   11.171386] pci 0000:00:16.0: PME# supported from D3hot
[   11.175611] pci 0000:00:16.1: [8086:1be1] type 00 class 0x078000
[   11.179388] pci 0000:00:16.1: reg 0x10: [mem 0x203ffff35000-0x203ffff35fff 64bit]
[   11.183386] pci 0000:00:16.1: PME# supported from D3hot
[   11.187614] pci 0000:00:16.4: [8086:1be4] type 00 class 0x078000
[   11.191386] pci 0000:00:16.4: reg 0x10: [mem 0x203ffff34000-0x203ffff34fff 64bit]
[   11.195385] pci 0000:00:16.4: PME# supported from D3hot
[   11.199614] pci 0000:00:1f.0: [8086:1b81] type 00 class 0x060100
[   11.203724] pci 0000:00:1f.5: [8086:1bca] type 00 class 0x0c8000
[   11.207400] pci 0000:00:1f.5: reg 0x10: [mem 0xfe010000-0xfe010fff]
[   11.211342] pci 0000:00:1f.5: reg 0x14: [mem 0x92000000-0x93ffffff]
[   11.215502] pci 0000:01:00.0: [1a03:1150] type 01 class 0x060400
[   11.219403] pci 0000:01:00.0: enabling Extended Tags
[   11.223438] pci 0000:01:00.0: supports D1 D2
[   11.227340] pci 0000:01:00.0: PME# supported from D0 D1 D2 D3hot D3cold
[   11.231471] pci 0000:00:0f.0: PCI bridge to [bus 01-02]
[   11.235343] pci 0000:00:0f.0:   bridge window [io  0x3000-0x3fff]
[   11.239343] pci 0000:00:0f.0:   bridge window [mem 0x94000000-0x950fffff]
[   11.243387] pci_bus 0000:02: extended config space not accessible
[   11.247374] pci 0000:02:00.0: [1a03:2000] type 00 class 0x030000
[   11.251401] pci 0000:02:00.0: reg 0x10: [mem 0x94000000-0x94ffffff]
[   11.255342] pci 0000:02:00.0: reg 0x14: [mem 0x95000000-0x9503ffff]
[   11.259343] pci 0000:02:00.0: reg 0x18: [io  0x3000-0x307f]
[   11.263357] pci 0000:02:00.0: BAR 0: assigned to efifb
[   11.267381] pci 0000:02:00.0: supports D1 D2
[   11.271340] pci 0000:02:00.0: PME# supported from D0 D1 D2 D3hot D3cold
[   11.275441] pci 0000:01:00.0: PCI bridge to [bus 02]
[   11.279346] pci 0000:01:00.0:   bridge window [io  0x3000-0x3fff]
[   11.283343] pci 0000:01:00.0:   bridge window [mem 0x94000000-0x950fffff]
[   11.288305] ACPI: PCI Root Bridge [PC01] (domain 0000 [bus 15-25])
[   11.291342] acpi PNP0A08:01: _OSC: OS supports [ExtendedConfig ASPM ClockPM Segments MSI EDR HPX-Type3]
[   11.309853] acpi PNP0A08:01: _OSC: platform does not support [SHPCHotplug AER DPC]
[   11.311872] acpi PNP0A08:01: _OSC: OS now controls [PCIeHotplug PME PCIeCapability LTR]
[   11.315340] acpi PNP0A08:01: FADT indicates ASPM is unsupported, using BIOS configuration
[   11.319513] PCI host bridge to bus 0000:15
[   11.323341] pci_bus 0000:15: root bus resource [io  0x4000-0x5fff window]
[   11.327340] pci_bus 0000:15: root bus resource [mem 0x95800000-0x9f7fffff window]
[   11.331340] pci_bus 0000:15: root bus resource [mem 0x204000000000-0x207fffffffff window]
[   11.335341] pci_bus 0000:15: root bus resource [bus 15-25]
[   11.339361] pci 0000:15:00.0: [8086:09a2] type 00 class 0x088000
[   11.343446] pci 0000:15:00.1: [8086:09a4] type 00 class 0x088000
[   11.347441] pci 0000:15:00.2: [8086:09a3] type 00 class 0x088000
[   11.351452] pci 0000:15:00.4: [8086:0b23] type 00 class 0x080700
[   11.355500] pci 0000:15:01.0: [8086:352a] type 01 class 0x060400
[   11.359357] pci 0000:15:01.0: reg 0x10: [mem 0x207ffff00000-0x207ffff1ffff 64bit]
[   11.363401] pci 0000:15:01.0: PME# supported from D0 D3hot D3cold
[   11.367370] pci 0000:15:01.0: PTM enabled (root), 2ns granularity
[   11.371882] pci 0000:16:00.0: [1137:025f] type 01 class 0x060400
[   11.375428] pci 0000:16:00.0: supports D1 D2
[   11.379453] pci 0000:15:01.0: PCI bridge to [bus 16-1a]
[   11.383343] pci 0000:15:01.0:   bridge window [mem 0x9f500000-0x9f6fffff]
[   11.387428] pci 0000:17:00.0: [1137:0041] type 01 class 0x060400
[   11.391474] pci 0000:17:00.0: reg 0x10: [mem 0x9f600000-0x9f63ffff 64bit]
[   11.395471] pci 0000:17:00.0: PME# supported from D0 D3hot D3cold
[   11.399451] pci 0000:16:00.0: PCI bridge to [bus 17-1a]
[   11.403345] pci 0000:16:00.0:   bridge window [mem 0x9f500000-0x9f6fffff]
[   11.407428] pci 0000:18:00.0: [1137:0040] type 01 class 0x060400
[   11.411582] pci 0000:18:00.0: PME# supported from D0 D3hot D3cold
[   11.415491] pci 0000:17:00.0: PCI bridge to [bus 18-1a]
[   11.419344] pci 0000:17:00.0:   bridge window [mem 0x9f500000-0x9f5fffff]
[   11.423477] pci 0000:19:00.0: [1137:0041] type 01 class 0x060400
[   11.427590] pci 0000:19:00.0: PME# supported from D0 D3hot D3cold
[   11.431451] pci 0000:18:00.0: PCI bridge to [bus 19-1a]
[   11.435344] pci 0000:18:00.0:   bridge window [mem 0x9f500000-0x9f5fffff]
[   11.439474] pci 0000:1a:00.0: [1137:0043] type 00 class 0x020000
[   11.443555] pci 0000:1a:00.0: reg 0x10: [mem 0x9f500000-0x9f50ffff 64bit]
[   11.447342] pci 0000:1a:00.0: reg 0x18: [mem 0x9f510000-0x9f511fff 64bit]
[   11.451713] pci 0000:19:00.0: PCI bridge to [bus 1a]
[   11.455344] pci 0000:19:00.0:   bridge window [mem 0x9f500000-0x9f5fffff]
[   11.459728] ACPI: PCI Root Bridge [PC02] (domain 0000 [bus 26-36])
[   11.463342] acpi PNP0A08:02: _OSC: OS supports [ExtendedConfig ASPM ClockPM Segments MSI EDR HPX-Type3]
[   11.481588] acpi PNP0A08:02: _OSC: platform does not support [SHPCHotplug AER DPC]
[   11.483870] acpi PNP0A08:02: _OSC: OS now controls [PCIeHotplug PME PCIeCapability LTR]
[   11.487340] acpi PNP0A08:02: FADT indicates ASPM is unsupported, using BIOS configuration
[   11.491488] PCI host bridge to bus 0000:26
[   11.495340] pci_bus 0000:26: root bus resource [io  0x6000-0x6fff window]
[   11.499342] pci_bus 0000:26: root bus resource [mem 0x9f800000-0xa93fffff window]
[   11.503340] pci_bus 0000:26: root bus resource [mem 0x208000000000-0x20bfffffffff window]
[   11.507340] pci_bus 0000:26: root bus resource [bus 26-36]
[   11.511361] pci 0000:26:00.0: [8086:09a2] type 00 class 0x088000
[   11.515445] pci 0000:26:00.1: [8086:09a4] type 00 class 0x088000
[   11.519440] pci 0000:26:00.2: [8086:09a3] type 00 class 0x088000
[   11.523453] pci 0000:26:00.4: [8086:0b23] type 00 class 0x080700
[   11.527645] ACPI: PCI Root Bridge [PC03] (domain 0000 [bus 37-47])
[   11.531342] acpi PNP0A08:03: _OSC: OS supports [ExtendedConfig ASPM ClockPM Segments MSI EDR HPX-Type3]
[   11.549628] acpi PNP0A08:03: _OSC: platform does not support [SHPCHotplug AER DPC]
[   11.551871] acpi PNP0A08:03: _OSC: OS now controls [PCIeHotplug PME PCIeCapability LTR]
[   11.555340] acpi PNP0A08:03: FADT indicates ASPM is unsupported, using BIOS configuration
[   11.559486] PCI host bridge to bus 0000:37
[   11.563341] pci_bus 0000:37: root bus resource [io  0x7000-0x7fff window]
[   11.567341] pci_bus 0000:37: root bus resource [mem 0xa9400000-0xb2ffffff window]
[   11.571340] pci_bus 0000:37: root bus resource [mem 0x20c000000000-0x20ffffffffff window]
[   11.575341] pci_bus 0000:37: root bus resource [bus 37-47]
[   11.579360] pci 0000:37:00.0: [8086:09a2] type 00 class 0x088000
[   11.583443] pci 0000:37:00.1: [8086:09a4] type 00 class 0x088000
[   11.587440] pci 0000:37:00.2: [8086:09a3] type 00 class 0x088000
[   11.591453] pci 0000:37:00.4: [8086:0b23] type 00 class 0x080700
[   11.595636] ACPI: PCI Root Bridge [PC04] (domain 0000 [bus 48-58])
[   11.599342] acpi PNP0A08:04: _OSC: OS supports [ExtendedConfig ASPM ClockPM Segments MSI EDR HPX-Type3]
[   11.617842] acpi PNP0A08:04: _OSC: platform does not support [SHPCHotplug AER DPC]
[   11.619876] acpi PNP0A08:04: _OSC: OS now controls [PCIeHotplug PME PCIeCapability LTR]
[   11.623340] acpi PNP0A08:04: FADT indicates ASPM is unsupported, using BIOS configuration
[   11.627482] PCI host bridge to bus 0000:48
[   11.631341] pci_bus 0000:48: root bus resource [io  0x8000-0x8fff window]
[   11.635340] pci_bus 0000:48: root bus resource [mem 0xb3000000-0xbcbfffff window]
[   11.639340] pci_bus 0000:48: root bus resource [mem 0x210000000000-0x213fffffffff window]
[   11.643340] pci_bus 0000:48: root bus resource [bus 48-58]
[   11.647360] pci 0000:48:00.0: [8086:09a2] type 00 class 0x088000
[   11.651442] pci 0000:48:00.1: [8086:09a4] type 00 class 0x088000
[   11.655446] pci 0000:48:00.2: [8086:09a3] type 00 class 0x088000
[   11.659457] pci 0000:48:00.4: [8086:0b23] type 00 class 0x080700
[   11.663504] pci 0000:48:01.0: [8086:352a] type 01 class 0x060400
[   11.667358] pci 0000:48:01.0: reg 0x10: [mem 0x213ffff40000-0x213ffff5ffff 64bit]
[   11.671352] pci 0000:48:01.0: enabling Extended Tags
[   11.675392] pci 0000:48:01.0: PME# supported from D0 D3hot D3cold
[   11.679369] pci 0000:48:01.0: PTM enabled (root), 2ns granularity
[   11.683680] pci 0000:48:05.0: [8086:352c] type 01 class 0x060400
[   11.687358] pci 0000:48:05.0: reg 0x10: [mem 0x213ffff20000-0x213ffff3ffff 64bit]
[   11.691352] pci 0000:48:05.0: enabling Extended Tags
[   11.695391] pci 0000:48:05.0: PME# supported from D0 D3hot D3cold
[   11.699368] pci 0000:48:05.0: PTM enabled (root), 2ns granularity
[   11.703668] pci 0000:48:07.0: [8086:352d] type 01 class 0x060400
[   11.707358] pci 0000:48:07.0: reg 0x10: [mem 0x213ffff00000-0x213ffff1ffff 64bit]
[   11.711352] pci 0000:48:07.0: enabling Extended Tags
[   11.715391] pci 0000:48:07.0: PME# supported from D0 D3hot D3cold
[   11.719368] pci 0000:48:07.0: PTM enabled (root), 2ns granularity
[   11.723877] pci 0000:49:00.0: [1b4b:9230] type 00 class 0x010601
[   11.727377] pci 0000:49:00.0: reg 0x10: [io  0x8050-0x8057]
[   11.731341] pci 0000:49:00.0: reg 0x14: [io  0x8040-0x8043]
[   11.735341] pci 0000:49:00.0: reg 0x18: [io  0x8030-0x8037]
[   11.739342] pci 0000:49:00.0: reg 0x1c: [io  0x8020-0x8023]
[   11.743341] pci 0000:49:00.0: reg 0x20: [io  0x8000-0x801f]
[   11.747341] pci 0000:49:00.0: reg 0x24: [mem 0xbca40000-0xbca407ff]
[   11.751341] pci 0000:49:00.0: reg 0x30: [mem 0xbca00000-0xbca3ffff pref]
[   11.755356] pci 0000:49:00.0: Enabling fixed DMA alias to 00.1
[   11.759373] pci 0000:49:00.0: PME# supported from D3hot
[   11.763409] pci 0000:48:01.0: PCI bridge to [bus 49]
[   11.767342] pci 0000:48:01.0:   bridge window [io  0x8000-0x8fff]
[   11.771342] pci 0000:48:01.0:   bridge window [mem 0xbca00000-0xbcafffff]
[   11.775502] pci 0000:48:05.0: PCI bridge to [bus 4a]
[   11.779504] pci 0000:48:07.0: PCI bridge to [bus 4b]
[   11.783526] ACPI: PCI Root Bridge [PC05] (domain 0000 [bus 59-69])
[   11.787342] acpi PNP0A08:05: _OSC: OS supports [ExtendedConfig ASPM ClockPM Segments MSI EDR HPX-Type3]
[   11.805967] acpi PNP0A08:05: _OSC: platform does not support [SHPCHotplug AER DPC]
[   11.807879] acpi PNP0A08:05: _OSC: OS now controls [PCIeHotplug PME PCIeCapability LTR]
[   11.811340] acpi PNP0A08:05: FADT indicates ASPM is unsupported, using BIOS configuration
[   11.815479] PCI host bridge to bus 0000:59
[   11.819340] pci_bus 0000:59: root bus resource [io  0x9000-0x9fff window]
[   11.823340] pci_bus 0000:59: root bus resource [mem 0xbcc00000-0xc67fffff window]
[   11.827340] pci_bus 0000:59: root bus resource [mem 0x214000000000-0x217fffffffff window]
[   11.831340] pci_bus 0000:59: root bus resource [bus 59-69]
[   11.835361] pci 0000:59:00.0: [8086:09a2] type 00 class 0x088000
[   11.839445] pci 0000:59:00.1: [8086:09a4] type 00 class 0x088000
[   11.843443] pci 0000:59:00.2: [8086:09a3] type 00 class 0x088000
[   11.847451] pci 0000:59:00.4: [8086:0b23] type 00 class 0x080700
[   11.851521] pci 0000:59:01.0: [8086:352a] type 01 class 0x060400
[   11.855362] pci 0000:59:01.0: reg 0x10: [mem 0x217ffff60000-0x217ffff7ffff 64bit]
[   11.859354] pci 0000:59:01.0: enabling Extended Tags
[   11.863460] pci 0000:59:01.0: PME# supported from D0 D3hot D3cold
[   11.867371] pci 0000:59:01.0: PTM enabled (root), 2ns granularity
[   11.871684] pci 0000:59:03.0: [8086:352b] type 01 class 0x060400
[   11.875358] pci 0000:59:03.0: reg 0x10: [mem 0x217ffff40000-0x217ffff5ffff 64bit]
[   11.879352] pci 0000:59:03.0: enabling Extended Tags
[   11.883393] pci 0000:59:03.0: PME# supported from D0 D3hot D3cold
[   11.887371] pci 0000:59:03.0: PTM enabled (root), 2ns granularity
[   11.891675] pci 0000:59:05.0: [8086:352c] type 01 class 0x060400
[   11.895358] pci 0000:59:05.0: reg 0x10: [mem 0x217ffff20000-0x217ffff3ffff 64bit]
[   11.899352] pci 0000:59:05.0: enabling Extended Tags
[   11.903392] pci 0000:59:05.0: PME# supported from D0 D3hot D3cold
[   11.907369] pci 0000:59:05.0: PTM enabled (root), 2ns granularity
[   11.911668] pci 0000:59:07.0: [8086:352d] type 01 class 0x060400
[   11.915358] pci 0000:59:07.0: reg 0x10: [mem 0x217ffff00000-0x217ffff1ffff 64bit]
[   11.919353] pci 0000:59:07.0: enabling Extended Tags
[   11.923391] pci 0000:59:07.0: PME# supported from D0 D3hot D3cold
[   11.927371] pci 0000:59:07.0: PTM enabled (root), 2ns granularity
[   11.931809] pci 0000:59:01.0: PCI bridge to [bus 5a]
[   11.935504] pci 0000:59:03.0: PCI bridge to [bus 5b]
[   11.939505] pci 0000:59:05.0: PCI bridge to [bus 5c]
[   11.943512] pci 0000:59:07.0: PCI bridge to [bus 5d]
[   11.947604] ACPI: PCI Root Bridge [DI08] (domain 0000 [bus 6a])
[   11.951342] acpi PNP0A08:07: _OSC: OS supports [ExtendedConfig ASPM ClockPM Segments MSI EDR HPX-Type3]
[   11.968947] acpi PNP0A08:07: _OSC: platform does not support [SHPCHotplug AER DPC]
[   11.971481] acpi PNP0A08:07: _OSC: OS now controls [PCIeHotplug PME PCIeCapability LTR]
[   11.975340] acpi PNP0A08:07: FADT indicates ASPM is unsupported, using BIOS configuration
[   11.979440] PCI host bridge to bus 0000:6a
[   11.983340] pci_bus 0000:6a: root bus resource [mem 0xc6800000-0xc6ffffff window]
[   11.987340] pci_bus 0000:6a: root bus resource [mem 0x218500000000-0x21bfffffffff window]
[   11.991340] pci_bus 0000:6a: root bus resource [bus 6a]
[   11.995354] pci 0000:6a:00.0: [8086:09a2] type 00 class 0x088000
[   11.999427] pci 0000:6a:00.1: [8086:09a4] type 00 class 0x088000
[   12.003427] pci 0000:6a:00.2: [8086:09a3] type 00 class 0x088000
[   12.007429] pci 0000:6a:00.4: [8086:0b23] type 00 class 0x080700
[   12.011473] pci 0000:6a:01.0: [8086:0b25] type 00 class 0x088000
[   12.015365] pci 0000:6a:01.0: reg 0x10: [mem 0x21bffff50000-0x21bffff5ffff 64bit pref]
[   12.019342] pci 0000:6a:01.0: reg 0x18: [mem 0x21bffff20000-0x21bffff3ffff 64bit pref]
[   12.023452] pci 0000:6a:02.0: [8086:0cfe] type 00 class 0x088000
[   12.027365] pci 0000:6a:02.0: reg 0x10: [mem 0x21bffff40000-0x21bffff4ffff 64bit pref]
[   12.031342] pci 0000:6a:02.0: reg 0x18: [mem 0x21bffff00000-0x21bffff1ffff 64bit pref]
[   12.035447] pci 0000:6a:03.0: [8086:09a6] type 00 class 0x088000
[   12.039368] pci 0000:6a:03.0: reg 0x10: [mem 0xc6e00000-0xc6efffff]
[   12.043423] pci 0000:6a:03.1: [8086:09a7] type 00 class 0x088000
[   12.047370] pci 0000:6a:03.1: reg 0x10: [mem 0xc6f40000-0xc6f41fff]
[   12.051341] pci 0000:6a:03.1: reg 0x14: [mem 0xc6f00000-0xc6f3ffff]
[   12.055606] ACPI: PCI Root Bridge [CP08] (domain 0000 [bus 6b-6c])
[   12.059342] acpi PNP0A08:08: _OSC: OS supports [ExtendedConfig ASPM ClockPM Segments MSI EDR HPX-Type3]
[   12.077116] acpi PNP0A08:08: _OSC: platform does not support [SHPCHotplug AER DPC]
[   12.079481] acpi PNP0A08:08: _OSC: OS now controls [PCIeHotplug PME PCIeCapability LTR]
[   12.083340] acpi PNP0A08:08: FADT indicates ASPM is unsupported, using BIOS configuration
[   12.087422] PCI host bridge to bus 0000:6b
[   12.091341] pci_bus 0000:6b: root bus resource [mem 0x218000000000-0x2180ffffffff window]
[   12.095340] pci_bus 0000:6b: root bus resource [bus 6b-6c]
[   12.099356] pci 0000:6b:00.0: [8086:4940] type 00 class 0x0b4000
[   12.103366] pci 0000:6b:00.0: reg 0x10: [mem 0x218000a00000-0x218000a7ffff 64bit]
[   12.107342] pci 0000:6b:00.0: reg 0x18: [mem 0x218000000000-0x2180007fffff 64bit]
[   12.111342] pci 0000:6b:00.0: reg 0x20: [mem 0x218000800000-0x2180009fffff 64bit]
[   12.115406] pci 0000:6b:00.0: reg 0x174: [mem 0x218000a80000-0x218000a87fff 64bit]
[   12.119340] pci 0000:6b:00.0: VF(n) BAR0 space: [mem 0x218000a80000-0x218000afffff 64bit] (contains BAR0 for 16 VFs)
[   12.123341] pci 0000:6b:00.0: reg 0x17c: [mem 0x218001280000-0x218001281fff 64bit]
[   12.127341] pci 0000:6b:00.0: VF(n) BAR2 space: [mem 0x218001280000-0x21800129ffff 64bit] (contains BAR2 for 16 VFs)
[   12.131341] pci 0000:6b:00.0: reg 0x184: [mem 0x218000e80000-0x218000e87fff 64bit]
[   12.135341] pci 0000:6b:00.0: VF(n) BAR4 space: [mem 0x218000e80000-0x218000efffff 64bit] (contains BAR4 for 16 VFs)
[   12.139577] ACPI: PCI Root Bridge [HQ08] (domain 0000 [bus 6d-6e])
[   12.143341] acpi PNP0A08:09: _OSC: OS supports [ExtendedConfig ASPM ClockPM Segments MSI EDR HPX-Type3]
[   12.161529] acpi PNP0A08:09: _OSC: platform does not support [SHPCHotplug AER DPC]
[   12.163481] acpi PNP0A08:09: _OSC: OS now controls [PCIeHotplug PME PCIeCapability LTR]
[   12.167341] acpi PNP0A08:09: FADT indicates ASPM is unsupported, using BIOS configuration
[   12.171420] PCI host bridge to bus 0000:6d
[   12.175340] pci_bus 0000:6d: root bus resource [mem 0x218100000000-0x2184ffffffff window]
[   12.179341] pci_bus 0000:6d: root bus resource [bus 6d-6e]
[   12.183352] pci 0000:6d:00.0: [8086:2710] type 00 class 0x0b4000
[   12.187365] pci 0000:6d:00.0: reg 0x10: [mem 0x218240000000-0x218243ffffff 64bit pref]
[   12.191342] pci 0000:6d:00.0: reg 0x18: [mem 0x218100000000-0x2181ffffffff 64bit pref]
[   12.195393] pci 0000:6d:00.0: reg 0x12c: [mem 0x218200000000-0x218203ffffff 64bit pref]
[   12.199340] pci 0000:6d:00.0: VF(n) BAR0 space: [mem 0x218200000000-0x21823fffffff 64bit pref] (contains BAR0 for 16 VFs)
[   12.203596] ACPI: PCI Root Bridge [DI09] (domain 0000 [bus 6f-73])
[   12.207342] acpi PNP0A08:0e: _OSC: OS supports [ExtendedConfig ASPM ClockPM Segments MSI EDR HPX-Type3]
[   12.224962] acpi PNP0A08:0e: _OSC: platform does not support [SHPCHotplug AER DPC]
[   12.227479] acpi PNP0A08:0e: _OSC: OS now controls [PCIeHotplug PME PCIeCapability LTR]
[   12.231340] acpi PNP0A08:0e: FADT indicates ASPM is unsupported, using BIOS configuration
[   12.235442] PCI host bridge to bus 0000:6f
[   12.239340] pci_bus 0000:6f: root bus resource [mem 0xc7000000-0xc77fffff window]
[   12.243340] pci_bus 0000:6f: root bus resource [mem 0x21c000000000-0x21ffffffffff window]
[   12.247340] pci_bus 0000:6f: root bus resource [bus 6f-73]
[   12.251354] pci 0000:6f:00.0: [8086:09a2] type 00 class 0x088000
[   12.255430] pci 0000:6f:00.1: [8086:09a4] type 00 class 0x088000
[   12.259432] pci 0000:6f:00.2: [8086:09a3] type 00 class 0x088000
[   12.263438] pci 0000:6f:00.4: [8086:0b23] type 00 class 0x080700
[   12.267802] ACPI: PCI Root Bridge [DI0A] (domain 0000 [bus 74-78])
[   12.271341] acpi PNP0A08:15: _OSC: OS supports [ExtendedConfig ASPM ClockPM Segments MSI EDR HPX-Type3]
[   12.288891] acpi PNP0A08:15: _OSC: platform does not support [SHPCHotplug AER DPC]
[   12.291480] acpi PNP0A08:15: _OSC: OS now controls [PCIeHotplug PME PCIeCapability LTR]
[   12.295340] acpi PNP0A08:15: FADT indicates ASPM is unsupported, using BIOS configuration
[   12.299440] PCI host bridge to bus 0000:74
[   12.303340] pci_bus 0000:74: root bus resource [mem 0xc7800000-0xc7ffffff window]
[   12.307340] pci_bus 0000:74: root bus resource [mem 0x220000000000-0x223fffffffff window]
[   12.311341] pci_bus 0000:74: root bus resource [bus 74-78]
[   12.315354] pci 0000:74:00.0: [8086:09a2] type 00 class 0x088000
[   12.319428] pci 0000:74:00.1: [8086:09a4] type 00 class 0x088000
[   12.323430] pci 0000:74:00.2: [8086:09a3] type 00 class 0x088000
[   12.327432] pci 0000:74:00.4: [8086:0b23] type 00 class 0x080700
[   12.331803] ACPI: PCI Root Bridge [DI0B] (domain 0000 [bus 79-7d])
[   12.335341] acpi PNP0A08:1c: _OSC: OS supports [ExtendedConfig ASPM ClockPM Segments MSI EDR HPX-Type3]
[   12.352955] acpi PNP0A08:1c: _OSC: platform does not support [SHPCHotplug AER DPC]
[   12.355479] acpi PNP0A08:1c: _OSC: OS now controls [PCIeHotplug PME PCIeCapability LTR]
[   12.359340] acpi PNP0A08:1c: FADT indicates ASPM is unsupported, using BIOS configuration
[   12.363435] PCI host bridge to bus 0000:79
[   12.367340] pci_bus 0000:79: root bus resource [mem 0xc8000000-0xc87fffff window]
[   12.371340] pci_bus 0000:79: root bus resource [mem 0x224000000000-0x227fffffffff window]
[   12.375340] pci_bus 0000:79: root bus resource [bus 79-7d]
[   12.379354] pci 0000:79:00.0: [8086:09a2] type 00 class 0x088000
[   12.383431] pci 0000:79:00.1: [8086:09a4] type 00 class 0x088000
[   12.387437] pci 0000:79:00.2: [8086:09a3] type 00 class 0x088000
[   12.391431] pci 0000:79:00.4: [8086:0b23] type 00 class 0x080700
[   12.395784] ACPI: PCI Root Bridge [UB00] (domain 0000 [bus 7e])
[   12.399342] acpi PNP0A08:23: _OSC: OS supports [ExtendedConfig ASPM ClockPM Segments MSI EDR HPX-Type3]
[   12.403511] acpi PNP0A08:23: _OSC: platform does not support [SHPCHotplug AER LTR DPC]
[   12.407537] acpi PNP0A08:23: _OSC: OS now controls [PCIeHotplug PME PCIeCapability]
[   12.411340] acpi PNP0A08:23: FADT indicates ASPM is unsupported, using BIOS configuration
[   12.415443] PCI host bridge to bus 0000:7e
[   12.419340] pci_bus 0000:7e: root bus resource [bus 7e]
[   12.423362] pci 0000:7e:00.0: [8086:3250] type 00 class 0x088000
[   12.427437] pci 0000:7e:00.1: [8086:3251] type 00 class 0x088000
[   12.431425] pci 0000:7e:00.2: [8086:3252] type 00 class 0x088000
[   12.435423] pci 0000:7e:00.3: [8086:0998] type 00 class 0x060000
[   12.439450] pci 0000:7e:00.5: [8086:3255] type 00 class 0x088000
[   12.443429] pci 0000:7e:01.0: [8086:3240] type 00 class 0x088000
[   12.447464] pci 0000:7e:01.1: [8086:3241] type 00 class 0x088000
[   12.451460] pci 0000:7e:01.2: [8086:3242] type 00 class 0x088000
[   12.455469] pci 0000:7e:02.0: [8086:3240] type 00 class 0x088000
[   12.459506] pci 0000:7e:02.1: [8086:3241] type 00 class 0x088000
[   12.463503] pci 0000:7e:02.2: [8086:3242] type 00 class 0x088000
[   12.467506] pci 0000:7e:03.0: [8086:3240] type 00 class 0x088000
[   12.471499] pci 0000:7e:03.1: [8086:3241] type 00 class 0x088000
[   12.475499] pci 0000:7e:03.2: [8086:3242] type 00 class 0x088000
[   12.479515] pci 0000:7e:04.0: [8086:3240] type 00 class 0x088000
[   12.483543] pci 0000:7e:04.1: [8086:3241] type 00 class 0x088000
[   12.487542] pci 0000:7e:04.2: [8086:3242] type 00 class 0x088000
[   12.491536] pci 0000:7e:05.0: [8086:3245] type 00 class 0x088000
[   12.495458] pci 0000:7e:05.1: [8086:3246] type 00 class 0x088000
[   12.499460] pci 0000:7e:05.2: [8086:3247] type 00 class 0x088000
[   12.503473] pci 0000:7e:06.0: [8086:3245] type 00 class 0x088000
[   12.507504] pci 0000:7e:06.1: [8086:3246] type 00 class 0x088000
[   12.511512] pci 0000:7e:06.2: [8086:3247] type 00 class 0x088000
[   12.515510] pci 0000:7e:07.0: [8086:3245] type 00 class 0x088000
[   12.519502] pci 0000:7e:07.1: [8086:3246] type 00 class 0x088000
[   12.523505] pci 0000:7e:07.2: [8086:3247] type 00 class 0x088000
[   12.527510] pci 0000:7e:08.0: [8086:3245] type 00 class 0x088000
[   12.531544] pci 0000:7e:08.1: [8086:3246] type 00 class 0x088000
[   12.535543] pci 0000:7e:08.2: [8086:3247] type 00 class 0x088000
[   12.539544] pci 0000:7e:0c.0: [8086:324a] type 00 class 0x110100
[   12.543478] pci 0000:7e:0d.0: [8086:324a] type 00 class 0x110100
[   12.547494] pci 0000:7e:0e.0: [8086:324a] type 00 class 0x110100
[   12.551492] pci 0000:7e:0f.0: [8086:324a] type 00 class 0x110100
[   12.555526] pci 0000:7e:1a.0: [8086:2880] type 00 class 0x110100
[   12.559466] pci 0000:7e:1b.0: [8086:2880] type 00 class 0x110100
[   12.563499] pci 0000:7e:1c.0: [8086:2880] type 00 class 0x110100
[   12.567497] pci 0000:7e:1d.0: [8086:2880] type 00 class 0x110100
[   12.571572] ACPI: PCI Root Bridge [UB01] (domain 0000 [bus 7f])
[   12.575341] acpi PNP0A08:24: _OSC: OS supports [ExtendedConfig ASPM ClockPM Segments MSI EDR HPX-Type3]
[   12.579510] acpi PNP0A08:24: _OSC: platform does not support [SHPCHotplug AER LTR DPC]
[   12.583536] acpi PNP0A08:24: _OSC: OS now controls [PCIeHotplug PME PCIeCapability]
[   12.587341] acpi PNP0A08:24: FADT indicates ASPM is unsupported, using BIOS configuration
[   12.591501] PCI host bridge to bus 0000:7f
[   12.595340] pci_bus 0000:7f: root bus resource [bus 7f]
[   12.599360] pci 0000:7f:00.0: [8086:324c] type 00 class 0x088000
[   12.603475] pci 0000:7f:00.1: [8086:324c] type 00 class 0x088000
[   12.607471] pci 0000:7f:00.2: [8086:324c] type 00 class 0x088000
[   12.611472] pci 0000:7f:00.3: [8086:324c] type 00 class 0x088000
[   12.615467] pci 0000:7f:00.4: [8086:324c] type 00 class 0x088000
[   12.619469] pci 0000:7f:00.5: [8086:324c] type 00 class 0x088000
[   12.623468] pci 0000:7f:00.6: [8086:324c] type 00 class 0x088000
[   12.627458] pci 0000:7f:00.7: [8086:324c] type 00 class 0x088000
[   12.631463] pci 0000:7f:01.0: [8086:324c] type 00 class 0x088000
[   12.635481] pci 0000:7f:01.1: [8086:324c] type 00 class 0x088000
[   12.639465] pci 0000:7f:01.2: [8086:324c] type 00 class 0x088000
[   12.643453] pci 0000:7f:01.3: [8086:324c] type 00 class 0x088000
[   12.647456] pci 0000:7f:01.4: [8086:324c] type 00 class 0x088000
[   12.651461] pci 0000:7f:01.5: [8086:324c] type 00 class 0x088000
[   12.655463] pci 0000:7f:01.6: [8086:324c] type 00 class 0x088000
[   12.659467] pci 0000:7f:01.7: [8086:324c] type 00 class 0x088000
[   12.663468] pci 0000:7f:02.0: [8086:324c] type 00 class 0x088000
[   12.667472] pci 0000:7f:02.1: [8086:324c] type 00 class 0x088000
[   12.671467] pci 0000:7f:02.2: [8086:324c] type 00 class 0x088000
[   12.675472] pci 0000:7f:02.3: [8086:324c] type 00 class 0x088000
[   12.679472] pci 0000:7f:02.4: [8086:324c] type 00 class 0x088000
[   12.683471] pci 0000:7f:02.5: [8086:324c] type 00 class 0x088000
[   12.687476] pci 0000:7f:02.6: [8086:324c] type 00 class 0x088000
[   12.691478] pci 0000:7f:02.7: [8086:324c] type 00 class 0x088000
[   12.695474] pci 0000:7f:03.0: [8086:324c] type 00 class 0x088000
[   12.699487] pci 0000:7f:03.1: [8086:324c] type 00 class 0x088000
[   12.703483] pci 0000:7f:03.2: [8086:324c] type 00 class 0x088000
[   12.707479] pci 0000:7f:03.3: [8086:324c] type 00 class 0x088000
[   12.711482] pci 0000:7f:03.4: [8086:324c] type 00 class 0x088000
[   12.715515] pci 0000:7f:03.5: [8086:324c] type 00 class 0x088000
[   12.719514] pci 0000:7f:03.6: [8086:324c] type 00 class 0x088000
[   12.723509] pci 0000:7f:03.7: [8086:324c] type 00 class 0x088000
[   12.727508] pci 0000:7f:04.0: [8086:324c] type 00 class 0x088000
[   12.731517] pci 0000:7f:04.1: [8086:324c] type 00 class 0x088000
[   12.735511] pci 0000:7f:04.2: [8086:324c] type 00 class 0x088000
[   12.739507] pci 0000:7f:04.3: [8086:324c] type 00 class 0x088000
[   12.743508] pci 0000:7f:04.4: [8086:324c] type 00 class 0x088000
[   12.747498] pci 0000:7f:04.5: [8086:324c] type 00 class 0x088000
[   12.751501] pci 0000:7f:04.6: [8086:324c] type 00 class 0x088000
[   12.755508] pci 0000:7f:04.7: [8086:324c] type 00 class 0x088000
[   12.759503] pci 0000:7f:05.0: [8086:324c] type 00 class 0x088000
[   12.763501] pci 0000:7f:05.1: [8086:324c] type 00 class 0x088000
[   12.767498] pci 0000:7f:05.2: [8086:324c] type 00 class 0x088000
[   12.771509] pci 0000:7f:05.3: [8086:324c] type 00 class 0x088000
[   12.775513] pci 0000:7f:05.4: [8086:324c] type 00 class 0x088000
[   12.779512] pci 0000:7f:05.5: [8086:324c] type 00 class 0x088000
[   12.783511] pci 0000:7f:05.6: [8086:324c] type 00 class 0x088000
[   12.787515] pci 0000:7f:05.7: [8086:324c] type 00 class 0x088000
[   12.791515] pci 0000:7f:06.0: [8086:324c] type 00 class 0x088000
[   12.795518] pci 0000:7f:06.1: [8086:324c] type 00 class 0x088000
[   12.799516] pci 0000:7f:06.2: [8086:324c] type 00 class 0x088000
[   12.803519] pci 0000:7f:06.3: [8086:324c] type 00 class 0x088000
[   12.807519] pci 0000:7f:06.4: [8086:324c] type 00 class 0x088000
[   12.811520] pci 0000:7f:06.5: [8086:324c] type 00 class 0x088000
[   12.815524] pci 0000:7f:06.6: [8086:324c] type 00 class 0x088000
[   12.819523] pci 0000:7f:06.7: [8086:324c] type 00 class 0x088000
[   12.823526] pci 0000:7f:0a.0: [8086:324d] type 00 class 0x088000
[   12.827481] pci 0000:7f:0a.1: [8086:324d] type 00 class 0x088000
[   12.831473] pci 0000:7f:0a.2: [8086:324d] type 00 class 0x088000
[   12.835470] pci 0000:7f:0a.3: [8086:324d] type 00 class 0x088000
[   12.839463] pci 0000:7f:0a.4: [8086:324d] type 00 class 0x088000
[   12.843469] pci 0000:7f:0a.5: [8086:324d] type 00 class 0x088000
[   12.847518] pci 0000:7f:0a.6: [8086:324d] type 00 class 0x088000
[   12.851458] pci 0000:7f:0a.7: [8086:324d] type 00 class 0x088000
[   12.855465] pci 0000:7f:0b.0: [8086:324d] type 00 class 0x088000
[   12.859484] pci 0000:7f:0b.1: [8086:324d] type 00 class 0x088000
[   12.863462] pci 0000:7f:0b.2: [8086:324d] type 00 class 0x088000
[   12.867454] pci 0000:7f:0b.3: [8086:324d] type 00 class 0x088000
[   12.871455] pci 0000:7f:0b.4: [8086:324d] type 00 class 0x088000
[   12.875460] pci 0000:7f:0b.5: [8086:324d] type 00 class 0x088000
[   12.879464] pci 0000:7f:0b.6: [8086:324d] type 00 class 0x088000
[   12.883469] pci 0000:7f:0b.7: [8086:324d] type 00 class 0x088000
[   12.887468] pci 0000:7f:0c.0: [8086:324d] type 00 class 0x088000
[   12.891476] pci 0000:7f:0c.1: [8086:324d] type 00 class 0x088000
[   12.895469] pci 0000:7f:0c.2: [8086:324d] type 00 class 0x088000
[   12.899472] pci 0000:7f:0c.3: [8086:324d] type 00 class 0x088000
[   12.903474] pci 0000:7f:0c.4: [8086:324d] type 00 class 0x088000
[   12.907475] pci 0000:7f:0c.5: [8086:324d] type 00 class 0x088000
[   12.911475] pci 0000:7f:0c.6: [8086:324d] type 00 class 0x088000
[   12.915486] pci 0000:7f:0c.7: [8086:324d] type 00 class 0x088000
[   12.919481] pci 0000:7f:0d.0: [8086:324d] type 00 class 0x088000
[   12.923485] pci 0000:7f:0d.1: [8086:324d] type 00 class 0x088000
[   12.927482] pci 0000:7f:0d.2: [8086:324d] type 00 class 0x088000
[   12.931481] pci 0000:7f:0d.3: [8086:324d] type 00 class 0x088000
[   12.935484] pci 0000:7f:0d.4: [8086:324d] type 00 class 0x088000
[   12.939517] pci 0000:7f:0d.5: [8086:324d] type 00 class 0x088000
[   12.943516] pci 0000:7f:0d.6: [8086:324d] type 00 class 0x088000
[   12.947507] pci 0000:7f:0d.7: [8086:324d] type 00 class 0x088000
[   12.951517] pci 0000:7f:0e.0: [8086:324d] type 00 class 0x088000
[   12.955519] pci 0000:7f:0e.1: [8086:324d] type 00 class 0x088000
[   12.959511] pci 0000:7f:0e.2: [8086:324d] type 00 class 0x088000
[   12.963509] pci 0000:7f:0e.3: [8086:324d] type 00 class 0x088000
[   12.967508] pci 0000:7f:0e.4: [8086:324d] type 00 class 0x088000
