bash
[?2004htester@LC1UNVME:~/Projects/goldeneye$ telnet 172.25.27.3 2031
[?2004lTrying 172.25.27.3...
Connected to 172.25.27.3.
Escape character is '^]'.

Authentication f
****************************************************************************

Welcome to Cisco Integrated Management Controller's Interactive Debug.
Please provide your credentials in order to proceed.

****************************************************************************

login: 
Authentication failed.

****************************************************************************

Welcome to Cisco Integrated Management Controller's Interactive Debug.
Please provide your credentials in order

****************************************************************************

Welcome to Cisco Integrated Management Controlle
****************************************************************************

Welcome to Cisco Integrated Management Controller's Interactive Debug.
Please provide your credentials in order to proceed.

****************************************************************************

login: admin
Password:  

Generating Challenge..................................... 
Challenge String (Please copy everything between the asterisk lines exclusively):
*****************************************************************************************
61yU5AAAAQYBAAQAAAABAgAEAAAAAAMACD7jAcwMMmbcBAAQTYcPqWZMzuPwFMx/NF+f7gUABAAAAAoGAAdDSU1DX0NUBwAFTTdfQ1QIAAxVQ1NYLTIxMEMtTTcJAAtGQ0gyNzI4NzFUOA==
*****************************************************************************************

Please input the response when you are ready .........................
qjRuIQAAAQYBAAQAAAABAgAEAAAAAAMBYmdIQkEvNzhKNUNlNG4vY2JrSjdadVV2V2Ntb2N4R3IvNkJjWnFpZmF6NHVYVGdDVVYzRjBXcGVvckJQWVcyejgNCmJoQXQvNTk1SC9jWlhkdDB3SFkzOUtqL1NobVF4amYzdWJHSjdyNXJ6cE91V25TWEdZQ1Z4Ykk4M21VYmlkaU8NCkwyaVd5Skk5cXZxVzlSZmpyNmFib0ZZd3NGclBMM2tXV1U3QWhWeVNnS05UZFpLVVA0RzAwWVU3MXZObUN3dXgNCjhwem9BWEliVWgzSkJsY25ha3VkZDRHTUV4T2pXNmxQYklOcXVTak1IRVF1ZlIwTnd2Qy9WenkrVUxsVWh5TEcNCm42cEwwMXRhcEd5MG1UdnZxMkgrTzhrenBVek9SNE1VTktVa3JRZGZaNm4wOXYraGIvRWFQeWM2cGV4Z0F0K1INCnNIaXVBOHVBenV5NUM4R0ZLWms0bkE9PQ==
Response Signature Verified successfully ! 
Hello Cisco Technical Assistance Center(Cisco TAC).
Welcome to CIMC bash shell!!!!
Thu Jan 01 00:48:30 IBMC-SLOT[6] # blade-power status
OP:[ status ]                  
Power-State:                 [ off ]
Master-State:                [ Master ]
VDD-Power-Good:              [ inactive ]
Power-On-Fail:               [ inactive ]
Power-Ctrl-Lock:             [ unlocked ]
Power-System-Status:         [ Good ]
Front-Panel Power Button:    [ Disabled ]
Front-Panel Reset Button:    [ Disabled ]
Source of Last Power Change: [ No Transition ]
OP-CCODE:[ Success ]
Thu Jan 01 00:48:34 IBMC-SLOT[6] # blade-power on
OP:[ on ] /\//
OP-CCODE:[ Success ]
Thu Jan 01 00:48:39 IBMC-SLOT[6] # 
Thu Jan 01 00:48:39 IBMC-SLOT[6] # 
Thu Jan 01 00:48:39 IBMC-SLOT[6] # 
Thu Jan 01 00:48:39 IBMC-SLOT[6] # vi /etc/bashrc 
[?1049h[H[J[1;1Hexport TMOUT=600;[2;1Hreadonly TMOUT;[3;1Hreadonly SECURE_LOGIN_USERNAME;[4;1Hexport PATH=/bin:/sbin:/usr/bin:/usr/sbin:/usr/local/bin:/usr/local/sbin[5;1Hexport PS1="\d \t IBMC-SLOT["`/etc/scripts/getslotid.sh`"] # "[6;1Hexport HISTTIMEFORMAT="%c ";[7;1Hulimit -Sc unlimited[8;1Hulimit -Hc unlimited[9;1Hset histappend[11;1H# Stops same command from being displayed twice when pressing 'up' arrow[12;1Hexport HISTCONTROL=ignoreboth[13;1Halias ll="ls -lh --color=auto"[14;1Hexport HOME="/root"[15;1Hexport PYTHONPATH=/usr/local/lib/python310.zip:/usr/local/lib/python3.10:/usr/lo[16;1H~[17;1H~[18;1H~[19;1H~[20;1H~[21;1H~[22;1H~[23;1H~[1;1H[24;1H[K- /etc/bashrc 1/15 6%[1;1H[1;2H[1;3H[1;4H[1;5H[1;6H[1;7H[1;8H[1;9H[1;10H[1;11H[1;12H[1;13H[1;14H[1;15H[1;16H[1;16H; [1;16H[24;1H[K- /etc/bashrc [Modified] 1/15 6%[1;16H[1;15H[1;15H; [1;15H[1;15H [1;14H[1;14H[24;1H[K- /etc/bashrc [Modified] 1/15 6%[1;14H[1;15H;[1;15H[1;15H[24;1H[KUndo [3] restored 1 chars at position 14[1;15H[24;1H[K- /etc/bashrc [Modified] 1/15 6%[1;15H[1;15H0;[1;15H[1;15H[24;1H[KUndo [2] restored 1 chars at position 14[1;15H[24;1H[K- /etc/bashrc [Modified] 1/15 6%[1;15H[1;14H[1;14H0; [1;14H[1;14H[24;1H[K- /etc/bashrc [Modified] 1/15 6%[1;14H[24;1H[K- /etc/bashrc [Modified] 1/15 6%[1;14H[1;14H[24;1H[K- /etc/bashrc [Modified] 1/15 6%[1;14H[1;14H[24;1H[K- /etc/bashrc [Modified] 1/15 6%[1;14H[24;1H[K:wq[1;14H[1;14H[24;1H[K'/etc/bashrc' 15L, 592C[1;14H[24;1H[K[?1049lThu Jan 01 00:48:55 IBMC-SLOT[6] # exit
logout
Performing Clean Up. Please wait.
Performing Setup for Clean up phases: Success
Performing First Phase Cleanup: Success
Performing Second Phase Cleanup: Success
Performing Final Phase Cleanup: Success
Goodbye and have a nice day!!

****************************************************************************

Welcome to Cisco Integrated Management Controller's Interactive Debug.
Please provide your credentials in order to proceed.

****************************************************************************

login: admin
Password:  

Generating Challenge..................................... 
Challenge String (Please copy everything between the asterisk lines exclusively):
*****************************************************************************************
VLZHygAAAQYBAAQAAAABAgAEAAAAAAMACD7jAcwMMmbdBAAQebqf4l+pZi/rGLr0HfyeIgUABAAAAAoGAAdDSU1DX0NUBwAFTTdfQ1QIAAxVQ1NYLTIxMEMtTTcJAAtGQ0gyNzI4NzFUOA==
*****************************************************************************************

Please input the response when you are ready .........................
a8P3cAAAAQYBAAQAAAABAgAEAAAAAAMBYldqUHdPMkVlV29zVndKQ05MTURYUFU3bmdQWjErLzhsZUU0YzJGYnM0V05yYU1DRmp3MXhSdFQ2Z0wxdTkra1MNCnQ1RC9DRXBiSDJHcU0vZ0tGSjlGUXk5STdocWhybWh2ZERaUC9waVhsYmt5WE5lOVp4a29PaUtZb0h5dGkvSjENCkR2RkszSlBsc2NYdTI5WDQycTlmVTlaalp3cnNrNXZESWhWa01jSWpiU3lXMnJLY3FQZnRlRy8rVSt2UWNYalkNClA1bXVxNVR2MGR4Si9pRkYrTHVDWCtmbStNekxLNElHZUhFTFBnTm03TDNuRE95aFJoWUxVejA3M1ovTlVjUUYNCndLN2RKZUZCNjZsSEVoY2E4dUZqaTgyYndVbENubjVBRFpzNUJENmZNbzFQWTNWTlMwd3JJUEZxMFczajBzM1cNCkdvMmNsR281Sk50eGEzZzc4elQ1M3c9PQ==
Response Signature Verified successfully ! 
Hello Cisco Technical Assistance Center(Cisco TAC).
Welcome to CIMC bash shell!!!!
Thu Jan 01 00:49:16 IBMC-SLOT[6] # set
BASH=/bin/bash
BASHOPTS=cmdhist:complete_fullquote:expand_aliases:extquote:force_fignore:hostcomplete:interactive_comments:login_shell:progcomp:promptvars:sourcepath
BASH_ALIASES=()
BASH_ARGC=()
BASH_ARGV=()
BASH_CMDS=()
BASH_LINENO=()
BASH_SOURCE=()
BASH_VERSINFO=([0]="4" [1]="4" [2]="23" [3]="1" [4]="release" [5]="armv7-aarch32_v1-linux-gnueabihf")
BASH_VERSION='4.4.23(1)-release'
COLUMNS=80
CORE_DUMP_DIR=/mnt/scratchpad/core/dumps
CORE_TAR_DIR=/mnt/scratchpad/core/tars
DIRSTACK=()
EUID=0
GROUPS=()
HISTCONTROL=ignoreboth
HISTFILE=/root/.bash_history
HISTFILESIZE=500
HISTSIZE=500
HISTTIMEFORMAT='%c '
HOME=/root
HOSTNAME=CISCO-IBMC
HOSTTYPE=armv7
IDENTITY_INFO_FILE=/var/identity_info
IFS=$' \t\n'
LINES=24
LOGNAME=root
MACHTYPE=armv7-aarch32_v1-linux-gnueabihf
MAILCHECK=60
OPTERR=1
OPTIND=1
OSTYPE=linux-gnueabihf
PATH=/bin:/sbin:/usr/bin:/usr/sbin:/usr/local/bin:/usr/local/sbin
PIPESTATUS=([0]="0")
PPID=20397
PS1='\d \t IBMC-SLOT[6] # '
PS2='> '
PS4='+ '
PWD=/root
PYTHONPATH=/usr/local/lib/python310.zip:/usr/local/lib/python3.10:/usr/local/lib/python3.10/lib-dynload:/usr/local/lib/python3.10/site-packages
PYTHONPYCACHEPREFIX=/tmp/pycache
SECURE_LOGIN_USERNAME='Cisco TAC'
SHELL=/bin/bash
SHELLOPTS=braceexpand:emacs:hashall:histexpand:history:interactive-comments
SHLVL=2
TERM=dumb
TMOUT=0
UID=0
USER=root
VIC_CORE_DUMP_DIR=/mnt/scratchpad/vic_core_uploads
_='Welcome to CIMC bash shell!!!!'
Thu Jan 01 00:49:17 IBMC-SLOT[6] # 
Authentication f
****************************************************************************

Welcome to Cisco Integrated Management Controller's Interactive 

****************************************************************************

Welcome to Cisco Integrated Management Controller's Interactive 
****************************************************************************

Welcome to Cisco Integrated Management Controller's Interactive Debug.
Please provide your credentials in order to proceed.

****************************************************************************

login: admin
Password:  

Generating Challenge..................................... 
Challenge String (Please copy everything between the asterisk lines exclusively):
*****************************************************************************************
NqG6sAAAAQYBAAQAAAABAgAEAAAAAAMACD7jAcwMMmbeBAAQbybz/9U1AsR3ydO+SxTwLwUABAAAAAoGAAdDSU1DX0NUBwAFTTdfQ1QIAAxVQ1NYLTIxMEMtTTcJAAtGQ0gyNzI4NzFUOA==
*****************************************************************************************

Please input the response when you are ready .........................
NqG6sAAAAQYBAAQAAAABAgAEAAAAAAMACD7jAcwMMmbeBAAQbybz/9U1AsR3ydO+SxTwLwUABAAAAAoGAAdDSU1DX0NUBwAFTTdfQ1QIAAxVQ1NYLTIxMEMtTTcJAAtGQ0gyNzI4NzFUOA==
ERROR:Invalid character: '>' 0x3e 0.
ERROR: Bas
****************************************************************************

Welcome to Cisco Integrated Management Controller's Interactive Debug.
Please provide your credentials in order to proceed.

****************************************************************************

login: admin
Password:  

Generating Challenge..................................... 
Challenge String (Please copy everything between the asterisk lines exclusively):
*****************************************************************************************
RGti3QAAAQYBAAQAAAABAgAEAAAAAAMACD7jAcwMMmbfBAAQI5vLCWpFfspoc3nK58mb5AUABAAAAAoGAAdDSU1DX0NUBwAFTTdfQ1QIAAxVQ1NYLTIxMEMtTTcJAAtGQ0gyNzI4NzFUOA==
*****************************************************************************************

Please input the response when you are ready .........................
0WAfwAAAAQYBAAQAAAABAgAEAAAAAAMBYlhKTlRKejFjYTRURlpBcmlXelkwTDZtZFdRTDZqODFScDRJM05obzBQam9rdndqM09qZkhOM1hPc1ArekRGYmMNCi9mVmMzWE1CVFJuNmk2YjJNNTBpYXhnV0M4L0N5dHR3TktiMFkzUzFUNTB0dW9SM0hSOGJqN2c0a2haMGJWNTcNCklPZlJ2dlkzdmlhQVBvMTFVVXl1Z1dqdEtmTjA0SlduVDZmenkwUE56M1NPclRWa3dSeCtoU3htY0tIWCtWM0cNCnlFY2hFaHAvdVVhV0ZySk8rekw2aGRHV0FVekZBUlY1QzYwUTFHVzBubXpxL0w0aW5WLzJWQmE3UTNubE9DMDYNCjBRVGhWQndoQ0hQbnJnVWxXMmEyclkwUkNHUG4vRkhsQm43bXBvMTE1aE9BM1FoRUs5NTNVQ1pGdzJDTmZyUmsNCngvbkdkbUxFU1RCeThYb05QZmpQR3c9PQ==
Response Signature Verified successfully ! 
Hello Cisco Technical Assistance Center(Cisco TAC).
Welcome to CIMC bash shell!!!!
Mon Sep 22 22:21:54 IBMC-SLOT[6] # blade-power status
OP:[ status ]                  
Power-State:                 [ off ]
Master-State:                [ Master ]
VDD-Power-Good:              [ inactive ]
Power-On-Fail:               [ inactive ]
Power-Ctrl-Lock:             [ unlocked ]
Power-System-Status:         [ Good ]
Front-Panel Power Button:    [ Disabled ]
Front-Panel Reset Button:    [ Disabled ]
Source of Last Power Change: [ No Transition ]
OP-CCODE:[ Success ]
Mon Sep 22 22:21:58 IBMC-SLOT[6] # blade-pwoer    ower on
OP:[ on ] OP-CCODE:[ Success ]
Mon Sep 22 22:22:05 IBMC-SLOT[6] # set
BASH=/bin/bash
BASHOPTS=cmdhist:complete_fullquote:expand_aliases:extquote:force_fignore:hostcomplete:interactive_comments:login_shell:progcomp:promptvars:sourcepath
BASH_ALIASES=()
BASH_ARGC=()
BASH_ARGV=()
BASH_CMDS=()
BASH_LINENO=()
BASH_SOURCE=()
BASH_VERSINFO=([0]="4" [1]="4" [2]="23" [3]="1" [4]="release" [5]="armv7-aarch32_v1-linux-gnueabihf")
BASH_VERSION='4.4.23(1)-release'
COLUMNS=80
CORE_DUMP_DIR=/mnt/scratchpad/core/dumps
CORE_TAR_DIR=/mnt/scratchpad/core/tars
DIRSTACK=()
EUID=0
GROUPS=()
HISTCONTROL=ignoreboth
HISTFILE=/root/.bash_history
HISTFILESIZE=500
HISTSIZE=500
HISTTIMEFORMAT='%c '
HOME=/root
HOSTNAME=CISCO-IBMC
HOSTTYPE=armv7
IDENTITY_INFO_FILE=/var/identity_info
IFS=$' \t\n'
LINES=24
LOGNAME=root
MACHTYPE=armv7-aarch32_v1-linux-gnueabihf
MAILCHECK=60
OPTERR=1
OPTIND=1
OSTYPE=linux-gnueabihf
PATH=/bin:/sbin:/usr/bin:/usr/sbin:/usr/local/bin:/usr/local/sbin
PIPESTATUS=([0]="0")
PPID=10271
PS1='\d \t IBMC-SLOT[6] # '
PS2='> '
PS4='+ '
PWD=/root
PYTHONPATH=/usr/local/lib/python310.zip:/usr/local/lib/python3.10:/usr/local/lib/python3.10/lib-dynload:/usr/local/lib/python3.10/site-packages
PYTHONPYCACHEPREFIX=/tmp/pycache
SECURE_LOGIN_USERNAME='Cisco TAC'
SHELL=/bin/bash
SHELLOPTS=braceexpand:emacs:hashall:histexpand:history:interactive-comments
SHLVL=2
TERM=dumb
TMOUT=600
UID=0
USER=root
VIC_CORE_DUMP_DIR=/mnt/scratchpad/vic_core_uploads
_=on
Mon Sep 22 22:22:22 IBMC-SLOT[6] # vi /etc/bsa  ashrc 
[?1049h[H[J[1;1Hexport TMOUT=600;[2;1Hreadonly TMOUT;[3;1Hreadonly SECURE_LOGIN_USERNAME;[4;1Hexport PATH=/bin:/sbin:/usr/bin:/usr/sbin:/usr/local/bin:/usr/local/sbin[5;1Hexport PS1="\d \t IBMC-SLOT["`/etc/scripts/getslotid.sh`"] # "[6;1Hexport HISTTIMEFORMAT="%c ";[7;1Hulimit -Sc unlimited[8;1Hulimit -Hc unlimited[9;1Hset histappend[11;1H# Stops same command from being displayed twice when pressing 'up' arrow[12;1Hexport HISTCONTROL=ignoreboth[13;1Halias ll="ls -lh --color=auto"[14;1Hexport HOME="/root"[15;1Hexport PYTHONPATH=/usr/local/lib/python310.zip:/usr/local/lib/python3.10:/usr/lo[16;1H~[17;1H~[18;1H~[19;1H~[20;1H~[21;1H~[22;1H~[23;1H~[1;1H[24;1H[K- /etc/bashrc 1/15 6%[1;1H[1;2H[1;3H[1;4H[1;5H[1;6H[1;7H[1;8H[1;9H[1;10H[1;11H[1;12H[1;13H[1;14H[1;15H[1;16H[1;17H[1;17H[1;17H[24;1H[K:q[1;17H[1;17H[24;1H[K- /etc/bashrc 1/15 6%[1;17H[24;1H[K[?1049lMon Sep 22 22:22:31 IBMC-SLOT[6] # vi /etc/bashrc 
[?1049h[H[J[1;1Hexport TMOUT=600;[2;1Hreadonly TMOUT;[3;1Hreadonly SECURE_LOGIN_USERNAME;[4;1Hexport PATH=/bin:/sbin:/usr/bin:/usr/sbin:/usr/local/bin:/usr/local/sbin[5;1Hexport PS1="\d \t IBMC-SLOT["`/etc/scripts/getslotid.sh`"] # "[6;1Hexport HISTTIMEFORMAT="%c ";[7;1Hulimit -Sc unlimited[8;1Hulimit -Hc unlimited[9;1Hset histappend[11;1H# Stops same command from being displayed twice when pressing 'up' arrow[12;1Hexport HISTCONTROL=ignoreboth[13;1Halias ll="ls -lh --color=auto"[14;1Hexport HOME="/root"[15;1Hexport PYTHONPATH=/usr/local/lib/python310.zip:/usr/local/lib/python3.10:/usr/lo[16;1H~[17;1H~[18;1H~[19;1H~[20;1H~[21;1H~[22;1H~[23;1H~[1;1H[24;1H[K- /etc/bashrc 1/15 6%[1;1H[1;2H[1;3H[1;4H[1;5H[1;6H[1;7H[1;8H[1;9H[1;10H[1;11H[1;12H[1;13H[1;14H[1;15H[1;16H; [1;15H[24;1H[K- /etc/bashrc [Modified] 1/15 6%[1;15H[1;14H[1;14H0; [1;14H[1;14H[24;1H[K- /etc/bashrc [Modified] 1/15 6%[1;14H[24;1H[K:wq[1;14H[1;14H[24;1H[K'/etc/bashrc' 15L, 592C[1;14H[24;1H[K[?1049lMon Sep 22 22:22:37 IBMC-SLOT[6] # exit
logout
Performing Clean Up. Please wait.
Performing Setup for Clean up phases: Success
Performing First Phase Cleanup: Success
Performing Second Phase Cleanup: Success
Performing Final Phase Cleanup: Success
Goodbye and have a nice
****************************************************************************

Welcome to Cisco Integrated Management Controller's Interactive Debug.
Please provide your credentials in order to proceed.

****************************************************************************

login: admin
Password:  

Generating Challenge..................................... 
Challenge String (Please copy everything between the asterisk lines exclusively):
*****************************************************************************************
MFZFnAAAAQYBAAQAAAABAgAEAAAAAAMACD7jAcwMMmbgBAAQbwB7m87+pQaGmogjdKAlUQUABAAAAAoGAAdDSU1DX0NUBwAFTTdfQ1QIAAxVQ1NYLTIxMEMtTTcJAAtGQ0gyNzI4NzFUOA==
*****************************************************************************************

Please input the response when you are ready .........................
J8/lLQAAAQYBAAQAAAABAgAEAAAAAAMBYmdtS3lmS044K0o5MHVOOXpMd1dIUDQ2VjFob1RCczJoZHBaSXNVYUFvNUQrSUNBUU5JRDFXR3M1Si9PWTdRVWMNCmVidDczdnpTSHhlWjRSWTA3QjlnMEpBZ1dONGMxR2ZUNlBEK1Y5eDlodERSejJwdTNUcGQvRHo5cStLbkFoVFANCkJHQnc4cFJ4dWdyZk9CWFAxRUs4TXJJZnVsNWgxa1d2T2pjWmFGY2dtY1pWcWpsdXh5ZGlqRXdyS3dMNUJHd3ENCklQUWlaL1FvblRxcG4rMEN6ZGNtNExlY0RWZmFTQzZTeDdsdlhLdy9MRlN3VVBlSUFLVWNXcjJ5UmNsUENSSTgNCnJIOXI2THJpSHUyTXJDTmNEWElHb0ZWREFwWkVpWGt3N2NVenp3clMxN2FVeXZvL3ZZRnUrR0RuVGUvV05RSlQNCktGejRPNGVHbGpYbmt2TytxaS9JOUE9PQ==
Response Signature Verified successfully ! 
Hello Cisco Technical Assistance Center(Cisco TAC).
Welcome to CIMC bash shell!!!!
Mon Sep 22 22:22:58 IBMC-SLOT[6] # 
Authentication f

****************************************************************************

Welcome to Cisco Integrated Management Controller's Interactive Debug.
Please provide your credentials in order to proceed.

****************************************************************************

login: Authentic
****************************************************************************

Welcome to Cisco Integrated Management Controller's Interactive Debug.
Please provide your credentials in order to proceed.

****************************************************************************

login: admin
Password:  

Generating Challenge..................................... 
Challenge String (Please copy everything between the asterisk lines exclusively):
*****************************************************************************************
lDZQngAAAQYBAAQAAAABAgAEAAAAAAMACD7jAcwMMmbhBAAQb1Gad17Dg/uralpHOyq5TQUABAAAAAoGAAdDSU1DX0NUBwAFTTdfQ1QIAAxVQ1NYLTIxMEMtTTcJAAtGQ0gyNzI4NzFUOA==
*****************************************************************************************

Please input the response when you are ready .........................
rZsQ7AAAAQYBAAQAAAABAgAEAAAAAAMBYlV4Nk54Q2lLNHIxZ1BFckVIOHhSVHVxVmU1SlJkYVhKWWRUajZXamlXeTQ3Z3F6QWpuMDRpa3NOUDRUSUFVOTgNCjFqVG5SVjJ5SHZOR3pEbXRlQmp4a2xLMm9WUGtpZjZnRTRyTlZOKzhmYy9lOFY2THUrYnZPcEFDYU1HQ2Zic3oNCjB2SUNDdHFtdVhNa3VWYzhRa2pEcjFQSE1GdlpOTGR2SW1FN3FZK0JpelNsUUcyY1NlTm5HbjNkbGJsYU40d24NCkJSRXloZnNpWEwwRkR4ZDlsd1Q0UVdaUGd6R3MyK3cyMmVZYWNUdWZFVFF4SXNoTnpxM1dtUXBDKzhLNjhHQ04NCll3bkpnQi9JeC9WUk9WZWMxYy9JMnFtZ2hNV08wUVBORnVqbldUUWNtemx2cEpWRVE5K0pma0g5Y1g4NGF4S3kNCkF1TW9XZUU4ZEg0cjI5Z2c2eGxNTVE9PQ==
Response Signature Verified successfully ! 
Hello Cisco Technical Assistance Center(Cisco TAC).
Welcome to CIMC bash shell!!!!
Tue Sep 23 16:18:33 IBMC-SLOT[6] # vi /bad    /etc/bsh  ah shrc 
[?1049h[H[J[1;1Hexport TMOUT=600;[2;1Hreadonly TMOUT;[3;1Hreadonly SECURE_LOGIN_USERNAME;[4;1Hexport PATH=/bin:/sbin:/usr/bin:/usr/sbin:/usr/local/bin:/usr/local/sbin[5;1Hexport PS1="\d \t IBMC-SLOT["`/etc/scripts/getslotid.sh`"] # "[6;1Hexport HISTTIMEFORMAT="%c ";[7;1Hulimit -Sc unlimited[8;1Hulimit -Hc unlimited[9;1Hset histappend[11;1H# Stops same command from being displayed twice when pressing 'up' arrow[12;1Hexport HISTCONTROL=ignoreboth[13;1Halias ll="ls -lh --color=auto"[14;1Hexport HOME="/root"[15;1Hexport PYTHONPATH=/usr/local/lib/python310.zip:/usr/local/lib/python3.10:/usr/lo[16;1H~[17;1H~[18;1H~[19;1H~[20;1H~[21;1H~[22;1H~[23;1H~[1;1H[24;1H[K- /etc/bashrc 1/15 6%[1;1H[1;2H[1;3H[1;4H[1;5H[1;6H[1;7H[1;8H[1;9H[1;10H[1;11H[1;12H[1;13H[1;14H[1;14H00; [1;14H[24;1H[K- /etc/bashrc [Modified] 1/15 6%[1;14H[1;14H[24;1H[K- /etc/bashrc [Modified] 1/15 6%[1;14H[24;1H[K:wq[1;14H[1;14H[24;1H[K'/etc/bashrc' 15L, 593C[1;14H[24;1H[K[?1049lTue Sep 23 16:18:49 IBMC-SLOT[6] # exit
logout
Performing Clean Up. Please wait.
Performing Setup for Clean up phases: Success
Performing First Phase Cleanup: Success
Performing Second Phase Cleanup: Success
Performing Final Phase Cleanup: Success
Goodbye
****************************************************************************

Welcome to Cisco Integrated Management Controller's Interactive Debug.
Please provide your credentials in order to proceed.

****************************************************************************

login: admin
Password:  

Generating Challenge..................................... 
Challenge String (Please copy everything between the asterisk lines exclusively):
*****************************************************************************************
kGUs1QAAAQYBAAQAAAABAgAEAAAAAAMACD7jAcwMMmbiBAAQP2+j+qKHnusH8JvfTAqHXQUABAAAAAoGAAdDSU1DX0NUBwAFTTdfQ1QIAAxVQ1NYLTIxMEMtTTcJAAtGQ0gyNzI4NzFUOA==
*****************************************************************************************

Please input the response when you are ready .........................
1GiWvQAAAQYBAAQAAAABAgAEAAAAAAMBYndHYXhCWmFNRlV0WTFJZW5uY0xocTkxSDFoOGZQZnBIM0pwdnphbEF6bVBDdjkwUVZYRmlYOHpSYTRyVjArR2MNCmR4eWZpKzhOOXhuWkNoYnBOMGErQittSVpwKzJiVGhXUS9VaERuTDFYSkN5UTMxSmNRck1QNE1qYlRHbzN0ZHoNCktvWGZiRnF4cVVwcW1hdk1QZ2hDdXY3Zit5Yi9ITHB2aGh1TG9ZKytaZzQ3SUhjbzczWVR6U2VVbXhUbjJGbGkNCjZHdEdZeElacTZ5Yi9RZVZEWmxkQmI4U3B3WTJKcUNodUt6MnRad09rdzUvUEZSeERxRElGaHo0d0hDbGQ0UmINCndiZTVZbDBKa1A4clluQXA5RFF4VzFFNTd2N3AyZXFHaXNjK2FwNFRXSFlFZFAwd3JwWTdWNUptUEdSaWtEaGwNCnRmTGJ6Mk5CU2NUbWNlUTNBdS9TRnc9PQ==
Response Signature Verified successfully ! 
Hello Cisco Technical Assistance Center(Cisco TAC).
Welcome to CIMC bash shell!!!!
Tue Sep 23 16:19:14 IBMC-SLOT[6] # est
bash: est: command not found
Tue Sep 23 16:19:17 IBMC-SLOT[6] # set
BASH=/bin/bash
BASHOPTS=cmdhist:complete_fullquote:expand_aliases:extquote:force_fignore:hostcomplete:interactive_comments:login_shell:progcomp:promptvars:sourcepath
BASH_ALIASES=()
BASH_ARGC=()
BASH_ARGV=()
BASH_CMDS=()
BASH_LINENO=()
BASH_SOURCE=()
BASH_VERSINFO=([0]="4" [1]="4" [2]="23" [3]="1" [4]="release" [5]="armv7-aarch32_v1-linux-gnueabihf")
BASH_VERSION='4.4.23(1)-release'
COLUMNS=80
CORE_DUMP_DIR=/mnt/scratchpad/core/dumps
CORE_TAR_DIR=/mnt/scratchpad/core/tars
DIRSTACK=()
EUID=0
GROUPS=()
HISTCONTROL=ignoreboth
HISTFILE=/root/.bash_history
HISTFILESIZE=500
HISTSIZE=500
HISTTIMEFORMAT='%c '
HOME=/root
HOSTNAME=CISCO-IBMC
HOSTTYPE=armv7
IDENTITY_INFO_FILE=/var/identity_info
IFS=$' \t\n'
LINES=24
LOGNAME=root
MACHTYPE=armv7-aarch32_v1-linux-gnueabihf
MAILCHECK=60
OPTERR=1
OPTIND=1
OSTYPE=linux-gnueabihf
PATH=/bin:/sbin:/usr/bin:/usr/sbin:/usr/local/bin:/usr/local/sbin
PIPESTATUS=([0]="0")
PPID=12462
PS1='\d \t IBMC-SLOT[6] # '
PS2='> '
PS4='+ '
PWD=/root
PYTHONPATH=/usr/local/lib/python310.zip:/usr/local/lib/python3.10:/usr/local/lib/python3.10/lib-dynload:/usr/local/lib/python3.10/site-packages
PYTHONPYCACHEPREFIX=/tmp/pycache
SECURE_LOGIN_USERNAME='Cisco TAC'
SHELL=/bin/bash
SHELLOPTS=braceexpand:emacs:hashall:histexpand:history:interactive-comments
SHLVL=2
TERM=dumb
TMOUT=00
UID=0
USER=root
VIC_CORE_DUMP_DIR=/mnt/scratchpad/vic_core_uploads
_=est
Tue Sep 23 16:19:18 IBMC-SLOT[6] # clear && export TZ=UTC && echo '2025-09-23<T[6] # clear && export TZ=UTC && echo '2025-09-23 1                         6:22:33'
[H[J2025-09-23 16:22:33
Tue Sep 23 16:23:51 IBMC-SLOT[6] # /etc/scripts/p getip_novlan.sh 0
eth0      Link encap:Ethernet  HWaddr C6:7E:E0:5B:25:39  
eth0.1    Link encap:Ethernet  HWaddr C6:7E:E0:5B:25:39  
eth0.4043 Link encap:Ethernet  HWaddr C6:7E:E0:5B:25:39  
eth0.4044 Link encap:Ethernet  HWaddr C6:7E:E0:5B:25:39  
switch smi address = 0x1
internal device smi address = 0x13
internal device register address = 0x4
register value = 0x7F
Bringing up eth0
Attempting to get IP address on eth0
udhcpc: started, v1.36.0
eth0      Link encap:Ethernet  HWaddr C6:7E:E0:5B:25:39  
          inet6 addr: fe80::c47e:e0ff:fe5b:2539/64 Scope:Link
          UP BROADCAST RUNNING MULTICAST  MTU:1500  Metric:1
          RX packets:29585 errors:0 dropped:0 overruns:0 frame:0
          TX packets:28110 errors:0 dropped:0 overruns:0 carrier:0
          collisions:0 txqueuelen:1000 
          RX bytes:10168612 (9.6 MiB)  TX bytes:11036960 (10.5 MiB)
          Interrupt:50 

udhcpc: sending discover
udhcpc: sending select for 172.25.27.71
udhcpc: lease of 172.25.27.71 obtained, lease time 864000
deleting routers
RTNETLINK answers: No such process
RTNETLINK answers: No such process
Stopping CIMC-BLADE Firewall ... Done
Tue Sep 23 16:24:59 IBMC-SLOT[6] # clear && export TZ=UTC && echo '202<# clear && export TZ=UTC && echo '2025-09-23 16:59:                  34'
[H[J2025-09-23 16:59:34
Tue Sep 23 17:00:52 IBMC-SLOT[6] # clear && export TZ=UTC && echo '2025-09-< # clear && export TZ=UTC && echo '2025-09-23 16:59                       :44'
[H[J2025-09-23 16:59:44
Tue Sep 23 17:01:02 IBMC-SLOT[6] # clear && export TZ=UTC && echo '2025-09-< # clear && export TZ=UTC && echo '2025-09-23 16:59                       :56'
[H[J2025-09-23 16:59:56
Tue Sep 23 17:01:14 IBMC-SLOT[6] # sohsel  h   lshell -X
CISCO Serial Over LAN:
Press Ctrl+x to Exit the session

CISCO Serial Over LAN exited
Tue Sep 23 17:06:52 IBMC-SLOT[6] # ls
Tue Sep 23 17:06:53 IBMC-SLOT[6] # blade-power on
OP:[ on ] 
OP-CCODE:[ Success ]
Tue Sep 23 17:06:58 IBMC-SLOT[6] # 
Tue Sep 23 17:06:58 IBMC-SLOT[6] # 
Tue Sep 23 17:06:58 IBMC-SLOT[6] # 
Tue Sep 23 17:06:58 IBMC-SLOT[6] # solhshe    shell -X
CISCO Serial Over LAN:
Press Ctrl+x to Exit the session

CISCO Serial Over LAN exited
Tue Sep 23 17:12:24 IBMC-SLOT[6] # blade-power status
OP:[ status ]                  
Power-State:                 [ on ]
Master-State:                [ Master ]
VDD-Power-Good:              [ active ]
Power-On-Fail:               [ inactive ]
Power-Ctrl-Lock:             [ unlocked ]
Power-System-Status:         [ Good ]
Front-Panel Power Button:    [ Disabled ]
Front-Panel Reset Button:    [ Disabled ]
Source of Last Power Change: [ Software - "blade-power" ]
OP-CCODE:[ Success ]
Tue Sep 23 17:12:29 IBMC-SLOT[6] # blade-power statussolshell -X       
CISCO Serial Over LAN:
Press Ctrl+x to Exit the session

CISCO Serial Over LAN exited
Tue Sep 23 17:12:34 IBMC-SLOT[6] # /etc/scripts/getip_novlan.sh 0
eth0      Link encap:Ethernet  HWaddr C6:7E:E0:5B:25:39  
eth0.1    Link encap:Ethernet  HWaddr C6:7E:E0:5B:25:39  
eth0.4043 Link encap:Ethernet  HWaddr C6:7E:E0:5B:25:39  
eth0.4044 Link encap:Ethernet  HWaddr C6:7E:E0:5B:25:39  
switch smi address = 0x1
internal device smi address = 0x13
internal device register address = 0x4
register value = 0x7F
Bringing up eth0
Attempting to get IP address on eth0
udhcpc: started, v1.36.0
eth0      Link encap:Ethernet  HWaddr C6:7E:E0:5B:25:39  
          inet addr:172.25.27.71  Bcast:172.25.27.255  Mask:255.255.255.0
          inet6 addr: fe80::c47e:e0ff:fe5b:2539/64 Scope:Link
          UP BROADCAST RUNNING MULTICAST  MTU:1496  Metric:1
          RX packets:79765 errors:0 dropped:0 overruns:0 frame:0
          TX packets:75354 errors:0 dropped:0 overruns:0 carrier:0
          collisions:0 txqueuelen:1000 
          RX bytes:27147318 (25.8 MiB)  TX bytes:29679211 (28.3 MiB)
          Interrupt:50 

udhcpc: sending discover
udhcpc: sending select for 172.25.27.71
udhcpc: lease of 172.25.27.71 obtained, lease time 864000
deleting routers
RTNETLINK answers: No such process
Stopping CIMC-BLADE Firewall ... Done
Tue Sep 23 17:12:39 IBMC-SLOT[6] # /etc/scripts/getip_novlan.sh 0solshell -X                   
CISCO Serial Over LAN:
Press Ctrl+x to Exit the session
 [    0.000000] Linux version 5.15.0-134-generic (buildd@lcy02-amd64-081) (gcc (Ubuntu 11.4.0-1ubuntu1~22.04) 11.4.0, GNU ld (GNU Binutils for Ubuntu) 2.38) #145-Ubuntu SMP Wed Feb 12 20:08:39 UTC 2025 (Ubuntu 5.15.0-134.145-generic 5.15.173)
[    0.000000] Command line: BOOT_IMAGE=/boot/vmlinuz-5.15.0-134-generic root=UUID=4cbf4c87-458d-4da9-b05b-a5fd1528f559 ro copytoram console=ttyS0,115200
[    0.000000] KERNEL supported cpus:
[    0.000000]   Intel GenuineIntel
[    0.000000]   AMD AuthenticAMD
[    0.000000]   Hygon HygonGenuine
[    0.000000]   Centaur CentaurHauls
[    0.000000]   zhaoxin   Shanghai  
[    0.000000] x86/tme: not enabled by BIOS
[    0.000000] x86/split lock detection: #AC: crashing the kernel on kernel split_locks and warning on user-space split_locks
[    0.000000] BIOS-provided physical RAM map:
[    0.000000] BIOS-e820: [mem 0x0000000000000000-0x000000000009dfff] usable
[    0.000000] BIOS-e820: [mem 0x000000000009e000-0x000000000009efff] reserved
[    0.000000] BIOS-e820: [mem 0x000000000009f000-0x000000000009ffff] usable
[    0.000000] BIOS-e820: [mem 0x00000000000a0000-0x00000000000fffff] reserved
[    0.000000] BIOS-e820: [mem 0x0000000000100000-0x000000006d03afff] usable
[    0.000000] BIOS-e820: [mem 0x000000006d03b000-0x000000006f13afff] reserved
[    0.000000] BIOS-e820: [mem 0x000000006f13b000-0x000000006fa3afff] ACPI data
[    0.000000] BIOS-e820: [mem 0x000000006fa3b000-0x0000000072f9efff] ACPI NVS
[    0.000000] BIOS-e820: [mem 0x0000000072f9f000-0x00000000777fefff] reserved
[    0.000000] BIOS-e820: [mem 0x00000000777ff000-0x00000000777fffff] usable
[    0.000000] BIOS-e820: [mem 0x0000000077800000-0x000000008fffffff] reserved
[    0.000000] BIOS-e820: [mem 0x00000000fe010000-0x00000000fe010fff] reserved
[    0.000000] BIOS-e820: [mem 0x00000000ff000000-0x00000000ffffffff] reserved
[    0.000000] BIOS-e820: [mem 0x0000000100000000-0x000005007fffffff] usable
[    0.000000] NX (Execute Disable) protection: active
[    0.000000] extended physical RAM map:
[    0.000000] reserve setup_data: [mem 0x0000000000000000-0x000000000009dfff] usable
[    0.000000] reserve setup_data: [mem 0x000000000009e000-0x000000000009efff] reserved
[    0.000000] reserve setup_data: [mem 0x000000000009f000-0x000000000009ffff] usable
[    0.000000] reserve setup_data: [mem 0x00000000000a0000-0x00000000000fffff] reserved
[    0.000000] reserve setup_data: [mem 0x0000000000100000-0x0000000061d77017] usable
[    0.000000] reserve setup_data: [mem 0x0000000061d77018-0x0000000061d92857] usable
[    0.000000] reserve setup_data: [mem 0x0000000061d92858-0x0000000062fc5017] usable
[    0.000000] reserve setup_data: [mem 0x0000000062fc5018-0x0000000062fd4657] usable
[    0.000000] reserve setup_data: [mem 0x0000000062fd4658-0x0000000062fd5017] usable
[    0.000000] reserve setup_data: [mem 0x0000000062fd5018-0x0000000062fdd057] usable
[    0.000000] reserve setup_data: [mem 0x0000000062fdd058-0x000000006d03afff] usable
[    0.000000] reserve setup_data: [mem 0x000000006d03b000-0x000000006f13afff] reserved
[    0.000000] reserve setup_data: [mem 0x000000006f13b000-0x000000006fa3afff] ACPI data
[    0.000000] reserve setup_data: [mem 0x000000006fa3b000-0x0000000072f9efff] ACPI NVS
[    0.000000] reserve setup_data: [mem 0x0000000072f9f000-0x00000000777fefff] reserved
[    0.000000] reserve setup_data: [mem 0x00000000777ff000-0x00000000777fffff] usable
[    0.000000] reserve setup_data: [mem 0x0000000077800000-0x000000008fffffff] reserved
[    0.000000] reserve setup_data: [mem 0x00000000fe010000-0x00000000fe010fff] reserved
[    0.000000] reserve setup_data: [mem 0x00000000ff000000-0x00000000ffffffff] reserved
[    0.000000] reserve setup_data: [mem 0x0000000100000000-0x000005007fffffff] usable
[    0.000000] efi: EFI v2.90 by American Megatrends
[    0.000000] efi: ACPI=0x72d9b000 ACPI 2.0=0x72d9b014 TPMFinalLog=0x72d3a000 SMBIOS=0x76ec3000 SMBIOS 3.0=0x76ec2000 MEMATTR=0x62fdf018 ESRT=0x6a929c18 MOKvar=0x76ed9000 TPMEventLog=0x6f5e6018 
[    0.000000] secureboot: Secure boot disabled
[    0.000000] SMBIOS 3.6.0 present.
[    0.000000] DMI: Cisco Systems Inc UCSX-210C-M7/UCSX-210C-M7, BIOS X210M7.6.0.1a.0.0630252236 06/30/2025
[    0.000000] tsc: Detected 1900.000 MHz processor
[    0.000038] last_pfn = 0x50080000 max_arch_pfn = 0x10000000000
[    0.000424] x86/PAT: Configuration [0-7]: WB  WC  UC- UC  WB  WP  UC- WT  
[    0.005679] total RAM covered: 8386560M
[    0.005781]  gran_size: 64K 	chunk_size: 64K 	num_reg: 10  	lose cover RAM: 6144G
[    0.005785]  gran_size: 64K 	chunk_size: 128K 	num_reg: 10  	lose cover RAM: 6144G
[    0.005788]  gran_size: 64K 	chunk_size: 256K 	num_reg: 10  	lose cover RAM: 6144G
[    0.005790]  gran_size: 64K 	chunk_size: 512K 	num_reg: 10  	lose cover RAM: 6144G
[    0.005792]  gran_size: 64K 	chunk_size: 1M 	num_reg: 10  	lose cover RAM: 6144G
[    0.005794]  gran_size: 64K 	chunk_size: 2M 	num_reg: 10  	lose cover RAM: 6144G
[    0.005796]  gran_size: 64K 	chunk_size: 4M 	num_reg: 10  	lose cover RAM: 6144G
[    0.005798]  gran_size: 64K 	chunk_size: 8M 	num_reg: 10  	lose cover RAM: 6144G
[    0.005801]  gran_size: 64K 	chunk_size: 16M 	num_reg: 10  	lose cover RAM: 6144G
[    0.005803]  gran_size: 64K 	chunk_size: 32M 	num_reg: 10  	lose cover RAM: 6144G
[    0.005805]  gran_size: 64K 	chunk_size: 64M 	num_reg: 10  	lose cover RAM: 6144G
[    0.005807]  gran_size: 64K 	chunk_size: 128M 	num_reg: 10  	lose cover RAM: 6144G
[    0.005809]  gran_size: 64K 	chunk_size: 256M 	num_reg: 10  	lose cover RAM: 6144G
[    0.005811]  gran_size: 64K 	chunk_size: 512M 	num_reg: 10  	lose cover RAM: 6144G
[    0.005813]  gran_size: 64K 	chunk_size: 1G 	num_reg: 10  	lose cover RAM: 6144G
[    0.005815]  gran_size: 64K 	chunk_size: 2G 	num_reg: 10  	lose cover RAM: 6144G
[    0.005817]  gran_size: 128K 	chunk_size: 128K 	num_reg: 10  	lose cover RAM: 6144G
[    0.005820]  gran_size: 128K 	chunk_size: 256K 	num_reg: 10  	lose cover RAM: 6144G
[    0.005822]  gran_size: 128K 	chunk_size: 512K 	num_reg: 10  	lose cover RAM: 6144G
[    0.005824]  gran_size: 128K 	chunk_size: 1M 	num_reg: 10  	lose cover RAM: 6144G
[    0.005826]  gran_size: 128K 	chunk_size: 2M 	num_reg: 10  	lose cover RAM: 6144G
[    0.005828]  gran_size: 128K 	chunk_size: 4M 	num_reg: 10  	lose cover RAM: 6144G
[    0.005830]  gran_size: 128K 	chunk_size: 8M 	num_reg: 10  	lose cover RAM: 6144G
[    0.005833]  gran_size: 128K 	chunk_size: 16M 	num_reg: 10  	lose cover RAM: 6144G
[    0.005835]  gran_size: 128K 	chunk_size: 32M 	num_reg: 10  	lose cover RAM: 6144G
[    0.005837]  gran_size: 128K 	chunk_size: 64M 	num_reg: 10  	lose cover RAM: 6144G
[    0.005839]  gran_size: 128K 	chunk_size: 128M 	num_reg: 10  	lose cover RAM: 6144G
[    0.005841]  gran_size: 128K 	chunk_size: 256M 	num_reg: 10  	lose cover RAM: 6144G
[    0.005843]  gran_size: 128K 	chunk_size: 512M 	num_reg: 10  	lose cover RAM: 6144G
[    0.005845]  gran_size: 128K 	chunk_size: 1G 	num_reg: 10  	lose cover RAM: 6144G
[    0.005847]  gran_size: 128K 	chunk_size: 2G 	num_reg: 10  	lose cover RAM: 6144G
[    0.005849]  gran_size: 256K 	chunk_size: 256K 	num_reg: 10  	lose cover RAM: 6144G
[    0.005851]  gran_size: 256K 	chunk_size: 512K 	num_reg: 10  	lose cover RAM: 6144G
[    0.005853]  gran_size: 256K 	chunk_size: 1M 	num_reg: 10  	lose cover RAM: 6144G
[    0.005855]  gran_size: 256K 	chunk_size: 2M 	num_reg: 10  	lose cover RAM: 6144G
[    0.005857]  gran_size: 256K 	chunk_size: 4M 	num_reg: 10  	lose cover RAM: 6144G
[    0.005859]  gran_size: 256K 	chunk_size: 8M 	num_reg: 10  	lose cover RAM: 6144G
[    0.005861]  gran_size: 256K 	chunk_size: 16M 	num_reg: 10  	lose cover RAM: 6144G
[    0.005863]  gran_size: 256K 	chunk_size: 32M 	num_reg: 10  	lose cover RAM: 6144G
[    0.005866]  gran_size: 256K 	chunk_size: 64M 	num_reg: 10  	lose cover RAM: 6144G
[    0.005868]  gran_size: 256K 	chunk_size: 128M 	num_reg: 10  	lose cover RAM: 6144G
[    0.005870]  gran_size: 256K 	chunk_size: 256M 	num_reg: 10  	lose cover RAM: 6144G
[    0.005872]  gran_size: 256K 	chunk_size: 512M 	num_reg: 10  	lose cover RAM: 6144G
[    0.005874]  gran_size: 256K 	chunk_size: 1G 	num_reg: 10  	lose cover RAM: 6144G
[    0.005876]  gran_size: 256K 	chunk_size: 2G 	num_reg: 10  	lose cover RAM: 6144G
[    0.005878]  gran_size: 512K 	chunk_size: 512K 	num_reg: 10  	lose cover RAM: 6144G
[    0.005880]  gran_size: 512K 	chunk_size: 1M 	num_reg: 10  	lose cover RAM: 6144G
[    0.005882]  gran_size: 512K 	chunk_size: 2M 	num_reg: 10  	lose cover RAM: 6144G
[    0.005884]  gran_size: 512K 	chunk_size: 4M 	num_reg: 10  	lose cover RAM: 6144G
[    0.005886]  gran_size: 512K 	chunk_size: 8M 	num_reg: 10  	lose cover RAM: 6144G
[    0.005888]  gran_size: 512K 	chunk_size: 16M 	num_reg: 10  	lose cover RAM: 6144G
[    0.005890]  gran_size: 512K 	chunk_size: 32M 	num_reg: 10  	lose cover RAM: 6144G
[    0.005892]  gran_size: 512K 	chunk_size: 64M 	num_reg: 10  	lose cover RAM: 6144G
[    0.005894]  gran_size: 512K 	chunk_size: 128M 	num_reg: 10  	lose cover RAM: 6144G
[    0.005897]  gran_size: 512K 	chunk_size: 256M 	num_reg: 10  	lose cover RAM: 6144G
[    0.005899]  gran_size: 512K 	chunk_size: 512M 	num_reg: 10  	lose cover RAM: 6144G
[    0.005901]  gran_size: 512K 	chunk_size: 1G 	num_reg: 10  	lose cover RAM: 6144G
[    0.005903]  gran_size: 512K 	chunk_size: 2G 	num_reg: 10  	lose cover RAM: 6144G
[    0.005905]  gran_size: 1M 	chunk_size: 1M 	num_reg: 10  	lose cover RAM: 6144G
[    0.005907]  gran_size: 1M 	chunk_size: 2M 	num_reg: 10  	lose cover RAM: 6144G
[    0.005909]  gran_size: 1M 	chunk_size: 4M 	num_reg: 10  	lose cover RAM: 6144G
[    0.005911]  gran_size: 1M 	chunk_size: 8M 	num_reg: 10  	lose cover RAM: 6144G
[    0.005913]  gran_size: 1M 	chunk_size: 16M 	num_reg: 10  	lose cover RAM: 6144G
[    0.005916]  gran_size: 1M 	chunk_size: 32M 	num_reg: 10  	lose cover RAM: 6144G
[    0.005918]  gran_size: 1M 	chunk_size: 64M 	num_reg: 10  	lose cover RAM: 6144G
[    0.005920]  gran_size: 1M 	chunk_size: 128M 	num_reg: 10  	lose cover RAM: 6144G
[    0.005922]  gran_size: 1M 	chunk_size: 256M 	num_reg: 10  	lose cover RAM: 6144G
[    0.005924]  gran_size: 1M 	chunk_size: 512M 	num_reg: 10  	lose cover RAM: 6144G
[    0.005926]  gran_size: 1M 	chunk_size: 1G 	num_reg: 10  	lose cover RAM: 6144G
[    0.005928]  gran_size: 1M 	chunk_size: 2G 	num_reg: 10  	lose cover RAM: 6144G
[    0.005930]  gran_size: 2M 	chunk_size: 2M 	num_reg: 10  	lose cover RAM: 6144G
[    0.005932]  gran_size: 2M 	chunk_size: 4M 	num_reg: 10  	lose cover RAM: 6144G
[    0.005934]  gran_size: 2M 	chunk_size: 8M 	num_reg: 10  	lose cover RAM: 6144G
[    0.005936]  gran_size: 2M 	chunk_size: 16M 	num_reg: 10  	lose cover RAM: 6144G
[    0.005938]  gran_size: 2M 	chunk_size: 32M 	num_reg: 10  	lose cover RAM: 6144G
[    0.005940]  gran_size: 2M 	chunk_size: 64M 	num_reg: 10  	lose cover RAM: 6144G
[    0.005942]  gran_size: 2M 	chunk_size: 128M 	num_reg: 10  	lose cover RAM: 6144G
[    0.005944]  gran_size: 2M 	chunk_size: 256M 	num_reg: 10  	lose cover RAM: 6144G
[    0.005946]  gran_size: 2M 	chunk_size: 512M 	num_reg: 10  	lose cover RAM: 6144G
[    0.005948]  gran_size: 2M 	chunk_size: 1G 	num_reg: 10  	lose cover RAM: 6144G
[    0.005951]  gran_size: 2M 	chunk_size: 2G 	num_reg: 10  	lose cover RAM: 6144G
[    0.005953]  gran_size: 4M 	chunk_size: 4M 	num_reg: 10  	lose cover RAM: 6144G
[    0.005955]  gran_size: 4M 	chunk_size: 8M 	num_reg: 10  	lose cover RAM: 6144G
[    0.005957]  gran_size: 4M 	chunk_size: 16M 	num_reg: 10  	lose cover RAM: 6144G
[    0.005959]  gran_size: 4M 	chunk_size: 32M 	num_reg: 10  	lose cover RAM: 6144G
[    0.005961]  gran_size: 4M 	chunk_size: 64M 	num_reg: 10  	lose cover RAM: 6144G
[    0.005963]  gran_size: 4M 	chunk_size: 128M 	num_reg: 10  	lose cover RAM: 6144G
[    0.005965]  gran_size: 4M 	chunk_size: 256M 	num_reg: 10  	lose cover RAM: 6144G
[    0.005967]  gran_size: 4M 	chunk_size: 512M 	num_reg: 10  	lose cover RAM: 6144G
[    0.005969]  gran_size: 4M 	chunk_size: 1G 	num_reg: 10  	lose cover RAM: 6144G
[    0.005971]  gran_size: 4M 	chunk_size: 2G 	num_reg: 10  	lose cover RAM: 6144G
[    0.005973]  gran_size: 8M 	chunk_size: 8M 	num_reg: 10  	lose cover RAM: 6144G
[    0.005975]  gran_size: 8M 	chunk_size: 16M 	num_reg: 10  	lose cover RAM: 6144G
[    0.005977]  gran_size: 8M 	chunk_size: 32M 	num_reg: 10  	lose cover RAM: 6144G
[    0.005979]  gran_size: 8M 	chunk_size: 64M 	num_reg: 10  	lose cover RAM: 6144G
[    0.005981]  gran_size: 8M 	chunk_size: 128M 	num_reg: 10  	lose cover RAM: 6144G
[    0.005983]  gran_size: 8M 	chunk_size: 256M 	num_reg: 10  	lose cover RAM: 6144G
[    0.005985]  gran_size: 8M 	chunk_size: 512M 	num_reg: 10  	lose cover RAM: 6144G
[    0.005987]  gran_size: 8M 	chunk_size: 1G 	num_reg: 10  	lose cover RAM: 6144G
[    0.005990]  gran_size: 8M 	chunk_size: 2G 	num_reg: 10  	lose cover RAM: 6144G
[    0.005992]  gran_size: 16M 	chunk_size: 16M 	num_reg: 10  	lose cover RAM: 6144G
[    0.005994]  gran_size: 16M 	chunk_size: 32M 	num_reg: 10  	lose cover RAM: 6144G
[    0.005996]  gran_size: 16M 	chunk_size: 64M 	num_reg: 10  	lose cover RAM: 6144G
[    0.005998]  gran_size: 16M 	chunk_size: 128M 	num_reg: 10  	lose cover RAM: 6144G
[    0.006000]  gran_size: 16M 	chunk_size: 256M 	num_reg: 10  	lose cover RAM: 6144G
[    0.006002]  gran_size: 16M 	chunk_size: 512M 	num_reg: 10  	lose cover RAM: 6144G
[    0.006004]  gran_size: 16M 	chunk_size: 1G 	num_reg: 10  	lose cover RAM: 6144G
[    0.006006]  gran_size: 16M 	chunk_size: 2G 	num_reg: 10  	lose cover RAM: 6144G
[    0.006008]  gran_size: 32M 	chunk_size: 32M 	num_reg: 10  	lose cover RAM: 6144G
[    0.006010]  gran_size: 32M 	chunk_size: 64M 	num_reg: 10  	lose cover RAM: 6144G
[    0.006012]  gran_size: 32M 	chunk_size: 128M 	num_reg: 10  	lose cover RAM: 6144G
[    0.006014]  gran_size: 32M 	chunk_size: 256M 	num_reg: 10  	lose cover RAM: 6144G
[    0.006017]  gran_size: 32M 	chunk_size: 512M 	num_reg: 10  	lose cover RAM: 6144G
[    0.006019]  gran_size: 32M 	chunk_size: 1G 	num_reg: 10  	lose cover RAM: 6144G
[    0.006021]  gran_size: 32M 	chunk_size: 2G 	num_reg: 10  	lose cover RAM: 6144G
[    0.006023]  gran_size: 64M 	chunk_size: 64M 	num_reg: 10  	lose cover RAM: 6144G
[    0.006025]  gran_size: 64M 	chunk_size: 128M 	num_reg: 10  	lose cover RAM: 6144G
[    0.006027]  gran_size: 64M 	chunk_size: 256M 	num_reg: 10  	lose cover RAM: 6144G
[    0.006029]  gran_size: 64M 	chunk_size: 512M 	num_reg: 10  	lose cover RAM: 6144G
[    0.006031]  gran_size: 64M 	chunk_size: 1G 	num_reg: 10  	lose cover RAM: 6144G
[    0.006033]  gran_size: 64M 	chunk_size: 2G 	num_reg: 10  	lose cover RAM: 6144G
[    0.006035]  gran_size: 128M 	chunk_size: 128M 	num_reg: 10  	lose cover RAM: 6144G
[    0.006037]  gran_size: 128M 	chunk_size: 256M 	num_reg: 10  	lose cover RAM: 6144G
[    0.006039]  gran_size: 128M 	chunk_size: 512M 	num_reg: 10  	lose cover RAM: 6144G
[    0.006041]  gran_size: 128M 	chunk_size: 1G 	num_reg: 10  	lose cover RAM: 6144G
[    0.006043]  gran_size: 128M 	chunk_size: 2G 	num_reg: 10  	lose cover RAM: 6144G
[    0.006045]  gran_size: 256M 	chunk_size: 256M 	num_reg: 10  	lose cover RAM: 6144G
[    0.006048]  gran_size: 256M 	chunk_size: 512M 	num_reg: 10  	lose cover RAM: 6144G
[    0.006050]  gran_size: 256M 	chunk_size: 1G 	num_reg: 10  	lose cover RAM: 6144G
[    0.006052]  gran_size: 256M 	chunk_size: 2G 	num_reg: 10  	lose cover RAM: 6144G
[    0.006054]  gran_size: 512M 	chunk_size: 512M 	num_reg: 10  	lose cover RAM: 6144G
[    0.006056]  gran_size: 512M 	chunk_size: 1G 	num_reg: 10  	lose cover RAM: 6144G
[    0.006058]  gran_size: 512M 	chunk_size: 2G 	num_reg: 10  	lose cover RAM: 6144G
[    0.006060]  gran_size: 1G 	chunk_size: 1G 	num_reg: 10  	lose cover RAM: 6144G
[    0.006062]  gran_size: 1G 	chunk_size: 2G 	num_reg: 10  	lose cover RAM: 6144G
[    0.006064]  gran_size: 2G 	chunk_size: 2G 	num_reg: 10  	lose cover RAM: 6144G
[    0.006066] mtrr_cleanup: can not find optimal value
[    0.006067] please specify mtrr_gran_size/mtrr_chunk_size
[    0.006075] x2apic: enabled by BIOS, switching to x2apic ops
[    0.006077] last_pfn = 0x77800 max_arch_pfn = 0x10000000000
[    0.017498] esrt: Reserving ESRT space from 0x000000006a929c18 to 0x000000006a929c50.
[    0.017540] Using GB pages for direct mapping
[    0.018032] secureboot: Secure boot disabled
[    0.018034] RAMDISK: [mem 0x5b0b7000-0x615e2fff]
[    0.018041] ACPI: Early table checksum verification disabled
[    0.018044] ACPI: RSDP 0x0000000072D9B014 000024 (v02 Cisco0)
[    0.018050] ACPI: XSDT 0x0000000072D9A728 00011C (v01 Cisco0 CiscoUCS 01072009 AMI  01000013)
[    0.018057] ACPI: FACP 0x000000006FA38000 000114 (v06 Cisco0 CiscoUCS 01072009 INTL 20091013)
[    0.018065] ACPI: DSDT 0x000000006F96A000 0CBCBE (v02 Cisco0 CiscoUCS 01072009 INTL 20091013)
[    0.018069] ACPI: FACS 0x0000000072F9D000 000040
[    0.018074] ACPI: SPMI 0x000000006FA37000 000041 (v05 Cisco0 CiscoUCS 00000000 AMI. 00000000)
[    0.018078] ACPI: SPMI 0x000000006FA36000 000041 (v05 Cisco0 CiscoUCS 00000000 AMI. 00000000)
[    0.018082] ACPI: FIDT 0x000000006F969000 00009C (v01 Cisco0 CiscoUCS 01072009 AMI  00010013)
[    0.018087] ACPI: SSDT 0x000000006FA3A000 000058 (v02 CXLD   CXLT     00001000 INTL 20210331)
[    0.018091] ACPI: SSDT 0x000000006FA39000 00074C (v02 INTEL  RAS_ACPI 00000001 INTL 20210331)
[    0.018096] ACPI: SSDT 0x000000006F968000 00076E (v02 INTEL  ADDRXLAT 00000001 INTL 20210331)
[    0.018100] ACPI: EINJ 0x000000006F967000 000150 (v01 Cisco0 CiscoUCS 00000001 INTL 00000001)
[    0.018104] ACPI: ERST 0x000000006F966000 000230 (v01 Cisco0 CiscoUCS 00000001 INTL 00000001)
[    0.018108] ACPI: BERT 0x000000006F965000 000030 (v01 Cisco0 CiscoUCS 00000001 INTL 00000001)
[    0.018113] ACPI: MCFG 0x000000006F964000 00003C (v01 Cisco0 CiscoUCS 01072009 MSFT 00000097)
[    0.018117] ACPI: BDAT 0x000000006F963000 000030 (v01 Cisco0 CiscoUCS 00000000 INTL 20091013)
[    0.018121] ACPI: HPET 0x000000006F962000 000038 (v01 Cisco0 CiscoUCS 00000001 INTL 20091013)
[    0.018125] ACPI: MSCT 0x000000006F961000 000090 (v01 Cisco0 CiscoUCS 00000001 INTL 20091013)
[    0.018129] ACPI: WDDT 0x000000006F960000 000040 (v01 Cisco0 CiscoUCS 00000000 INTL 20091013)
[    0.018134] ACPI: APIC 0x000000006F95D000 00105E (v04 Cisco0 CiscoUCS 00000000 INTL 20091013)
[    0.018138] ACPI: SRAT 0x000000006F955000 007830 (v03 Cisco0 CiscoUCS 00000002 AMI  01000013)
[    0.018142] ACPI: SLIT 0x000000006F954000 000030 (v01 Cisco0 CiscoUCS 01072009 AMI  01000013)
[    0.018146] ACPI: HMAT 0x000000006F953000 000158 (v02 Cisco0 CiscoUCS 01072009 AMI  01000013)
[    0.018151] ACPI: OEM4 0x000000006F7CB000 187A51 (v02 INTEL  CPU  CST 00003000 INTL 20210331)
[    0.018155] ACPI: OEM1 0x000000006F6B7000 113479 (v02 INTEL  CPU EIST 00003000 INTL 20210331)
[    0.018159] ACPI: OEM2 0x000000006F670000 046031 (v02 INTEL  CPU  HWP 00003000 INTL 20210331)
[    0.018164] ACPI: SSDT 0x000000006F606000 069895 (v02 INTEL  SSDT  PM 00004000 INTL 20210331)
[    0.018168] ACPI: SSDT 0x000000006F605000 000957 (v02 Cisco0 CiscoUCS 00000000 INTL 20091013)
[    0.018172] ACPI: HEST 0x000000006F604000 00013C (v01 Cisco0 CiscoUCS 00000001 INTL 00000001)
[    0.018176] ACPI: DMAR 0x000000006F603000 000518 (v01 Cisco0 CiscoUCS 00000001 INTL 20091013)
[    0.018180] ACPI: FPDT 0x000000006F602000 000044 (v01 Cisco0 CiscoUCS 01072009 AMI  01000013)
[    0.018185] ACPI: SSDT 0x000000006F5FA000 007239 (v02 Cisco0 CdnVic00 00004000 INTL 20210331)
[    0.018189] ACPI: SSDT 0x000000006F5F2000 0078BA (v02 INTEL  SpsNm    00000002 INTL 20210331)
[    0.018194] ACPI: TPM2 0x000000006F5F1000 00004C (v04 Cisco0 CiscoUCS 00000001 AMI  00000000)
[    0.018198] ACPI: WSMT 0x000000006F95F000 000028 (v01 Cisco0 CiscoUCS 01072009 AMI  00010013)
[    0.018202] ACPI: Reserving FACP table memory at [mem 0x6fa38000-0x6fa38113]
[    0.018204] ACPI: Reserving DSDT table memory at [mem 0x6f96a000-0x6fa35cbd]
[    0.018206] ACPI: Reserving FACS table memory at [mem 0x72f9d000-0x72f9d03f]
[    0.018207] ACPI: Reserving SPMI table memory at [mem 0x6fa37000-0x6fa37040]
[    0.018209] ACPI: Reserving SPMI table memory at [mem 0x6fa36000-0x6fa36040]
[    0.018211] ACPI: Reserving FIDT table memory at [mem 0x6f969000-0x6f96909b]
[    0.018212] ACPI: Reserving SSDT table memory at [mem 0x6fa3a000-0x6fa3a057]
[    0.018214] ACPI: Reserving SSDT table memory at [mem 0x6fa39000-0x6fa3974b]
[    0.018215] ACPI: Reserving SSDT table memory at [mem 0x6f968000-0x6f96876d]
[    0.018217] ACPI: Reserving EINJ table memory at [mem 0x6f967000-0x6f96714f]
[    0.018218] ACPI: Reserving ERST table memory at [mem 0x6f966000-0x6f96622f]
[    0.018220] ACPI: Reserving BERT table memory at [mem 0x6f965000-0x6f96502f]
[    0.018221] ACPI: Reserving MCFG table memory at [mem 0x6f964000-0x6f96403b]
[    0.018222] ACPI: Reserving BDAT table memory at [mem 0x6f963000-0x6f96302f]
[    0.018224] ACPI: Reserving HPET table memory at [mem 0x6f962000-0x6f962037]
[    0.018225] ACPI: Reserving MSCT table memory at [mem 0x6f961000-0x6f96108f]
[    0.018227] ACPI: Reserving WDDT table memory at [mem 0x6f960000-0x6f96003f]
[    0.018228] ACPI: Reserving APIC table memory at [mem 0x6f95d000-0x6f95e05d]
[    0.018230] ACPI: Reserving SRAT table memory at [mem 0x6f955000-0x6f95c82f]
[    0.018231] ACPI: Reserving SLIT table memory at [mem 0x6f954000-0x6f95402f]
[    0.018233] ACPI: Reserving HMAT table memory at [mem 0x6f953000-0x6f953157]
[    0.018234] ACPI: Reserving OEM4 table memory at [mem 0x6f7cb000-0x6f952a50]
[    0.018236] ACPI: Reserving OEM1 table memory at [mem 0x6f6b7000-0x6f7ca478]
[    0.018237] ACPI: Reserving OEM2 table memory at [mem 0x6f670000-0x6f6b6030]
[    0.018239] ACPI: Reserving SSDT table memory at [mem 0x6f606000-0x6f66f894]
[    0.018240] ACPI: Reserving SSDT table memory at [mem 0x6f605000-0x6f605956]
[    0.018242] ACPI: Reserving HEST table memory at [mem 0x6f604000-0x6f60413b]
[    0.018243] ACPI: Reserving DMAR table memory at [mem 0x6f603000-0x6f603517]
[    0.018245] ACPI: Reserving FPDT table memory at [mem 0x6f602000-0x6f602043]
[    0.018247] ACPI: Reserving SSDT table memory at [mem 0x6f5fa000-0x6f601238]
[    0.018248] ACPI: Reserving SSDT table memory at [mem 0x6f5f2000-0x6f5f98b9]
[    0.018249] ACPI: Reserving TPM2 table memory at [mem 0x6f5f1000-0x6f5f104b]
[    0.018251] ACPI: Reserving WSMT table memory at [mem 0x6f95f000-0x6f95f027]
[    0.018277] Setting APIC routing to cluster x2apic.
[    0.018350] SRAT: PXM 0 -> APIC 0x0000 -> Node 0
[    0.018352] SRAT: PXM 0 -> APIC 0x0001 -> Node 0
[    0.018353] SRAT: PXM 0 -> APIC 0x0002 -> Node 0
[    0.018355] SRAT: PXM 0 -> APIC 0x0003 -> Node 0
[    0.018356] SRAT: PXM 0 -> APIC 0x0004 -> Node 0
[    0.018357] SRAT: PXM 0 -> APIC 0x0005 -> Node 0
[    0.018358] SRAT: PXM 0 -> APIC 0x0006 -> Node 0
[    0.018359] SRAT: PXM 0 -> APIC 0x0007 -> Node 0
[    0.018361] SRAT: PXM 0 -> APIC 0x0008 -> Node 0
[    0.018362] SRAT: PXM 0 -> APIC 0x0009 -> Node 0
[    0.018363] SRAT: PXM 0 -> APIC 0x000a -> Node 0
[    0.018364] SRAT: PXM 0 -> APIC 0x000b -> Node 0
[    0.018366] SRAT: PXM 0 -> APIC 0x000c -> Node 0
[    0.018367] SRAT: PXM 0 -> APIC 0x000d -> Node 0
[    0.018368] SRAT: PXM 0 -> APIC 0x000e -> Node 0
[    0.018369] SRAT: PXM 0 -> APIC 0x000f -> Node 0
[    0.018370] SRAT: PXM 0 -> APIC 0x0010 -> Node 0
[    0.018372] SRAT: PXM 0 -> APIC 0x0011 -> Node 0
[    0.018373] SRAT: PXM 0 -> APIC 0x0012 -> Node 0
[    0.018374] SRAT: PXM 0 -> APIC 0x0013 -> Node 0
[    0.018376] SRAT: PXM 0 -> APIC 0x0014 -> Node 0
[    0.018377] SRAT: PXM 0 -> APIC 0x0015 -> Node 0
[    0.018378] SRAT: PXM 0 -> APIC 0x0016 -> Node 0
[    0.018379] SRAT: PXM 0 -> APIC 0x0017 -> Node 0
[    0.018380] SRAT: PXM 0 -> APIC 0x0018 -> Node 0
[    0.018382] SRAT: PXM 0 -> APIC 0x0019 -> Node 0
[    0.018383] SRAT: PXM 0 -> APIC 0x001a -> Node 0
[    0.018384] SRAT: PXM 0 -> APIC 0x001b -> Node 0
[    0.018385] SRAT: PXM 0 -> APIC 0x001c -> Node 0
[    0.018387] SRAT: PXM 0 -> APIC 0x001d -> Node 0
[    0.018388] SRAT: PXM 0 -> APIC 0x001e -> Node 0
[    0.018389] SRAT: PXM 0 -> APIC 0x001f -> Node 0
[    0.018390] SRAT: PXM 0 -> APIC 0x0020 -> Node 0
[    0.018391] SRAT: PXM 0 -> APIC 0x0021 -> Node 0
[    0.018393] SRAT: PXM 0 -> APIC 0x0022 -> Node 0
[    0.018394] SRAT: PXM 0 -> APIC 0x0023 -> Node 0
[    0.018395] SRAT: PXM 0 -> APIC 0x0024 -> Node 0
[    0.018396] SRAT: PXM 0 -> APIC 0x0025 -> Node 0
[    0.018397] SRAT: PXM 0 -> APIC 0x0026 -> Node 0
[    0.018399] SRAT: PXM 0 -> APIC 0x0027 -> Node 0
[    0.018400] SRAT: PXM 0 -> APIC 0x0028 -> Node 0
[    0.018401] SRAT: PXM 0 -> APIC 0x0029 -> Node 0
[    0.018402] SRAT: PXM 0 -> APIC 0x002a -> Node 0
[    0.018404] SRAT: PXM 0 -> APIC 0x002b -> Node 0
[    0.018405] SRAT: PXM 0 -> APIC 0x002c -> Node 0
[    0.018406] SRAT: PXM 0 -> APIC 0x002d -> Node 0
[    0.018407] SRAT: PXM 0 -> APIC 0x002e -> Node 0
[    0.018408] SRAT: PXM 0 -> APIC 0x002f -> Node 0
[    0.018410] SRAT: PXM 0 -> APIC 0x0030 -> Node 0
[    0.018411] SRAT: PXM 0 -> APIC 0x0031 -> Node 0
[    0.018412] SRAT: PXM 0 -> APIC 0x0032 -> Node 0
[    0.018413] SRAT: PXM 0 -> APIC 0x0033 -> Node 0
[    0.018415] SRAT: PXM 0 -> APIC 0x0034 -> Node 0
[    0.018416] SRAT: PXM 0 -> APIC 0x0035 -> Node 0
[    0.018417] SRAT: PXM 0 -> APIC 0x0036 -> Node 0
[    0.018418] SRAT: PXM 0 -> APIC 0x0037 -> Node 0
[    0.018419] SRAT: PXM 0 -> APIC 0x0038 -> Node 0
[    0.018421] SRAT: PXM 0 -> APIC 0x0039 -> Node 0
[    0.018422] SRAT: PXM 0 -> APIC 0x003a -> Node 0
[    0.018423] SRAT: PXM 0 -> APIC 0x003b -> Node 0
[    0.018424] SRAT: PXM 0 -> APIC 0x003c -> Node 0
[    0.018425] SRAT: PXM 0 -> APIC 0x003d -> Node 0
[    0.018427] SRAT: PXM 0 -> APIC 0x003e -> Node 0
[    0.018428] SRAT: PXM 0 -> APIC 0x003f -> Node 0
[    0.018429] SRAT: PXM 0 -> APIC 0x0040 -> Node 0
[    0.018430] SRAT: PXM 0 -> APIC 0x0041 -> Node 0
[    0.018431] SRAT: PXM 0 -> APIC 0x0042 -> Node 0
[    0.018433] SRAT: PXM 0 -> APIC 0x0043 -> Node 0
[    0.018434] SRAT: PXM 0 -> APIC 0x0044 -> Node 0
[    0.018435] SRAT: PXM 0 -> APIC 0x0045 -> Node 0
[    0.018436] SRAT: PXM 0 -> APIC 0x0046 -> Node 0
[    0.018438] SRAT: PXM 0 -> APIC 0x0047 -> Node 0
[    0.018439] SRAT: PXM 0 -> APIC 0x0048 -> Node 0
[    0.018440] SRAT: PXM 0 -> APIC 0x0049 -> Node 0
[    0.018441] SRAT: PXM 0 -> APIC 0x004a -> Node 0
[    0.018442] SRAT: PXM 0 -> APIC 0x004b -> Node 0
[    0.018444] SRAT: PXM 0 -> APIC 0x004c -> Node 0
[    0.018445] SRAT: PXM 0 -> APIC 0x004d -> Node 0
[    0.018446] SRAT: PXM 0 -> APIC 0x004e -> Node 0
[    0.018447] SRAT: PXM 0 -> APIC 0x004f -> Node 0
[    0.018448] SRAT: PXM 0 -> APIC 0x0050 -> Node 0
[    0.018450] SRAT: PXM 0 -> APIC 0x0051 -> Node 0
[    0.018451] SRAT: PXM 0 -> APIC 0x0052 -> Node 0
[    0.018452] SRAT: PXM 0 -> APIC 0x0053 -> Node 0
[    0.018453] SRAT: PXM 0 -> APIC 0x0054 -> Node 0
[    0.018455] SRAT: PXM 0 -> APIC 0x0055 -> Node 0
[    0.018456] SRAT: PXM 0 -> APIC 0x0056 -> Node 0
[    0.018457] SRAT: PXM 0 -> APIC 0x0057 -> Node 0
[    0.018458] SRAT: PXM 0 -> APIC 0x0058 -> Node 0
[    0.018459] SRAT: PXM 0 -> APIC 0x0059 -> Node 0
[    0.018461] SRAT: PXM 0 -> APIC 0x005a -> Node 0
[    0.018462] SRAT: PXM 0 -> APIC 0x005b -> Node 0
[    0.018463] SRAT: PXM 0 -> APIC 0x005c -> Node 0
[    0.018464] SRAT: PXM 0 -> APIC 0x005d -> Node 0
[    0.018465] SRAT: PXM 0 -> APIC 0x005e -> Node 0
[    0.018467] SRAT: PXM 0 -> APIC 0x005f -> Node 0
[    0.018468] SRAT: PXM 0 -> APIC 0x0060 -> Node 0
[    0.018469] SRAT: PXM 0 -> APIC 0x0061 -> Node 0
[    0.018470] SRAT: PXM 0 -> APIC 0x0062 -> Node 0
[    0.018471] SRAT: PXM 0 -> APIC 0x0063 -> Node 0
[    0.018473] SRAT: PXM 0 -> APIC 0x0064 -> Node 0
[    0.018474] SRAT: PXM 0 -> APIC 0x0065 -> Node 0
[    0.018475] SRAT: PXM 0 -> APIC 0x0066 -> Node 0
[    0.018476] SRAT: PXM 0 -> APIC 0x0067 -> Node 0
[    0.018478] SRAT: PXM 0 -> APIC 0x0068 -> Node 0
[    0.018479] SRAT: PXM 0 -> APIC 0x0069 -> Node 0
[    0.018480] SRAT: PXM 0 -> APIC 0x006a -> Node 0
[    0.018481] SRAT: PXM 0 -> APIC 0x006b -> Node 0
[    0.018482] SRAT: PXM 0 -> APIC 0x006c -> Node 0
[    0.018484] SRAT: PXM 0 -> APIC 0x006d -> Node 0
[    0.018485] SRAT: PXM 0 -> APIC 0x006e -> Node 0
[    0.018486] SRAT: PXM 0 -> APIC 0x006f -> Node 0
[    0.018487] SRAT: PXM 0 -> APIC 0x0070 -> Node 0
[    0.018489] SRAT: PXM 0 -> APIC 0x0071 -> Node 0
[    0.018490] SRAT: PXM 0 -> APIC 0x0072 -> Node 0
[    0.018491] SRAT: PXM 0 -> APIC 0x0073 -> Node 0
[    0.018492] SRAT: PXM 0 -> APIC 0x0074 -> Node 0
[    0.018493] SRAT: PXM 0 -> APIC 0x0075 -> Node 0
[    0.018495] SRAT: PXM 0 -> APIC 0x0076 -> Node 0
[    0.018496] SRAT: PXM 0 -> APIC 0x0077 -> Node 0
[    0.018497] SRAT: PXM 0 -> APIC 0x0078 -> Node 0
[    0.018498] SRAT: PXM 0 -> APIC 0x0079 -> Node 0
[    0.018499] SRAT: PXM 0 -> APIC 0x007a -> Node 0
[    0.018501] SRAT: PXM 0 -> APIC 0x007b -> Node 0
[    0.018502] SRAT: PXM 0 -> APIC 0x007c -> Node 0
[    0.018503] SRAT: PXM 0 -> APIC 0x007d -> Node 0
[    0.018504] SRAT: PXM 0 -> APIC 0x007e -> Node 0
[    0.018505] SRAT: PXM 0 -> APIC 0x007f -> Node 0
[    0.018507] SRAT: PXM 1 -> APIC 0x0080 -> Node 1
[    0.018508] SRAT: PXM 1 -> APIC 0x0081 -> Node 1
[    0.018509] SRAT: PXM 1 -> APIC 0x0082 -> Node 1
[    0.018510] SRAT: PXM 1 -> APIC 0x0083 -> Node 1
[    0.018512] SRAT: PXM 1 -> APIC 0x0084 -> Node 1
[    0.018513] SRAT: PXM 1 -> APIC 0x0085 -> Node 1
[    0.018514] SRAT: PXM 1 -> APIC 0x0086 -> Node 1
[    0.018515] SRAT: PXM 1 -> APIC 0x0087 -> Node 1
[    0.018517] SRAT: PXM 1 -> APIC 0x0088 -> Node 1
[    0.018518] SRAT: PXM 1 -> APIC 0x0089 -> Node 1
[    0.018519] SRAT: PXM 1 -> APIC 0x008a -> Node 1
[    0.018520] SRAT: PXM 1 -> APIC 0x008b -> Node 1
[    0.018521] SRAT: PXM 1 -> APIC 0x008c -> Node 1
[    0.018523] SRAT: PXM 1 -> APIC 0x008d -> Node 1
[    0.018524] SRAT: PXM 1 -> APIC 0x008e -> Node 1
[    0.018525] SRAT: PXM 1 -> APIC 0x008f -> Node 1
[    0.018526] SRAT: PXM 1 -> APIC 0x0090 -> Node 1
[    0.018528] SRAT: PXM 1 -> APIC 0x0091 -> Node 1
[    0.018529] SRAT: PXM 1 -> APIC 0x0092 -> Node 1
[    0.018530] SRAT: PXM 1 -> APIC 0x0093 -> Node 1
[    0.018531] SRAT: PXM 1 -> APIC 0x0094 -> Node 1
[    0.018532] SRAT: PXM 1 -> APIC 0x0095 -> Node 1
[    0.018534] SRAT: PXM 1 -> APIC 0x0096 -> Node 1
[    0.018535] SRAT: PXM 1 -> APIC 0x0097 -> Node 1
[    0.018536] SRAT: PXM 1 -> APIC 0x0098 -> Node 1
[    0.018537] SRAT: PXM 1 -> APIC 0x0099 -> Node 1
[    0.018538] SRAT: PXM 1 -> APIC 0x009a -> Node 1
[    0.018540] SRAT: PXM 1 -> APIC 0x009b -> Node 1
[    0.018541] SRAT: PXM 1 -> APIC 0x009c -> Node 1
[    0.018542] SRAT: PXM 1 -> APIC 0x009d -> Node 1
[    0.018543] SRAT: PXM 1 -> APIC 0x009e -> Node 1
[    0.018545] SRAT: PXM 1 -> APIC 0x009f -> Node 1
[    0.018546] SRAT: PXM 1 -> APIC 0x00a0 -> Node 1
[    0.018547] SRAT: PXM 1 -> APIC 0x00a1 -> Node 1
[    0.018548] SRAT: PXM 1 -> APIC 0x00a2 -> Node 1
[    0.018549] SRAT: PXM 1 -> APIC 0x00a3 -> Node 1
[    0.018551] SRAT: PXM 1 -> APIC 0x00a4 -> Node 1
[    0.018552] SRAT: PXM 1 -> APIC 0x00a5 -> Node 1
[    0.018553] SRAT: PXM 1 -> APIC 0x00a6 -> Node 1
[    0.018554] SRAT: PXM 1 -> APIC 0x00a7 -> Node 1
[    0.018555] SRAT: PXM 1 -> APIC 0x00a8 -> Node 1
[    0.018557] SRAT: PXM 1 -> APIC 0x00a9 -> Node 1
[    0.018558] SRAT: PXM 1 -> APIC 0x00aa -> Node 1
[    0.018559] SRAT: PXM 1 -> APIC 0x00ab -> Node 1
[    0.018560] SRAT: PXM 1 -> APIC 0x00ac -> Node 1
[    0.018561] SRAT: PXM 1 -> APIC 0x00ad -> Node 1
[    0.018563] SRAT: PXM 1 -> APIC 0x00ae -> Node 1
[    0.018564] SRAT: PXM 1 -> APIC 0x00af -> Node 1
[    0.018565] SRAT: PXM 1 -> APIC 0x00b0 -> Node 1
[    0.018566] SRAT: PXM 1 -> APIC 0x00b1 -> Node 1
[    0.018568] SRAT: PXM 1 -> APIC 0x00b2 -> Node 1
[    0.018569] SRAT: PXM 1 -> APIC 0x00b3 -> Node 1
[    0.018570] SRAT: PXM 1 -> APIC 0x00b4 -> Node 1
[    0.018571] SRAT: PXM 1 -> APIC 0x00b5 -> Node 1
[    0.018572] SRAT: PXM 1 -> APIC 0x00b6 -> Node 1
[    0.018574] SRAT: PXM 1 -> APIC 0x00b7 -> Node 1
[    0.018575] SRAT: PXM 1 -> APIC 0x00b8 -> Node 1
[    0.018576] SRAT: PXM 1 -> APIC 0x00b9 -> Node 1
[    0.018577] SRAT: PXM 1 -> APIC 0x00ba -> Node 1
[    0.018578] SRAT: PXM 1 -> APIC 0x00bb -> Node 1
[    0.018580] SRAT: PXM 1 -> APIC 0x00bc -> Node 1
[    0.018581] SRAT: PXM 1 -> APIC 0x00bd -> Node 1
[    0.018582] SRAT: PXM 1 -> APIC 0x00be -> Node 1
[    0.018583] SRAT: PXM 1 -> APIC 0x00bf -> Node 1
[    0.018585] SRAT: PXM 1 -> APIC 0x00c0 -> Node 1
[    0.018586] SRAT: PXM 1 -> APIC 0x00c1 -> Node 1
[    0.018587] SRAT: PXM 1 -> APIC 0x00c2 -> Node 1
[    0.018588] SRAT: PXM 1 -> APIC 0x00c3 -> Node 1
[    0.018589] SRAT: PXM 1 -> APIC 0x00c4 -> Node 1
[    0.018591] SRAT: PXM 1 -> APIC 0x00c5 -> Node 1
[    0.018592] SRAT: PXM 1 -> APIC 0x00c6 -> Node 1
[    0.018593] SRAT: PXM 1 -> APIC 0x00c7 -> Node 1
[    0.018594] SRAT: PXM 1 -> APIC 0x00c8 -> Node 1
[    0.018595] SRAT: PXM 1 -> APIC 0x00c9 -> Node 1
[    0.018597] SRAT: PXM 1 -> APIC 0x00ca -> Node 1
[    0.018598] SRAT: PXM 1 -> APIC 0x00cb -> Node 1
[    0.018599] SRAT: PXM 1 -> APIC 0x00cc -> Node 1
[    0.018600] SRAT: PXM 1 -> APIC 0x00cd -> Node 1
[    0.018602] SRAT: PXM 1 -> APIC 0x00ce -> Node 1
[    0.018603] SRAT: PXM 1 -> APIC 0x00cf -> Node 1
[    0.018604] SRAT: PXM 1 -> APIC 0x00d0 -> Node 1
[    0.018605] SRAT: PXM 1 -> APIC 0x00d1 -> Node 1
[    0.018606] SRAT: PXM 1 -> APIC 0x00d2 -> Node 1
[    0.018608] SRAT: PXM 1 -> APIC 0x00d3 -> Node 1
[    0.018609] SRAT: PXM 1 -> APIC 0x00d4 -> Node 1
[    0.018610] SRAT: PXM 1 -> APIC 0x00d5 -> Node 1
[    0.018611] SRAT: PXM 1 -> APIC 0x00d6 -> Node 1
[    0.018612] SRAT: PXM 1 -> APIC 0x00d7 -> Node 1
[    0.018614] SRAT: PXM 1 -> APIC 0x00d8 -> Node 1
[    0.018615] SRAT: PXM 1 -> APIC 0x00d9 -> Node 1
[    0.018616] SRAT: PXM 1 -> APIC 0x00da -> Node 1
[    0.018617] SRAT: PXM 1 -> APIC 0x00db -> Node 1
[    0.018619] SRAT: PXM 1 -> APIC 0x00dc -> Node 1
[    0.018620] SRAT: PXM 1 -> APIC 0x00dd -> Node 1
[    0.018621] SRAT: PXM 1 -> APIC 0x00de -> Node 1
[    0.018622] SRAT: PXM 1 -> APIC 0x00df -> Node 1
[    0.018623] SRAT: PXM 1 -> APIC 0x00e0 -> Node 1
[    0.018625] SRAT: PXM 1 -> APIC 0x00e1 -> Node 1
[    0.018626] SRAT: PXM 1 -> APIC 0x00e2 -> Node 1
[    0.018627] SRAT: PXM 1 -> APIC 0x00e3 -> Node 1
[    0.018628] SRAT: PXM 1 -> APIC 0x00e4 -> Node 1
[    0.018629] SRAT: PXM 1 -> APIC 0x00e5 -> Node 1
[    0.018631] SRAT: PXM 1 -> APIC 0x00e6 -> Node 1
[    0.018632] SRAT: PXM 1 -> APIC 0x00e7 -> Node 1
[    0.018633] SRAT: PXM 1 -> APIC 0x00e8 -> Node 1
[    0.018634] SRAT: PXM 1 -> APIC 0x00e9 -> Node 1
[    0.018635] SRAT: PXM 1 -> APIC 0x00ea -> Node 1
[    0.018637] SRAT: PXM 1 -> APIC 0x00eb -> Node 1
[    0.018638] SRAT: PXM 1 -> APIC 0x00ec -> Node 1
[    0.018639] SRAT: PXM 1 -> APIC 0x00ed -> Node 1
[    0.018640] SRAT: PXM 1 -> APIC 0x00ee -> Node 1
[    0.018642] SRAT: PXM 1 -> APIC 0x00ef -> Node 1
[    0.018643] SRAT: PXM 1 -> APIC 0x00f0 -> Node 1
[    0.018644] SRAT: PXM 1 -> APIC 0x00f1 -> Node 1
[    0.018645] SRAT: PXM 1 -> APIC 0x00f2 -> Node 1
[    0.018646] SRAT: PXM 1 -> APIC 0x00f3 -> Node 1
[    0.018648] SRAT: PXM 1 -> APIC 0x00f4 -> Node 1
[    0.018649] SRAT: PXM 1 -> APIC 0x00f5 -> Node 1
[    0.018650] SRAT: PXM 1 -> APIC 0x00f6 -> Node 1
[    0.018651] SRAT: PXM 1 -> APIC 0x00f7 -> Node 1
[    0.018652] SRAT: PXM 1 -> APIC 0x00f8 -> Node 1
[    0.018654] SRAT: PXM 1 -> APIC 0x00f9 -> Node 1
[    0.018655] SRAT: PXM 1 -> APIC 0x00fa -> Node 1
[    0.018656] SRAT: PXM 1 -> APIC 0x00fb -> Node 1
[    0.018657] SRAT: PXM 1 -> APIC 0x00fc -> Node 1
[    0.018659] SRAT: PXM 1 -> APIC 0x00fd -> Node 1
[    0.018660] SRAT: PXM 1 -> APIC 0x00fe -> Node 1
[    0.018661] SRAT: PXM 1 -> APIC 0x00ff -> Node 1
[    0.018678] ACPI: SRAT: Node 0 PXM 0 [mem 0x00000000-0x7fffffff]
[    0.018681] ACPI: SRAT: Node 0 PXM 0 [mem 0x100000000-0x2007fffffff]
[    0.018683] ACPI: SRAT: Node 1 PXM 1 [mem 0x20080000000-0x5007fffffff]
[    0.018705] NUMA: Node 0 [mem 0x00000000-0x7fffffff] + [mem 0x100000000-0x2007fffffff] -> [mem 0x00000000-0x2007fffffff]
[    0.018720] NODE_DATA(0) allocated [mem 0x2007ffd6000-0x2007fffffff]
[    0.018739] NODE_DATA(1) allocated [mem 0x5007ffcc000-0x5007fff5fff]
[    0.027067] Zone ranges:
[    0.027069]   DMA      [mem 0x0000000000001000-0x0000000000ffffff]
[    0.027072]   DMA32    [mem 0x0000000001000000-0x00000000ffffffff]
[    0.027075]   Normal   [mem 0x0000000100000000-0x000005007fffffff]
[    0.027077]   Device   empty
[    0.027079] Movable zone start for each node
[    0.027083] Early memory node ranges
[    0.027084]   node   0: [mem 0x0000000000001000-0x000000000009dfff]
[    0.027086]   node   0: [mem 0x000000000009f000-0x000000000009ffff]
[    0.027088]   node   0: [mem 0x0000000000100000-0x000000006d03afff]
[    0.027090]   node   0: [mem 0x00000000777ff000-0x00000000777fffff]
[    0.027091]   node   0: [mem 0x0000000100000000-0x000002007fffffff]
[    0.027353]   node   1: [mem 0x0000020080000000-0x000005007fffffff]
[    0.027728] Initmem setup node 0 [mem 0x0000000000001000-0x000002007fffffff]
[    0.027734] Initmem setup node 1 [mem 0x0000020080000000-0x000005007fffffff]
[    0.027740] On node 0, zone DMA: 1 pages in unavailable ranges
[    0.027742] On node 0, zone DMA: 1 pages in unavailable ranges
[    0.027786] On node 0, zone DMA: 96 pages in unavailable ranges
[    0.032779] On node 0, zone DMA32: 42948 pages in unavailable ranges
[    5.157317] On node 0, zone Normal: 2048 pages in unavailable ranges
[   14.591850] ACPI: PM-Timer IO Port: 0x508
[   14.591911] ACPI: X2APIC_NMI (uid[0xffffffff] high edge lint[0x1])
[   14.591917] ACPI: LAPIC_NMI (acpi_id[0xff] high edge lint[0x1])
[   14.591951] IOAPIC[0]: apic_id 8, version 32, address 0xfec00000, GSI 0-23
[   14.591957] ACPI: INT_SRC_OVR (bus 0 bus_irq 0 global_irq 2 dfl dfl)
[   14.591960] ACPI: INT_SRC_OVR (bus 0 bus_irq 9 global_irq 9 high level)
[   14.591968] ACPI: Using ACPI (MADT) for SMP configuration information
[   14.591969] ACPI: HPET id: 0x8086a701 base: 0xfed00000
[   14.591975] TSC deadline timer available
[   14.591977] smpboot: Allowing 256 CPUs, 0 hotplug CPUs
[   14.592008] PM: hibernation: Registered nosave memory: [mem 0x00000000-0x00000fff]
[   14.592011] PM: hibernation: Registered nosave memory: [mem 0x0009e000-0x0009efff]
[   14.592014] PM: hibernation: Registered nosave memory: [mem 0x000a0000-0x000fffff]
[   14.592016] PM: hibernation: Registered nosave memory: [mem 0x61d77000-0x61d77fff]
[   14.592019] PM: hibernation: Registered nosave memory: [mem 0x61d92000-0x61d92fff]
[   14.592021] PM: hibernation: Registered nosave memory: [mem 0x62fc5000-0x62fc5fff]
[   14.592024] PM: hibernation: Registered nosave memory: [mem 0x62fd4000-0x62fd4fff]
[   14.592025] PM: hibernation: Registered nosave memory: [mem 0x62fd5000-0x62fd5fff]
[   14.592027] PM: hibernation: Registered nosave memory: [mem 0x62fdd000-0x62fddfff]
[   14.592030] PM: hibernation: Registered nosave memory: [mem 0x6a929000-0x6a929fff]
[   14.592032] PM: hibernation: Registered nosave memory: [mem 0x6d03b000-0x6f13afff]
[   14.592034] PM: hibernation: Registered nosave memory: [mem 0x6f13b000-0x6fa3afff]
[   14.592035] PM: hibernation: Registered nosave memory: [mem 0x6fa3b000-0x72f9efff]
[   14.592037] PM: hibernation: Registered nosave memory: [mem 0x72f9f000-0x777fefff]
[   14.592039] PM: hibernation: Registered nosave memory: [mem 0x77800000-0x8fffffff]
[   14.592040] PM: hibernation: Registered nosave memory: [mem 0x90000000-0xfe00ffff]
[   14.592042] PM: hibernation: Registered nosave memory: [mem 0xfe010000-0xfe010fff]
[   14.592043] PM: hibernation: Registered nosave memory: [mem 0xfe011000-0xfeffffff]
[   14.592044] PM: hibernation: Registered nosave memory: [mem 0xff000000-0xffffffff]
[   14.592046] [mem 0x90000000-0xfe00ffff] available for PCI devices
[   14.592049] Booting paravirtualized kernel on bare hardware
[   14.592052] clocksource: refined-jiffies: mask: 0xffffffff max_cycles: 0xffffffff, max_idle_ns: 7645519600211568 ns
[   14.592061] setup_percpu: NR_CPUS:8192 nr_cpumask_bits:256 nr_cpu_ids:256 nr_node_ids:2
[   14.604545] percpu: Embedded 62 pages/cpu s217088 r8192 d28672 u262144
[   14.604856] Built 2 zonelists, mobility grouping on.  Total pages: 1321128955
[   14.604859] Policy zone: Normal
[   14.604861] Kernel command line: BOOT_IMAGE=/boot/vmlinuz-5.15.0-134-generic root=UUID=4cbf4c87-458d-4da9-b05b-a5fd1528f559 ro copytoram console=ttyS0,115200
[   14.604938] Unknown kernel command line parameters "copytoram BOOT_IMAGE=/boot/vmlinuz-5.15.0-134-generic", will be passed to user space.
[   14.604941] printk: log_buf_len individual max cpu contribution: 4096 bytes
[   14.604943] printk: log_buf_len total cpu_extra contributions: 1044480 bytes
[   14.604944] printk: log_buf_len min size: 262144 bytes
[   14.606924] printk: log_buf_len: 2097152 bytes
[   14.606926] printk: early log buf free: 221312(84%)
[   14.616439] mem auto-init: stack:off, heap alloc:on, heap free:off
[   26.227430] Memory: 5284025044K/5368397672K available (16392K kernel code, 4397K rwdata, 10972K rodata, 3372K init, 18696K bss, 84372424K reserved, 0K cma-reserved)
[   26.230919] SLUB: HWalign=64, Order=0-3, MinObjects=0, CPUs=256, Nodes=2
[   26.231028] ftrace: allocating 50805 entries in 199 pages
[   26.264885] ftrace: allocated 199 pages with 5 groups
[   26.266083] rcu: Hierarchical RCU implementation.
[   26.266085] rcu: 	RCU restricting CPUs from NR_CPUS=8192 to nr_cpu_ids=256.
[   26.266087] 	Rude variant of Tasks RCU enabled.
[   26.266088] 	Tracing variant of Tasks RCU enabled.
[   26.266089] rcu: RCU calculated value of scheduler-enlistment delay is 26 jiffies.
[   26.266091] rcu: Adjusting geometry for rcu_fanout_leaf=16, nr_cpu_ids=256
[   26.271811] NR_IRQS: 524544, nr_irqs: 2472, preallocated irqs: 16
[   26.272555] random: crng init done
[   26.273059] Console: colour dummy device 80x25
[   30.441711] printk: console [ttyS0] enabled
[   30.446813] mempolicy: Enabling automatic NUMA balancing. Configure with numa_balancing= or the kernel.numa_balancing sysctl
[   30.459422] ACPI: Core revision 20210730
[   30.466521] clocksource: hpet: mask: 0xffffffff max_cycles: 0xffffffff, max_idle_ns: 76450417870 ns
[   30.476735] APIC: Switch to symmetric I/O mode setup
[   30.482324] DMAR: Host address width 46
[   30.486656] DMAR: DRHD base: 0x000000d97fc000 flags: 0x0
[   30.492637] DMAR: dmar0: reg_base_addr d97fc000 ver 6:0 cap 9ed008c40780466 ecap 3ef9e86f050df
[   30.502332] DMAR: DRHD base: 0x000000e17fc000 flags: 0x0
[   30.508311] DMAR: dmar1: reg_base_addr e17fc000 ver 6:0 cap 9ed008c40780466 ecap 3ef9e86f050df
[   30.518005] DMAR: DRHD base: 0x000000e97fc000 flags: 0x0
[   30.523982] DMAR: dmar2: reg_base_addr e97fc000 ver 6:0 cap 9ed008c40780466 ecap 3ef9e86f050df
[   30.533678] DMAR: DRHD base: 0x000000f17fc000 flags: 0x0
[   30.539654] DMAR: dmar3: reg_base_addr f17fc000 ver 6:0 cap 9ed008c40780466 ecap 3ef9e86f050df
[   30.549351] DMAR: DRHD base: 0x000000f97fc000 flags: 0x0
[   30.555329] DMAR: dmar4: reg_base_addr f97fc000 ver 6:0 cap 9ed008c40780466 ecap 3ef9e86f050df
[   30.565027] DMAR: DRHD base: 0x000000d13fc000 flags: 0x0
[   30.571007] DMAR: dmar5: reg_base_addr d13fc000 ver 6:0 cap 9ed008c40780466 ecap 3ef9e86f050df
[   30.580717] DMAR: DRHD base: 0x000000f9ffc000 flags: 0x0
[   30.586695] DMAR: dmar6: reg_base_addr f9ffc000 ver 6:0 cap 9ed008c40780466 ecap 3ef9ea6f050df
[   30.596392] DMAR: DRHD base: 0x000000fa7fc000 flags: 0x0
[   30.602377] DMAR: dmar7: reg_base_addr fa7fc000 ver 6:0 cap 9ed008c40780466 ecap 3ef9ea6f050df
[   30.612075] DMAR: DRHD base: 0x000000faffc000 flags: 0x0
[   30.618052] DMAR: dmar8: reg_base_addr faffc000 ver 6:0 cap 9ed008c40780466 ecap 3ef9ea6f050df
[   30.627747] DMAR: DRHD base: 0x000000fb7fc000 flags: 0x0
[   30.633724] DMAR: dmar9: reg_base_addr fb7fc000 ver 6:0 cap 9ed008c40780466 ecap 3ef9ea6f050df
[   30.643419] DMAR: DRHD base: 0x0000009f7fc000 flags: 0x0
[   30.649398] DMAR: dmar10: reg_base_addr 9f7fc000 ver 6:0 cap 9ed008c40780466 ecap 3ef9e86f050df
[   30.659171] DMAR: DRHD base: 0x000000a93fc000 flags: 0x0
[   30.665149] DMAR: dmar11: reg_base_addr a93fc000 ver 6:0 cap 9ed008c40780466 ecap 3ef9e86f050df
[   30.674920] DMAR: DRHD base: 0x000000b2ffc000 flags: 0x0
[   30.680898] DMAR: dmar12: reg_base_addr b2ffc000 ver 6:0 cap 9ed008c40780466 ecap 3ef9e86f050df
[   30.690680] DMAR: DRHD base: 0x000000bcbfc000 flags: 0x0
[   30.696657] DMAR: dmar13: reg_base_addr bcbfc000 ver 6:0 cap 9ed008c40780466 ecap 3ef9e86f050df
[   30.706451] DMAR: DRHD base: 0x000000c67fc000 flags: 0x0
[   30.712428] DMAR: dmar14: reg_base_addr c67fc000 ver 6:0 cap 9ed008c40780466 ecap 3ef9e86f050df
[   30.722221] DMAR: DRHD base: 0x000000c6ffc000 flags: 0x0
[   30.728198] DMAR: dmar15: reg_base_addr c6ffc000 ver 6:0 cap 9ed008c40780466 ecap 3ef9ea6f050df
[   30.737978] DMAR: DRHD base: 0x000000c77fc000 flags: 0x0
[   30.743955] DMAR: dmar16: reg_base_addr c77fc000 ver 6:0 cap 9ed008c40780466 ecap 3ef9ea6f050df
[   30.753748] DMAR: DRHD base: 0x000000c7ffc000 flags: 0x0
[   30.759726] DMAR: dmar17: reg_base_addr c7ffc000 ver 6:0 cap 9ed008c40780466 ecap 3ef9ea6f050df
[   30.769518] DMAR: DRHD base: 0x000000c87fc000 flags: 0x0
[   30.775497] DMAR: dmar18: reg_base_addr c87fc000 ver 6:0 cap 9ed008c40780466 ecap 3ef9ea6f050df
[   30.785291] DMAR: DRHD base: 0x000000957fc000 flags: 0x1
[   30.791270] DMAR: dmar19: reg_base_addr 957fc000 ver 6:0 cap 9ed008c40780466 ecap 3ef9e86f050df
[   30.801062] DMAR: RMRR base: 0x00000076f31000 end: 0x00000076f53fff
[   30.808110] DMAR: RMRR base: 0x000000749c1000 end: 0x00000074c0afff
[   30.815158] DMAR: ATSR flags: 0x0
[   30.818893] DMAR: RHSA base: 0x000000957fc000 proximity domain: 0x0
[   30.825942] DMAR: RHSA base: 0x0000009f7fc000 proximity domain: 0x0
[   30.832990] DMAR: RHSA base: 0x000000a93fc000 proximity domain: 0x0
[   30.840040] DMAR: RHSA base: 0x000000b2ffc000 proximity domain: 0x0
[   30.847087] DMAR: RHSA base: 0x000000bcbfc000 proximity domain: 0x0
[   30.854134] DMAR: RHSA base: 0x000000c67fc000 proximity domain: 0x0
[   30.861182] DMAR: RHSA base: 0x000000c6ffc000 proximity domain: 0x0
[   30.868230] DMAR: RHSA base: 0x000000c77fc000 proximity domain: 0x0
[   30.875277] DMAR: RHSA base: 0x000000c7ffc000 proximity domain: 0x0
[   30.882326] DMAR: RHSA base: 0x000000c87fc000 proximity domain: 0x0
[   30.889373] DMAR: RHSA base: 0x000000d97fc000 proximity domain: 0x1
[   30.896421] DMAR: RHSA base: 0x000000e17fc000 proximity domain: 0x1
[   30.903470] DMAR: RHSA base: 0x000000e97fc000 proximity domain: 0x1
[   30.910519] DMAR: RHSA base: 0x000000f17fc000 proximity domain: 0x1
[   30.917566] DMAR: RHSA base: 0x000000f97fc000 proximity domain: 0x1
[   30.924616] DMAR: RHSA base: 0x000000d13fc000 proximity domain: 0x1
[   30.931666] DMAR: RHSA base: 0x000000f9ffc000 proximity domain: 0x1
[   30.938713] DMAR: RHSA base: 0x000000fa7fc000 proximity domain: 0x1
[   30.945760] DMAR: RHSA base: 0x000000faffc000 proximity domain: 0x1
[   30.952808] DMAR: RHSA base: 0x000000fb7fc000 proximity domain: 0x1
[   30.959856] DMAR: SATC flags: 0x0
[   30.963593] DMAR-IR: IOAPIC id 8 under DRHD base  0x957fc000 IOMMU 19
[   30.970852] DMAR-IR: HPET id 0 under DRHD base 0x957fc000
[   30.976925] DMAR-IR: Queued invalidation will be enabled to support x2apic and Intr-remapping.
[   30.992396] DMAR-IR: Enabled IRQ remapping in x2apic mode
[   30.999815] ..TIMER: vector=0x30 apic1=0 pin1=2 apic2=-1 pin2=-1
[   31.024725] clocksource: tsc-early: mask: 0xffffffffffffffff max_cycles: 0x36c657b5833, max_idle_ns: 881590513399 ns
[   31.036557] Calibrating delay loop (skipped), value calculated using timer frequency.. 3800.00 BogoMIPS (lpj=7600000)
[   31.040627] x86/cpu: SGX disabled by BIOS.
[   31.044562] CPU0: Thermal monitoring enabled (TM1)
[   31.048557] x86/cpu: User Mode Instruction Prevention (UMIP) activated
[   31.052946] process: using mwait in idle threads
[   31.056558] Last level iTLB entries: 4KB 0, 2MB 0, 4MB 0
[   31.060556] Last level dTLB entries: 4KB 0, 2MB 0, 4MB 0, 1GB 0
[   31.064561] Spectre V1 : Mitigation: usercopy/swapgs barriers and __user pointer sanitization
[   31.068558] Spectre V2 : Mitigation: Enhanced / Automatic IBRS
[   31.072556] Spectre V2 : Spectre v2 / SpectreRSB mitigation: Filling RSB on context switch
[   31.076556] Spectre V2 : Spectre v2 / PBRSB-eIBRS: Retire a single CALL on VMEXIT
[   31.080557] Spectre V2 : mitigation: Enabling conditional Indirect Branch Prediction Barrier
[   31.084557] Speculative Store Bypass: Mitigation: Speculative Store Bypass disabled via prctl and seccomp
[   31.088612] x86/fpu: Supporting XSAVE feature 0x001: 'x87 floating point registers'
[   31.092556] x86/fpu: Supporting XSAVE feature 0x002: 'SSE registers'
[   31.096556] x86/fpu: Supporting XSAVE feature 0x004: 'AVX registers'
[   31.100556] x86/fpu: Supporting XSAVE feature 0x020: 'AVX-512 opmask'
[   31.104556] x86/fpu: Supporting XSAVE feature 0x040: 'AVX-512 Hi256'
[   31.108556] x86/fpu: Supporting XSAVE feature 0x080: 'AVX-512 ZMM_Hi256'
[   31.112556] x86/fpu: Supporting XSAVE feature 0x200: 'Protection Keys User registers'
[   31.116556] x86/fpu: Supporting XSAVE feature 0x400: 'PASID state'
[   31.120556] x86/fpu: Supporting XSAVE feature 0x20000: 'AMX Tile config'
[   31.124556] x86/fpu: Supporting XSAVE feature 0x40000: 'AMX Tile data'
[   31.128566] x86/fpu: xstate_offset[2]:  576, xstate_sizes[2]:  256
[   31.132556] x86/fpu: xstate_offset[5]:  832, xstate_sizes[5]:   64
[   31.136556] x86/fpu: xstate_offset[6]:  896, xstate_sizes[6]:  512
[   31.140556] x86/fpu: xstate_offset[7]: 1408, xstate_sizes[7]: 1024
[   31.144556] x86/fpu: xstate_offset[9]: 2432, xstate_sizes[9]:    8
[   31.148556] x86/fpu: xstate_offset[10]: 2440, xstate_sizes[10]:    8
[   31.152556] x86/fpu: xstate_offset[17]: 2496, xstate_sizes[17]:   64
[   31.156556] x86/fpu: xstate_offset[18]: 2560, xstate_sizes[18]: 8192
[   31.160556] x86/fpu: Enabled xstate features 0x606e7, context size is 10752 bytes, using 'compacted' format.
[   31.191540] Freeing SMP alternatives memory: 44K
[   31.192557] pid_max: default: 262144 minimum: 2048
[   31.204624] LSM: Security Framework initializing
[   31.208589] landlock: Up and running.
[   31.212556] Yama: becoming mindful.
[   31.216622] AppArmor: AppArmor initialized
[   31.313711] Dentry cache hash table entries: 67108864 (order: 17, 536870912 bytes, vmalloc)
[   31.364598] Inode-cache hash table entries: 33554432 (order: 16, 268435456 bytes, vmalloc)
[   31.370075] Mount-cache hash table entries: 1048576 (order: 11, 8388608 bytes, vmalloc)
[   31.377836] Mountpoint-cache hash table entries: 1048576 (order: 11, 8388608 bytes, vmalloc)
[   31.385393] smpboot: Estimated ratio of average max frequency by base frequency (times 1024): 1670
[   31.388588] smpboot: CPU0: Intel INTEL(R) XEON(R) PLATINUM 8592+ (family: 0x6, model: 0xcf, stepping: 0x2)
[   31.392825] Performance Events: XSAVE Architectural LBR, PEBS fmt4+-baseline,  AnyThread deprecated, Sapphire Rapids events, 32-deep LBR, full-width counters, Intel PMU driver.
[   31.396557] ... version:                5
[   31.400556] ... bit width:              48
[   31.404556] ... generic registers:      8
[   31.408556] ... value mask:             0000ffffffffffff
[   31.412556] ... max period:             00007fffffffffff
[   31.416556] ... fixed-purpose events:   4
[   31.420556] ... event mask:             0001000f000000ff
[   31.424729] signal: max sigframe size: 11952
[   31.428576] rcu: Hierarchical SRCU implementation.
[   31.451572] NMI watchdog: Enabled. Permanently consumes one hw-PMU counter.
[   31.455373] smp: Bringing up secondary CPUs ...
[   31.456682] x86: Booting SMP configuration:
[   31.460558] .... node  #0, CPUs:          #1   #2   #3   #4   #5   #6   #7   #8   #9  #10  #11  #12  #13  #14  #15  #16  #17  #18  #19  #20  #21  #22  #23  #24  #25  #26  #27  #28  #29  #30  #31  #32  #33  #34  #35  #36  #37  #38  #39  #40  #41  #42  #43  #44  #45  #46  #47  #48  #49  #50  #51  #52  #53  #54  #55  #56  #57  #58  #59  #60  #61  #62  #63
[   35.560558] .... node  #1, CPUs:    #64
[   34.112575] smpboot: CPU 64 Converting physical 0 to logical die 1
[   35.672712]   #65  #66  #67  #68  #69  #70  #71  #72  #73  #74  #75  #76  #77  #78  #79  #80  #81  #82  #83  #84  #85  #86  #87  #88  #89  #90  #91  #92  #93  #94  #95  #96  #97  #98  #99 #100 #101 #102 #103 #104 #105 #106 #107 #108 #109 #110 #111 #112 #113 #114 #115 #116 #117 #118 #119 #120 #121 #122 #123 #124 #125 #126 #127
[   39.796558] .... node  #0, CPUs:   #128 #129 #130 #131 #132 #133 #134 #135 #136 #137 #138 #139 #140 #141 #142 #143 #144 #145 #146 #147 #148 #149 #150 #151 #152 #153 #154 #155 #156 #157 #158 #159 #160 #161 #162 #163 #164 #165 #166 #167 #168 #169 #170 #171 #172 #173 #174 #175 #176 #177 #178 #179 #180 #181 #182 #183 #184 #185 #186 #187 #188 #189 #190 #191
[   43.940559] .... node  #1, CPUs:   #192 #193 #194 #195 #196 #197 #198 #199 #200 #201 #202 #203 #204 #205 #206 #207 #208 #209 #210 #211 #212 #213 #214 #215 #216 #217 #218 #219 #220 #221 #222 #223 #224 #225 #226 #227 #228 #229 #230 #231 #232 #233 #234 #235 #236 #237 #238 #239 #240 #241 #242 #243 #244 #245 #246 #247 #248 #249 #250 #251 #252 #253 #254 #255
[   48.137617] smp: Brought up 2 nodes, 256 CPUs
[   48.144557] smpboot: Max logical packages: 2
[   48.148562] smpboot: Total of 256 processors activated (971366.40 BogoMIPS)
[   48.451694] devtmpfs: initialized
[   48.452759] x86/mm: Memory block size: 2048MB
[   48.474190] ACPI: PM: Registering ACPI NVS region [mem 0x6fa3b000-0x72f9efff] (55984128 bytes)
[   48.477365] clocksource: jiffies: mask: 0xffffffff max_cycles: 0xffffffff, max_idle_ns: 7645041785100000 ns
[   48.481277] futex hash table entries: 65536 (order: 10, 4194304 bytes, vmalloc)
[   48.485427] pinctrl core: initialized pinctrl subsystem
[   48.488776] PM: RTC time: 17:15:02, date: 2025-09-23
[   48.493055] NET: Registered PF_NETLINK/PF_ROUTE protocol family
[   48.497176] DMA: preallocated 4096 KiB GFP_KERNEL pool for atomic allocations
[   48.501026] DMA: preallocated 4096 KiB GFP_KERNEL|GFP_DMA pool for atomic allocations
[   48.505023] DMA: preallocated 4096 KiB GFP_KERNEL|GFP_DMA32 pool for atomic allocations
[   48.508566] audit: initializing netlink subsys (disabled)
[   48.512591] audit: type=2000 audit(1758647695.792:1): state=initialized audit_enabled=0 res=1
[   48.512906] thermal_sys: Registered thermal governor 'fair_share'
[   48.516557] thermal_sys: Registered thermal governor 'bang_bang'
[   48.520556] thermal_sys: Registered thermal governor 'step_wise'
[   48.524556] thermal_sys: Registered thermal governor 'user_space'
[   48.528556] thermal_sys: Registered thermal governor 'power_allocator'
[   48.532561] EISA bus registered
[   48.540115] cpuidle: using governor ladder
[   48.540580] cpuidle: using governor menu
[   48.544732] ACPI FADT declares the system doesn't support PCIe ASPM, so disable it
[   48.548558] ACPI: bus type PCI registered
[   48.552558] acpiphp: ACPI Hot Plug PCI Controller Driver version: 0.5
[   48.556862] PCI: MMCONFIG for domain 0000 [bus 00-ff] at [mem 0x80000000-0x8fffffff] (base 0x80000000)
[   48.560560] PCI: MMCONFIG at [mem 0x80000000-0x8fffffff] reserved in E820
[   48.564572] pmd_set_huge: Cannot satisfy [mem 0x80000000-0x80200000] with a huge-page mapping due to MTRR override.
[   48.568916] PCI: Using configuration type 1 for base access
[   48.581276] ENERGY_PERF_BIAS: Set to 'normal', was 'performance'
[   48.589864] kprobes: kprobe jump-optimization is enabled. All kprobes are optimized if possible.
[   48.592665] HugeTLB registered 1.00 GiB page size, pre-allocated 0 pages
[   48.596558] HugeTLB registered 2.00 MiB page size, pre-allocated 0 pages
[   48.601286] ACPI: Added _OSI(Module Device)
[   48.604555] ACPI: Added _OSI(Processor Device)
[   48.612558] ACPI: Added _OSI(3.0 _SCP Extensions)
[   48.616556] ACPI: Added _OSI(Processor Aggregator Device)
[   48.624557] ACPI: Added _OSI(Linux-Dell-Video)
[   48.628556] ACPI: Added _OSI(Linux-Lenovo-NV-HDMI-Audio)
[   48.632556] ACPI: Added _OSI(Linux-HPI-Hybrid-Graphics)
[   48.950022] ACPI: 8 ACPI AML tables successfully acquired and loaded
[   48.978740] ACPI: \_SB_.SCK0.C000: _OSC native thermal LVT Acked
[   48.986096] ACPI: Dynamic OEM Table Load:
[   49.240455] ACPI: Dynamic OEM Table Load:
[   49.285124] ACPI: Dynamic OEM Table Load:
[   49.859305] ACPI: Interpreter enabled
[   49.860602] ACPI: PM: (supports S0 S5)
[   49.864556] ACPI: Using IOAPIC for interrupt routing
[   49.872657] HEST: Table parsing has been initialized.
[   49.876693] GHES: APEI firmware first mode is enabled by APEI bit and WHEA _OSC.
[   49.884559] PCI: Using host bridge windows from ACPI; if necessary, use "pci=nocrs" and report a bug
[   49.896556] PCI: Using E820 reservations for host bridge windows
[   49.951927] ACPI: Enabled 2 GPEs in block 00 to 7F
[   50.214422] ACPI: PCI Root Bridge [PC00] (domain 0000 [bus 00-14])
[   50.220563] acpi PNP0A08:00: _OSC: OS supports [ExtendedConfig ASPM ClockPM Segments MSI EDR HPX-Type3]
[   50.267776] acpi PNP0A08:00: _OSC: platform does not support [SHPCHotplug AER LTR DPC]
[   50.276832] acpi PNP0A08:00: _OSC: OS now controls [PCIeHotplug PME PCIeCapability]
[   50.284557] acpi PNP0A08:00: FADT indicates ASPM is unsupported, using BIOS configuration
[   50.293442] PCI host bridge to bus 0000:00
[   50.296558] pci_bus 0000:00: root bus resource [bus 00-14]
[   50.304556] pci_bus 0000:00: root bus resource [io  0x0000-0x0cf7 window]
[   50.312556] pci_bus 0000:00: root bus resource [io  0x1000-0x3fff window]
[   50.320556] pci_bus 0000:00: root bus resource [mem 0x000a0000-0x000bffff window]
[   50.328556] pci_bus 0000:00: root bus resource [mem 0x000c8000-0x000cffff window]
[   50.336556] pci_bus 0000:00: root bus resource [mem 0x90040000-0x957fffff window]
[   50.344557] pci_bus 0000:00: root bus resource [mem 0xfe010000-0xfe010fff window]
[   50.352556] pci_bus 0000:00: root bus resource [mem 0x200000000000-0x203fffffffff window]
[   50.360664] pci 0000:00:00.0: [8086:09a2] type 00 class 0x088000
[   50.368841] pci 0000:00:00.1: [8086:09a4] type 00 class 0x088000
[   50.376819] pci 0000:00:00.2: [8086:09a3] type 00 class 0x088000
[   50.384911] pci 0000:00:00.4: [8086:0b23] type 00 class 0x080700
[   50.388940] pci 0000:00:0f.0: [8086:1bbf] type 01 class 0x060400
[   50.396576] pci 0000:00:0f.0: reg 0x10: [mem 0x203ffff00000-0x203ffff1ffff 64bit]
[   50.404582] pci 0000:00:0f.0: enabling Extended Tags
[   50.412642] pci 0000:00:0f.0: PME# supported from D0 D3hot D3cold
[   50.416595] pci 0000:00:0f.0: PTM enabled (root), 2ns granularity
[   50.425469] pci 0000:00:14.0: [8086:1bcd] type 00 class 0x0c0330
[   50.432580] pci 0000:00:14.0: reg 0x10: [mem 0x203ffff20000-0x203ffff2ffff 64bit]
[   50.440643] pci 0000:00:14.0: PME# supported from D3hot D3cold
[   50.448906] pci 0000:00:14.2: [8086:1bce] type 00 class 0x050000
[   50.456578] pci 0000:00:14.2: reg 0x10: [mem 0x203ffff30000-0x203ffff33fff 64bit]
[   50.464570] pci 0000:00:14.2: reg 0x18: [mem 0x203ffff37000-0x203ffff37fff 64bit]
[   50.472874] pci 0000:00:14.4: [8086:1bfe] type 00 class 0x060000
[   50.481023] pci 0000:00:16.0: [8086:1be0] type 00 class 0x078000
[   50.484583] pci 0000:00:16.0: reg 0x10: [mem 0x203ffff36000-0x203ffff36fff 64bit]
[   50.496657] pci 0000:00:16.0: PME# supported from D3hot
[   50.500840] pci 0000:00:16.1: [8086:1be1] type 00 class 0x078000
[   50.508583] pci 0000:00:16.1: reg 0x10: [mem 0x203ffff35000-0x203ffff35fff 64bit]
[   50.516658] pci 0000:00:16.1: PME# supported from D3hot
[   50.520841] pci 0000:00:16.4: [8086:1be4] type 00 class 0x078000
[   50.528581] pci 0000:00:16.4: reg 0x10: [mem 0x203ffff34000-0x203ffff34fff 64bit]
[   50.536643] pci 0000:00:16.4: PME# supported from D3hot
[   50.544849] pci 0000:00:1f.0: [8086:1b81] type 00 class 0x060100
[   50.548986] pci 0000:00:1f.5: [8086:1bca] type 00 class 0x0c8000
[   50.556577] pci 0000:00:1f.5: reg 0x10: [mem 0xfe010000-0xfe010fff]
[   50.564567] pci 0000:00:1f.5: reg 0x14: [mem 0x92000000-0x93ffffff]
[   50.572763] pci 0000:01:00.0: [1a03:1150] type 01 class 0x060400
[   50.580623] pci 0000:01:00.0: enabling Extended Tags
[   50.584653] pci 0000:01:00.0: supports D1 D2
[   50.588557] pci 0000:01:00.0: PME# supported from D0 D1 D2 D3hot D3cold
[   50.596708] pci 0000:00:0f.0: PCI bridge to [bus 01-02]
[   50.604559] pci 0000:00:0f.0:   bridge window [io  0x3000-0x3fff]
[   50.608558] pci 0000:00:0f.0:   bridge window [mem 0x94000000-0x950fffff]
[   50.616604] pci_bus 0000:02: extended config space not accessible
[   50.624592] pci 0000:02:00.0: [1a03:2000] type 00 class 0x030000
[   50.632578] pci 0000:02:00.0: reg 0x10: [mem 0x94000000-0x94ffffff]
[   50.636567] pci 0000:02:00.0: reg 0x14: [mem 0x95000000-0x9503ffff]
[   50.644567] pci 0000:02:00.0: reg 0x18: [io  0x3000-0x307f]
[   50.652624] pci 0000:02:00.0: BAR 0: assigned to efifb
[   50.656597] pci 0000:02:00.0: supports D1 D2
[   50.660556] pci 0000:02:00.0: PME# supported from D0 D1 D2 D3hot D3cold
[   50.668665] pci 0000:01:00.0: PCI bridge to [bus 02]
[   50.676562] pci 0000:01:00.0:   bridge window [io  0x3000-0x3fff]
[   50.680559] pci 0000:01:00.0:   bridge window [mem 0x94000000-0x950fffff]
[   50.689543] ACPI: PCI Root Bridge [PC01] (domain 0000 [bus 15-25])
[   50.696558] acpi PNP0A08:01: _OSC: OS supports [ExtendedConfig ASPM ClockPM Segments MSI EDR HPX-Type3]
[   50.723289] acpi PNP0A08:01: _OSC: platform does not support [SHPCHotplug AER DPC]
[   50.733098] acpi PNP0A08:01: _OSC: OS now controls [PCIeHotplug PME PCIeCapability LTR]
[   50.740556] acpi PNP0A08:01: FADT indicates ASPM is unsupported, using BIOS configuration
[   50.748716] PCI host bridge to bus 0000:15
[   50.752557] pci_bus 0000:15: root bus resource [bus 15-25]
[   50.760556] pci_bus 0000:15: root bus resource [io  0x4000-0x5fff window]
[   50.768556] pci_bus 0000:15: root bus resource [mem 0x95800000-0x9f7fffff window]
[   50.776557] pci_bus 0000:15: root bus resource [mem 0x204000000000-0x207fffffffff window]
[   50.784577] pci 0000:15:00.0: [8086:09a2] type 00 class 0x088000
[   50.792659] pci 0000:15:00.1: [8086:09a4] type 00 class 0x088000
[   50.800653] pci 0000:15:00.2: [8086:09a3] type 00 class 0x088000
[   50.804665] pci 0000:15:00.4: [8086:0b23] type 00 class 0x080700
[   50.812710] pci 0000:15:01.0: [8086:352a] type 01 class 0x060400
[   50.820569] pci 0000:15:01.0: reg 0x10: [mem 0x207ffff00000-0x207ffff1ffff 64bit]
[   50.828619] pci 0000:15:01.0: PME# supported from D0 D3hot D3cold
[   50.836583] pci 0000:15:01.0: PTM enabled (root), 2ns granularity
[   50.841111] pci 0000:16:00.0: [1137:025f] type 01 class 0x060400
[   50.848642] pci 0000:16:00.0: supports D1 D2
[   50.852654] pci 0000:15:01.0: PCI bridge to [bus 16-1a]
[   50.860559] pci 0000:15:01.0:   bridge window [mem 0x9f500000-0x9f6fffff]
[   50.868643] pci 0000:17:00.0: [1137:0041] type 01 class 0x060400
[   50.876665] pci 0000:17:00.0: reg 0x10: [mem 0x9f600000-0x9f63ffff 64bit]
[   50.884736] pci 0000:17:00.0: PME# supported from D0 D3hot D3cold
[   50.888667] pci 0000:16:00.0: PCI bridge to [bus 17-1a]
[   50.896561] pci 0000:16:00.0:   bridge window [mem 0x9f500000-0x9f6fffff]
[   50.904636] pci 0000:18:00.0: [1137:0040] type 01 class 0x060400
[   50.908817] pci 0000:18:00.0: PME# supported from D0 D3hot D3cold
[   50.916699] pci 0000:17:00.0: PCI bridge to [bus 18-1a]
[   50.924559] pci 0000:17:00.0:   bridge window [mem 0x9f500000-0x9f5fffff]
[   50.932693] pci 0000:19:00.0: [1137:0041] type 01 class 0x060400
[   50.936812] pci 0000:19:00.0: PME# supported from D0 D3hot D3cold
[   50.944658] pci 0000:18:00.0: PCI bridge to [bus 19-1a]
[   50.952559] pci 0000:18:00.0:   bridge window [mem 0x9f500000-0x9f5fffff]
[   50.956695] pci 0000:1a:00.0: [1137:0043] type 00 class 0x020000
[   50.964698] pci 0000:1a:00.0: reg 0x10: [mem 0x9f500000-0x9f50ffff 64bit]
[   50.972656] pci 0000:1a:00.0: reg 0x18: [mem 0x9f510000-0x9f511fff 64bit]
[   50.981176] pci 0000:19:00.0: PCI bridge to [bus 1a]
[   50.988560] pci 0000:19:00.0:   bridge window [mem 0x9f500000-0x9f5fffff]
[   50.996938] ACPI: PCI Root Bridge [PC02] (domain 0000 [bus 26-36])
[   51.000558] acpi PNP0A08:02: _OSC: OS supports [ExtendedConfig ASPM ClockPM Segments MSI EDR HPX-Type3]
[   51.027118] acpi PNP0A08:02: _OSC: platform does not support [SHPCHotplug AER DPC]
[   51.037096] acpi PNP0A08:02: _OSC: OS now controls [PCIeHotplug PME PCIeCapability LTR]
[   51.044556] acpi PNP0A08:02: FADT indicates ASPM is unsupported, using BIOS configuration
[   51.052705] PCI host bridge to bus 0000:26
[   51.060557] pci_bus 0000:26: root bus resource [bus 26-36]
[   51.064556] pci_bus 0000:26: root bus resource [io  0x6000-0x6fff window]
[   51.072556] pci_bus 0000:26: root bus resource [mem 0x9f800000-0xa93fffff window]
[   51.080557] pci_bus 0000:26: root bus resource [mem 0x208000000000-0x20bfffffffff window]
[   51.088577] pci 0000:26:00.0: [8086:09a2] type 00 class 0x088000
[   51.096657] pci 0000:26:00.1: [8086:09a4] type 00 class 0x088000
[   51.104655] pci 0000:26:00.2: [8086:09a3] type 00 class 0x088000
[   51.112664] pci 0000:26:00.4: [8086:0b23] type 00 class 0x080700
[   51.116849] ACPI: PCI Root Bridge [PC03] (domain 0000 [bus 37-47])
[   51.124557] acpi PNP0A08:03: _OSC: OS supports [ExtendedConfig ASPM ClockPM Segments MSI EDR HPX-Type3]
[   51.151389] acpi PNP0A08:03: _OSC: platform does not support [SHPCHotplug AER DPC]
[   51.161095] acpi PNP0A08:03: _OSC: OS now controls [PCIeHotplug PME PCIeCapability LTR]
[   51.168556] acpi PNP0A08:03: FADT indicates ASPM is unsupported, using BIOS configuration
[   51.176696] PCI host bridge to bus 0000:37
[   51.180557] pci_bus 0000:37: root bus resource [bus 37-47]
[   51.188556] pci_bus 0000:37: root bus resource [io  0x7000-0x7fff window]
[   51.196556] pci_bus 0000:37: root bus resource [mem 0xa9400000-0xb2ffffff window]
[   51.204557] pci_bus 0000:37: root bus resource [mem 0x20c000000000-0x20ffffffffff window]
[   51.212576] pci 0000:37:00.0: [8086:09a2] type 00 class 0x088000
[   51.220655] pci 0000:37:00.1: [8086:09a4] type 00 class 0x088000
[   51.228658] pci 0000:37:00.2: [8086:09a3] type 00 class 0x088000
[   51.232662] pci 0000:37:00.4: [8086:0b23] type 00 class 0x080700
[   51.240850] ACPI: PCI Root Bridge [PC04] (domain 0000 [bus 48-58])
[   51.248557] acpi PNP0A08:04: _OSC: OS supports [ExtendedConfig ASPM ClockPM Segments MSI EDR HPX-Type3]
[   51.275283] acpi PNP0A08:04: _OSC: platform does not support [SHPCHotplug AER DPC]
[   51.281100] acpi PNP0A08:04: _OSC: OS now controls [PCIeHotplug PME PCIeCapability LTR]
[   51.292556] acpi PNP0A08:04: FADT indicates ASPM is unsupported, using BIOS configuration
[   51.300697] PCI host bridge to bus 0000:48
[   51.304556] pci_bus 0000:48: root bus resource [bus 48-58]
[   51.312556] pci_bus 0000:48: root bus resource [io  0x8000-0x8fff window]
[   51.320556] pci_bus 0000:48: root bus resource [mem 0xb3000000-0xbcbfffff window]
[   51.328557] pci_bus 0000:48: root bus resource [mem 0x210000000000-0x213fffffffff window]
[   51.336576] pci 0000:48:00.0: [8086:09a2] type 00 class 0x088000
[   51.344655] pci 0000:48:00.1: [8086:09a4] type 00 class 0x088000
[   51.348655] pci 0000:48:00.2: [8086:09a3] type 00 class 0x088000
[   51.356664] pci 0000:48:00.4: [8086:0b23] type 00 class 0x080700
[   51.364712] pci 0000:48:01.0: [8086:352a] type 01 class 0x060400
[   51.372569] pci 0000:48:01.0: reg 0x10: [mem 0x213ffff40000-0x213ffff5ffff 64bit]
[   51.380572] pci 0000:48:01.0: enabling Extended Tags
[   51.384606] pci 0000:48:01.0: PME# supported from D0 D3hot D3cold
[   51.392583] pci 0000:48:01.0: PTM enabled (root), 2ns granularity
[   51.400905] pci 0000:48:05.0: [8086:352c] type 01 class 0x060400
[   51.404569] pci 0000:48:05.0: reg 0x10: [mem 0x213ffff20000-0x213ffff3ffff 64bit]
[   51.412620] pci 0000:48:05.0: PME# supported from D0 D3hot D3cold
[   51.420582] pci 0000:48:05.0: PTM enabled (root), 2ns granularity
[   51.428883] pci 0000:48:07.0: [8086:352d] type 01 class 0x060400
[   51.436569] pci 0000:48:07.0: reg 0x10: [mem 0x213ffff00000-0x213ffff1ffff 64bit]
[   51.444619] pci 0000:48:07.0: PME# supported from D0 D3hot D3cold
[   51.448582] pci 0000:48:07.0: PTM enabled (root), 2ns granularity
[   51.457065] pci 0000:49:00.0: [1b4b:9230] type 00 class 0x010601
[   51.464569] pci 0000:49:00.0: reg 0x10: [io  0x8050-0x8057]
[   51.472562] pci 0000:49:00.0: reg 0x14: [io  0x8040-0x8043]
[   51.476562] pci 0000:49:00.0: reg 0x18: [io  0x8030-0x8037]
[   51.484562] pci 0000:49:00.0: reg 0x1c: [io  0x8020-0x8023]
[   51.488562] pci 0000:49:00.0: reg 0x20: [io  0x8000-0x801f]
[   51.496563] pci 0000:49:00.0: reg 0x24: [mem 0xbca40000-0xbca407ff]
[   51.504563] pci 0000:49:00.0: reg 0x30: [mem 0xbca00000-0xbca3ffff pref]
[   51.512572] pci 0000:49:00.0: Enabling fixed DMA alias to 00.1
[   51.516587] pci 0000:49:00.0: PME# supported from D3hot
[   51.524624] pci 0000:48:01.0: PCI bridge to [bus 49]
[   51.528558] pci 0000:48:01.0:   bridge window [io  0x8000-0x8fff]
[   51.536557] pci 0000:48:01.0:   bridge window [mem 0xbca00000-0xbcafffff]
[   51.544751] pci 0000:4a:00.0: [1344:51b7] type 00 class 0x010802
[   51.548571] pci 0000:4a:00.0: reg 0x10: [mem 0xbc900000-0xbc90ffff 64bit]
[   51.556638] pci 0000:4a:00.0: PME# supported from D0 D1 D3hot
[   51.564634] pci 0000:48:05.0: PCI bridge to [bus 4a]
[   51.568559] pci 0000:48:05.0:   bridge window [mem 0xbc900000-0xbc9fffff]
[   51.576753] pci 0000:4b:00.0: [1344:51b7] type 00 class 0x010802
[   51.584571] pci 0000:4b:00.0: reg 0x10: [mem 0xbc800000-0xbc80ffff 64bit]
[   51.592636] pci 0000:4b:00.0: PME# supported from D0 D1 D3hot
[   51.600628] pci 0000:48:07.0: PCI bridge to [bus 4b]
[   51.604559] pci 0000:48:07.0:   bridge window [mem 0xbc800000-0xbc8fffff]
[   51.612739] ACPI: PCI Root Bridge [PC05] (domain 0000 [bus 59-69])
[   51.620558] acpi PNP0A08:05: _OSC: OS supports [ExtendedConfig ASPM ClockPM Segments MSI EDR HPX-Type3]
[   51.643315] acpi PNP0A08:05: _OSC: platform does not support [SHPCHotplug AER DPC]
[   51.653100] acpi PNP0A08:05: _OSC: OS now controls [PCIeHotplug PME PCIeCapability LTR]
[   51.660556] acpi PNP0A08:05: FADT indicates ASPM is unsupported, using BIOS configuration
[   51.672700] PCI host bridge to bus 0000:59
[   51.676557] pci_bus 0000:59: root bus resource [bus 59-69]
[   51.684556] pci_bus 0000:59: root bus resource [io  0x9000-0x9fff window]
[   51.688556] pci_bus 0000:59: root bus resource [mem 0xbcc00000-0xc67fffff window]
[   51.700557] pci_bus 0000:59: root bus resource [mem 0x214000000000-0x217fffffffff window]
[   51.708577] pci 0000:59:00.0: [8086:09a2] type 00 class 0x088000
[   51.712660] pci 0000:59:00.1: [8086:09a4] type 00 class 0x088000
[   51.720653] pci 0000:59:00.2: [8086:09a3] type 00 class 0x088000
[   51.728666] pci 0000:59:00.4: [8086:0b23] type 00 class 0x080700
